******************************************************************************
                  TI ARM Linker PC v5.2.9                      
******************************************************************************
>> Linked Fri Dec 27 23:46:17 2024

OUTPUT FILE NAME:   <2024_2050971_final.out>
ENTRY POINT SYMBOL: "_c_int00"  address: 20010e9d


MEMORY CONFIGURATION

         name            origin    length      used     unused   attr    fill
----------------------  --------  ---------  --------  --------  ----  --------
  SRAM_CODE             20004000   00012fff  0000f2e6  00003d19  RW X
  SRAM_DATA             20017000   00019000  0000765b  000119a5  RW X


SEGMENT ALLOCATION MAP

run origin  load origin   length   init length attrs members
----------  ----------- ---------- ----------- ----- -------
20004000    20004000    0000f2e8   0000f2e8    r-x
  20004000    20004000    00000400   00000400    r-- .intvecs
  20004400    20004400    0000d8d6   0000d8d6    r-x .text
  20011cd8    20011cd8    000014d0   000014d0    r-- .const
  200131a8    200131a8    00000140   00000140    r-- .cinit
20017000    20017000    0000665c   00000000    rw-
  20017000    20017000    000043b7   00000000    rw- .bss
  2001b3b8    2001b3b8    00002000   00000000    rw- .sysmem
  2001d3b8    2001d3b8    000002a4   00000000    rw- .data
2002f000    2002f000    00001000   00000000    rw-
  2002f000    2002f000    00001000   00000000    rw- .stack


SECTION ALLOCATION MAP

 output                                  attributes/
section   page    origin      length       input sections
--------  ----  ----------  ----------   ----------------
.intvecs   0    20004000    00000400     
                  20004000    00000400     startup_ccs.obj (.intvecs)

.init_array 
*          0    20004000    00000000     UNINITIALIZED

.text      0    20004400    0000d8d6     
                  20004400    00001904     main.obj (.text)
                  20005d04    0000125c     free_rtos.a : tasks.obj (.text)
                  20006f60    000010e0     rtsv7M4_T_le_eabi.lib : _printfi.obj (.text)
                  20008040    000010a4     LCD_TFT_ILI9341.obj (.text)
                  200090e4    00000b24     free_rtos.a : queue.obj (.text)
                  20009c08    000006e8     LCD_display.obj (.text)
                  2000a2f0    00000590     simplelink.a : driver.obj (.text:_SlDrvMsgRead)
                  2000a880    000004c0     SHT2X.obj (.text)
                  2000ad40    0000045c     free_rtos.a : osi_freertos.obj (.text)
                  2000b19c    000003dc     rtsv7M4_T_le_eabi.lib : memory.obj (.text)
                  2000b578    000003b8     Font_lib.obj (.text)
                  2000b930    00000394     gpio_if.obj (.text)
                  2000bcc4    00000290     i2c_if.obj (.text)
                  2000bf54    00000290     uart_if.obj (.text)
                  2000c1e4    000001fc     simplelink.a : driver.obj (.text:_SlDrvRxHdrRead)
                  2000c3e0    000001f4     rtsv7M4_T_le_eabi.lib : ull_div_t2.obj (.text)
                  2000c5d4    000001ec     bma222drv.obj (.text)
                  2000c7c0    000001d0     simplelink.a : driver.obj (.text:_SlDrvReleasePoolObj)
                  2000c990    000001c0     timer_if.obj (.text)
                  2000cb50    000001b6     rtsv7M4_T_le_eabi.lib : fd_add_t2.obj (.text)
                  2000cd06    00000002     driverlib.a : interrupt.obj (.text:IntDefaultHandler)
                  2000cd08    0000019c     simplelink.a : driver.obj (.text:_SlDrvMsgWrite)
                  2000cea4    00000198                  : netapp.obj (.text:sl_NetAppPingStart)
                  2000d03c    00000190                  : driver.obj (.text:_SlDrvDriverCBInit)
                  2000d1cc    00000190                  : driver.obj (.text:_SlDrvWaitForPoolObj)
                  2000d35c    00000178     driverlib.a : prcm.obj (.text:PRCMCC3200MCUInit)
                  2000d4d4    00000170     simplelink.a : driver.obj (.text:_SlFindAndSetActiveObj)
                  2000d644    00000154     pinmux.obj (.text)
                  2000d798    00000150     simplelink.a : cc_pal.obj (.text:spi_Open)
                  2000d8e8    00000136     rtsv7M4_T_le_eabi.lib : fd_div_t2.obj (.text)
                  2000da1e    00000002     --HOLE-- [fill = 0]
                  2000da20    0000012c     simplelink.a : netapp.obj (.text:sl_NetAppDnsGetHostByName)
                  2000db4c    0000012a     free_rtos.a : list.obj (.text)
                  2000dc76    00000002     --HOLE-- [fill = 0]
                  2000dc78    00000120     simplelink.a : driver.obj (.text:_SlDrvMsgReadCmdCtx)
                  2000dd98    00000118                  : driver.obj (.text:_SlDrvDriverCBDeinit)
                  2000deb0    00000110     free_rtos.a : port.obj (.text)
                  2000dfc0    00000110     rtsv7M4_T_le_eabi.lib : xdscale.obj (.text)
                  2000e0d0    00000104     simplelink.a : netapp.obj (.text:_SlDrvNetAppEventHandler)
                  2000e1d4    000000fc     rtsv7M4_T_le_eabi.lib : fd_mul_t2.obj (.text)
                  2000e2d0    000000fa                           : fs_add_t2.obj (.text)
                  2000e3ca    00000002     --HOLE-- [fill = 0]
                  2000e3cc    000000f0     driverlib.a : udma.obj (.text:uDMAChannelTransferSet)
                  2000e4bc    000000e8     simplelink.a : driver.obj (.text:_SlAsyncEventGenericHandler)
                  2000e5a4    000000e8     smartconfig.obj (.text)
                  2000e68c    000000e4     simplelink.a : device.obj (.text:sl_Stop)
                  2000e770    000000e0                  : device.obj (.text:sl_Start)
                  2000e850    000000dc                  : driver.obj (.text:_SlDrvClassifyRxMsg)
                  2000e92c    000000dc                  : cc_pal.obj (.text:spi_Read)
                  2000ea08    000000d4                  : driver.obj (.text:_SlDrvMsgReadSpawnCtx)
                  2000eadc    000000cc                  : netapp.obj (.text:_sl_HandleAsync_DnsGetHostByService)
                  2000eba8    000000c4                  : driver.obj (.text:_SlRemoveFromList)
                  2000ec6c    000000c0                  : driver.obj (.text:_SlDrvCmdOp)
                  2000ed2c    000000be     rtsv7M4_T_le_eabi.lib : xdnorm.obj (.text)
                  2000edea    00000002     --HOLE-- [fill = 0]
                  2000edec    000000ba     free_rtos.a : portasm.obj (.text)
                  2000eea6    00000002     --HOLE-- [fill = 0]
                  2000eea8    000000b4     device_status.obj (.text)
                  2000ef5c    000000b4     simplelink.a : wlan.obj (.text:sl_WlanGet)
                  2000f010    000000a8     driverlib.a : interrupt.obj (.text:IntDisable)
                  2000f0b8    000000a8                 : interrupt.obj (.text:IntEnable)
                  2000f160    000000a8     simplelink.a : wlan.obj (.text:sl_WlanSmartConfigStart)
                  2000f208    000000a0     driverlib.a : spi.obj (.text:SPIConfigSetExpClk)
                  2000f2a8    000000a0     simplelink.a : driver.obj (.text:_SlDriverHandleError)
                  2000f348    0000009c     rtsv7M4_T_le_eabi.lib : memcpy_t2.obj (.text)
                  2000f3e4    0000009a     simplelink.a : device.obj (.text:_SlDrvDeviceEventHandler)
                  2000f47e    00000002     --HOLE-- [fill = 0]
                  2000f480    00000094     driverlib.a : prcm.obj (.text:PRCMPeripheralClockGet)
                  2000f514    00000094     rtsv7M4_T_le_eabi.lib : snprintf.obj (.text)
                  2000f5a8    00000092                           : fs_div_t2.obj (.text)
                  2000f63a    00000002     --HOLE-- [fill = 0]
                  2000f63c    00000090     simplelink.a : netapp.obj (.text:_sl_HandleAsync_DnsGetHostByName)
                  2000f6cc    00000090                  : netapp.obj (.text:_sl_HandleAsync_PingResponse)
                  2000f75c    0000008c                  : cc_pal.obj (.text:SetupDMAReceive)
                  2000f7e8    0000008c                  : cc_pal.obj (.text:SetupDMASend)
                  2000f874    0000008c                  : cc_pal.obj (.text:spi_Write)
                  2000f900    00000088     driverlib.a : pin.obj (.text:PinConfigSet)
                  2000f988    00000088     rtsv7M4_T_le_eabi.lib : vsnprintf.obj (.text)
                  2000fa10    00000086                           : fd_cmp_t2.obj (.text:__aeabi_cdcmple)
                  2000fa96    00000086                           : fd_cmp_t2.obj (.text:__aeabi_cdrcmple)
                  2000fb1c    00000084     driverlib.a : i2c.obj (.text:I2CMasterInitExpClk)
                  2000fba0    00000082                 : gpio.obj (.text:GPIOIntTypeSet)
                  2000fc22    00000002     --HOLE-- [fill = 0]
                  2000fc24    00000080     simplelink.a : socket.obj (.text:_sl_HandleAsync_Connect)
                  2000fca4    00000080                  : device.obj (.text:_sl_HandleAsync_InitComplete)
                  2000fd24    00000080                  : cc_pal.obj (.text:spi_Read_CPU)
                  2000fda4    00000080                  : cc_pal.obj (.text:spi_Write_CPU)
                  2000fe24    0000007a     rtsv7M4_T_le_eabi.lib : fs_mul_t2.obj (.text)
                  2000fe9e    0000007a                           : memset_t2.obj (.text)
                  2000ff18    00000078     simplelink.a : wlan.obj (.text:sl_WlanPolicySet)
                  2000ff90    00000078                  : cc_pal.obj (.text:spi_Close)
                  20010008    00000076     driverlib.a : uart.obj (.text:UARTConfigSetExpClk)
                  2001007e    0000006e     rtsv7M4_T_le_eabi.lib : fd_tos_t2.obj (.text)
                  200100ec    0000006c     simplelink.a : driver.obj (.text:_SlDrvCmdSend)
                  20010158    0000006c                  : netapp.obj (.text:_sl_NetAppSendTokenValue)
                  200101c4    0000006c     rtsv7M4_T_le_eabi.lib : autoinit.obj (.text)
                  20010230    0000006a                           : copy_decompress_rle.obj (.text)
                  2001029a    00000002     --HOLE-- [fill = 0]
                  2001029c    00000068     driverlib.a : timer.obj (.text:TimerIntUnregister)
                  20010304    00000066     rtsv7M4_T_le_eabi.lib : xdunscal.obj (.text)
                  2001036a    00000002     --HOLE-- [fill = 0]
                  2001036c    00000064     simplelink.a : socket.obj (.text:_sl_HandleAsync_Accept)
                  200103d0    00000064     driverlib.a : udma.obj (.text:uDMAChannelAttributeDisable)
                  20010434    00000064                 : udma.obj (.text:uDMAChannelAttributeEnable)
                  20010498    00000060     rtsv7M4_T_le_eabi.lib : fs_cmp_t2.obj (.text:__aeabi_cfcmple)
                  200104f8    00000060                           : sprintf.obj (.text)
                  20010558    00000058     driverlib.a : interrupt.obj (.text:IntPendClear)
                  200105b0    00000058                 : prcm.obj (.text:PRCMPeripheralReset)
                  20010608    00000054                 : interrupt.obj (.text:IntPrioritySet)
                  2001065c    00000054     simplelink.a : socket.obj (.text:_sl_HandleAsync_Select)
                  200106b0    00000054     rtsv7M4_T_le_eabi.lib : ltoa.obj (.text)
                  20010704    00000050     simplelink.a : driver.obj (.text:_SlDrvRxIrqHandler)
                  20010754    00000050                  : device.obj (.text:_sl_HandleAsync_Stop)
                  200107a4    0000004c     driverlib.a : spi.obj (.text:SPIIntEnable)
                  200107f0    0000004c     simplelink.a : driver.obj (.text:_SlDrvProtectAsyncRespSetting)
                  2001083c    0000004c     rtsv7M4_T_le_eabi.lib : atoi.obj (.text)
                  20010888    0000004c                           : cpy_tbl.obj (.text)
                  200108d4    0000004c     driverlib.a : udma.obj (.text:uDMAChannelAssign)
                  20010920    00000048                 : gpio.obj (.text:GPIOGetIntNumber)
                  20010968    00000048                 : spi.obj (.text:SPIIntClear)
                  200109b0    00000048     simplelink.a : driver.obj (.text:_SlDrvBasicCmd)
                  200109f8    00000048     rtsv7M4_T_le_eabi.lib : fd_toi_t2.obj (.text)
                  20010a40    00000046                           : ldexp.obj (.text)
                  20010a86    00000002     --HOLE-- [fill = 0]
                  20010a88    00000044     driverlib.a : spi.obj (.text:SPIDmaMaskGet)
                  20010acc    00000044                 : timer.obj (.text:TimerConfigure)
                  20010b10    00000044     simplelink.a : driver.obj (.text:_SlDrvHandleHttpServerEvents)
                  20010b54    00000044                  : cc_pal.obj (.text:cc_SetupTransfer)
                  20010b98    00000044     rtsv7M4_T_le_eabi.lib : exit.obj (.text)
                  20010bdc    00000044     simplelink.a : wlan.obj (.text:sl_WlanProfileDel)
                  20010c20    00000044                  : wlan.obj (.text:sl_WlanSetMode)
                  20010c64    00000040     driverlib.a : pin.obj (.text:PinModeSet)
                  20010ca4    00000040     simplelink.a : driver.obj (.text:_SlDrvHandleNetAppEvents)
                  20010ce4    00000040                  : driver.obj (.text:_SlDrvHandleWlanEvents)
                  20010d24    00000040                  : driver.obj (.text:_SlDrvSyncObjWaitTimeout)
                  20010d64    00000040     rtsv7M4_T_le_eabi.lib : signal.obj (.text)
                  20010da4    00000040     simplelink.a : netapp.obj (.text:sl_NetAppStart)
                  20010de4    00000040                  : netapp.obj (.text:sl_NetAppStop)
                  20010e24    0000003c                  : netapp.obj (.text:CopyPingResultsToReport)
                  20010e60    0000003c     driverlib.a : prcm.obj (.text:PRCMPeripheralClkEnable)
                  20010e9c    0000003c     rtsv7M4_T_le_eabi.lib : boot.obj (.text)
                  20010ed8    0000003c     driverlib.a : udma.obj (.text:uDMAChannelControlSet)
                  20010f14    00000038                 : adc.obj (.text:ADCChannelDisable)
                  20010f4c    00000038                 : adc.obj (.text:ADCChannelEnable)
                  20010f84    00000038     simplelink.a : cc_pal.obj (.text:NwpPowerOff)
                  20010fbc    00000038     free_rtos.a : heap_3.obj (.text)
                  20010ff4    00000038     rtsv7M4_T_le_eabi.lib : fs_tod_t2.obj (.text)
                  2001102c    00000038                           : fs_toi_t2.obj (.text)
                  20011064    00000038                           : i_tofs_t2.obj (.text)
                  2001109c    00000036     driverlib.a : gpio.obj (.text:GPIODirModeSet)
                  200110d2    00000036                 : timer.obj (.text:TimerControlLevel)
                  20011108    00000034                 : prcm.obj (.text:PRCMPeripheralStatusGet)
                  2001113c    00000034                 : spi.obj (.text:SPIFIFOLevelSet)
                  20011170    00000034     rtsv7M4_T_le_eabi.lib : feraiseexcept.obj (.text)
                  200111a4    00000030     driverlib.a : pin.obj (.text:PinTypeGPIO)
                  200111d4    00000030                 : uart.obj (.text:UARTDisable)
                  20011204    00000030     rtsv7M4_T_le_eabi.lib : strncpy.obj (.text)
                  20011234    00000030                           : xferaise.obj (.text)
                  20011264    0000002e                           : i_tofd_t2.obj (.text)
                  20011292    0000002e                           : raise.obj (.text)
                  200112c0    0000002c     simplelink.a : cc_pal.obj (.text:DmaSpiSwIntHandler)
                  200112ec    0000002c     driverlib.a : i2c.obj (.text:I2CMasterErr)
                  20011318    0000002c                 : prcm.obj (.text:PRCMSysResetCauseGet)
                  20011344    0000002a                 : spi.obj (.text:SPIDataGetNonBlocking)
                  2001136e    0000002a                 : timer.obj (.text:TimerLoadSet)
                  20011398    0000002a                 : timer.obj (.text:TimerMatchSet)
                  200113c2    0000002a                 : timer.obj (.text:TimerPrescaleSet)
                  200113ec    00000028                 : prcm.obj (.text:PRCMPeripheralClkDisable)
                  20011414    00000028     simplelink.a : driver.obj (.text:_SlDrvObjGlobalLockWaitForever)
                  2001143c    00000028                  : driver.obj (.text:_SlDrvProtectionObjLockWaitForever)
                  20011464    00000026                  : cc_pal.obj (.text:NwpRegisterInterruptHandler)
                  2001148a    00000026     network_common.obj (.text)
                  200114b0    00000024     driverlib.a : interrupt.obj (.text:IntUnregister)
                  200114d4    00000024                 : uart.obj (.text:UARTEnable)
                  200114f8    00000024     simplelink.a : driver.obj (.text:_SlDrvGlobalObjUnLock)
                  2001151c    00000024                  : driver.obj (.text:_SlDrvProtectionObjUnLock)
                  20011540    00000024                  : driver.obj (.text:_SlDrvSyncObjWaitForever)
                  20011564    00000024     rtsv7M4_T_le_eabi.lib : memmov.obj (.text)
                  20011588    00000024                           : u_tofs_t2.obj (.text)
                  200115ac    00000022     driverlib.a : adc.obj (.text:ADCTimerConfig)
                  200115ce    00000022                 : gpio.obj (.text:GPIOIntStatus)
                  200115f0    00000022                 : i2c.obj (.text:I2CMasterSlaveAddrSet)
                  20011612    00000022                 : spi.obj (.text:SPIReset)
                  20011634    00000022                 : spi.obj (.text:SPIWordCountSet)
                  20011656    00000022     rtsv7M4_T_le_eabi.lib : frexp.obj (.text)
                  20011678    00000022                           : memcmp.obj (.text)
                  2001169a    00000020     driverlib.a : gpio.obj (.text:GPIOPinWrite)
                  200116ba    00000002     --HOLE-- [fill = 0]
                  200116bc    00000020                 : interrupt.obj (.text:IntRegister)
                  200116dc    00000020     simplelink.a : cc_pal.obj (.text:NwpPowerOn)
                  200116fc    00000020     driverlib.a : spi.obj (.text:SPIDataGet)
                  2001171c    00000020     simplelink.a : wlan.obj (.text:sl_WlanSmartConfigStop)
                  2001173c    0000001e     driverlib.a : gpio.obj (.text:GPIOIntRegister)
                  2001175a    0000001e                 : i2c.obj (.text:I2CMasterIntStatusEx)
                  20011778    0000001e                 : spi.obj (.text:SPIDataPut)
                  20011796    0000001e                 : timer.obj (.text:TimerDisable)
                  200117b4    0000001e                 : timer.obj (.text:TimerEnable)
                  200117d2    0000001e                 : timer.obj (.text:TimerIntStatus)
                  200117f0    0000001e                 : uart.obj (.text:UARTCharPut)
                  2001180e    0000001e     simplelink.a : driver.obj (.text:_SlDrvSyncObjSignal)
                  2001182c    0000001e                  : cc_pal.obj (.text:cc_UDMAChannelSelect)
                  2001184a    0000001c     driverlib.a : adc.obj (.text:ADCFIFOLvlGet)
                  20011866    0000001c                 : pin.obj (.text:PinTypeI2C)
                  20011882    0000001c                 : timer.obj (.text:TimerValueGet)
                  2001189e    0000001c                 : uart.obj (.text:UARTCharGetNonBlocking)
                  200118ba    0000001c     rtsv7M4_T_le_eabi.lib : memccpy.obj (.text)
                  200118d6    00000002     --HOLE-- [fill = 0]
                  200118d8    0000001c     driverlib.a : udma.obj (.text:uDMAChannelEnable)
                  200118f4    0000001a                 : gpio.obj (.text:GPIOIntEnable)
                  2001190e    0000001a                 : pin.obj (.text:PinTypeSPI)
                  20011928    0000001a                 : pin.obj (.text:PinTypeTimer)
                  20011942    0000001a                 : pin.obj (.text:PinTypeUART)
                  2001195c    0000001a                 : spi.obj (.text:SPIDmaDisable)
                  20011976    0000001a                 : spi.obj (.text:SPIDmaEnable)
                  20011990    0000001a                 : spi.obj (.text:SPIFIFODisable)
                  200119aa    0000001a                 : spi.obj (.text:SPIFIFOEnable)
                  200119c4    00000018                 : adc.obj (.text:ADCFIFORead)
                  200119dc    00000018                 : gpio.obj (.text:GPIOPinRead)
                  200119f4    00000018                 : spi.obj (.text:SPICSDisable)
                  20011a0c    00000018                 : spi.obj (.text:SPICSEnable)
                  20011a24    00000018                 : spi.obj (.text:SPIDisable)
                  20011a3c    00000018                 : spi.obj (.text:SPIEnable)
                  20011a54    00000018                 : timer.obj (.text:TimerIntDisable)
                  20011a6c    00000018                 : timer.obj (.text:TimerIntEnable)
                  20011a84    00000018                 : uart.obj (.text:UARTCharsAvail)
                  20011a9c    00000018     simplelink.a : device.obj (.text:_sl_GetStartResponseConvert)
                  20011ab4    00000018     rtsv7M4_T_le_eabi.lib : args_main.obj (.text)
                  20011acc    00000016     driverlib.a : adc.obj (.text:ADCTimerEnable)
                  20011ae2    00000016                 : i2c.obj (.text:I2CMasterDataPut)
                  20011af8    00000016                 : i2c.obj (.text:I2CMasterEnable)
                  20011b0e    00000016                 : prcm.obj (.text:PRCMHIBRegRead)
                  20011b24    00000016                 : prcm.obj (.text:PRCMHIBRegWrite)
                  20011b3a    00000016     simplelink.a : driver.obj (.text:_SlDrvMemZero)
                  20011b50    00000016     rtsv7M4_T_le_eabi.lib : strchr.obj (.text)
                  20011b66    00000014     driverlib.a : adc.obj (.text:ADCEnable)
                  20011b7a    00000014                 : cpu.obj (.text:CPUcpsie)
                  20011b8e    00000014                 : gpio.obj (.text:GPIOIntClear)
                  20011ba2    00000002     --HOLE-- [fill = 0]
                  20011ba4    00000014                 : interrupt.obj (.text:IntVTableBaseSet)
                  20011bb8    00000014                 : pin.obj (.text:PinTypeADC)
                  20011bcc    00000014     rtsv7M4_T_le_eabi.lib : _lock.obj (.text)
                  20011be0    00000014                           : strcpy.obj (.text)
                  20011bf4    00000014                           : strlen.obj (.text)
                  20011c08    00000012     driverlib.a : i2c.obj (.text:I2CMasterControl)
                  20011c1a    00000012                 : i2c.obj (.text:I2CMasterIntClearEx)
                  20011c2c    00000012                 : i2c.obj (.text:I2CMasterTimeoutSet)
                  20011c3e    00000012                 : timer.obj (.text:TimerIntClear)
                  20011c50    00000010     simplelink.a : driver.obj (.text:_SlDrvDispatchHttpServerEvents)
                  20011c60    0000000e     driverlib.a : i2c.obj (.text:I2CMasterDataGet)
                  20011c6e    0000000e     simplelink.a : driver.obj (.text:_SlDrvResetCmdExt)
                  20011c7c    0000000e     rtsv7M4_T_le_eabi.lib : copy_decompress_none.obj (.text:decompress:none)
                  20011c8a    0000000e     startup_ccs.obj (.text)
                  20011c98    0000000c     simplelink.a : cc_pal.obj (.text:NwpMaskInterrupt)
                  20011ca4    0000000c                  : cc_pal.obj (.text:NwpUnMaskInterrupt)
                  20011cb0    0000000c     rtsv7M4_T_le_eabi.lib : copy_zero_init.obj (.text:decompress:ZI)
                  20011cbc    0000000a     driverlib.a : interrupt.obj (.text:IntMasterEnable)
                  20011cc6    00000006                 : utils.obj (.text:UtilsDelay)
                  20011ccc    00000006     rtsv7M4_T_le_eabi.lib : copy_decompress_rle.obj (.text:decompress:rle24)
                  20011cd2    00000004                           : pre_init.obj (.text)

.const     0    20011cd8    000014d0     
                  20011cd8    000005f0     LCD_TFT_ILI9341.obj (.const:asc2_1608)
                  200122c8    000004c8     LCD_TFT_ILI9341.obj (.const:tfont24)
                  20012790    00000474     LCD_TFT_ILI9341.obj (.const:asc2_1206)
                  20012c04    00000101     rtsv7M4_T_le_eabi.lib : ctype.obj (.const:.string:_ctypes_)
                  20012d05    00000003     --HOLE-- [fill = 0]
                  20012d08    00000100     driverlib.a : pin.obj (.const:g_ulPinToPadMap)
                  20012e08    000000d4                 : interrupt.obj (.const:g_pulRegs)
                  20012edc    000000a8                 : prcm.obj (.const:PRCM_PeriphRegsList)
                  20012f84    00000080                 : interrupt.obj (.const)
                  20013004    0000003c     main.obj (.const:.string)
                  20013040    0000003c     simplelink.a : driver.obj (.const:OpcodeTranslateTable)
                  2001307c    0000003c                  : wlan.obj (.const)
                  200130b8    00000038                  : driver.obj (.const:_SlActionLookupTable)
                  200130f0    00000038                  : driver.obj (.const)
                  20013128    00000028                  : netapp.obj (.const)
                  20013150    00000023     smartconfig.obj (.const:.string)
                  20013173    00000001     --HOLE-- [fill = 0]
                  20013174    0000001c     simplelink.a : device.obj (.const)
                  20013190    00000018     driverlib.a : spi.obj (.const)

.cinit     0    200131a8    00000140     
                  200131a8    00000116     (.cinit..data.load) [load image, compression = rle]
                  200132be    00000002     --HOLE-- [fill = 0]
                  200132c0    0000000c     (__TI_handler_table)
                  200132cc    00000004     --HOLE-- [fill = 0]
                  200132d0    00000008     (.cinit..bss.load) [load image, compression = zero_init]
                  200132d8    00000010     (__TI_cinit_table)

.bss       0    20017000    000043b7     UNINITIALIZED
                  20017000    00004000     main.obj (.bss:pulAdcSamples)
                  2001b000    00000178     simplelink.a : driver.obj (.bss:g_StatMem)
                  2001b178    000000c8     free_rtos.a : tasks.obj (.bss:pxReadyTasksLists)
                  2001b240    00000050     simplelink.a : cc_pal.obj (.bss:g_ucDinDout)
                  2001b290    00000050     free_rtos.a : queue.obj (.bss:xQueueRegistry)
                  2001b2e0    00000024     main.obj (.bss:g_ucConnectionSSID)
                  2001b304    00000014     (.common:xDelayedTaskList1)
                  2001b318    00000014     (.common:xDelayedTaskList2)
                  2001b32c    00000014     (.common:xPendingReadyList)
                  2001b340    00000014     (.common:xSuspendedTaskList)
                  2001b354    00000014     (.common:xTasksWaitingTermination)
                  2001b368    00000008     (.common:g_ucConnectionBSSID)
                  2001b370    00000004     (.common:DMAMsgQ)
                  2001b374    00000004     (.common:H)
                  2001b378    00000004     (.common:T)
                  2001b37c    00000004     (.common:__Errorlog)
                  2001b380    00000004     (.common:char_x)
                  2001b384    00000004     (.common:char_y)
                  2001b388    00000004     (.common:g_cDummy)
                  2001b38c    00000004     (.common:g_uiDelay_sht20)
                  2001b390    00000004     (.common:g_ulBase)
                  2001b394    00000004     (.common:humidityRH$2)
                  2001b398    00000004     (.common:pxDelayedTaskList)
                  2001b39c    00000004     (.common:pxOverflowDelayedTaskList)
                  2001b3a0    00000004     (.common:temperatureC$4)
                  2001b3a4    00000004     (.common:voltage)
                  2001b3a8    00000002     (.common:_background)
                  2001b3aa    00000002     (.common:_foreground)
                  2001b3ac    00000002     (.common:sRH$1)
                  2001b3ae    00000002     (.common:sT$3)
                  2001b3b0    00000001     (.common:RxIrqCnt)
                  2001b3b1    00000001     (.common:g_bDeviceRestartIsRequired)
                  2001b3b2    00000001     (.common:g_ucLED1Pin)
                  2001b3b3    00000001     (.common:g_ucLED2Pin)
                  2001b3b4    00000001     (.common:g_ucLED3Pin)
                  2001b3b5    00000001     (.common:key3flag)
                  2001b3b6    00000001     (.common:key4flag)

.TI.noinit 
*          0    20017000    00000000     UNINITIALIZED

.sysmem    0    2001b3b8    00002000     UNINITIALIZED
                  2001b3b8    00000008     rtsv7M4_T_le_eabi.lib : memory.obj (.sysmem)
                  2001b3c0    00001ff8     --HOLE--

.data      0    2001d3b8    000002a4     UNINITIALIZED
                  2001d3b8    000000b0     rtsv7M4_T_le_eabi.lib : signal.obj (.data:sigtable)
                  2001d468    00000080                           : xvalues.obj (.data)
                  2001d4e8    00000060     Font_lib.obj (.data:fontSize)
                  2001d548    00000058     main.obj (.data)
                  2001d5a0    00000034     free_rtos.a : tasks.obj (.data)
                  2001d5d4    00000020     gpio_if.obj (.data)
                  2001d5f4    0000000d     simplelink.a : driver.obj (.data)
                  2001d601    00000001     LCD_display.obj (.data)
                  2001d602    00000002     --HOLE--
                  2001d604    0000000c     free_rtos.a : osi_freertos.obj (.data)
                  2001d610    0000000c     rtsv7M4_T_le_eabi.lib : memory.obj (.data)
                  2001d61c    00000009     simplelink.a : cc_pal.obj (.data)
                  2001d625    00000003     --HOLE--
                  2001d628    00000008     device_status.obj (.data)
                  2001d630    00000008     rtsv7M4_T_le_eabi.lib : _lock.obj (.data)
                  2001d638    00000008                           : exit.obj (.data)
                  2001d640    00000008                           : feraiseexcept.obj (.data)
                  2001d648    00000006     SHT2X.obj (.data)
                  2001d64e    00000002     --HOLE--
                  2001d650    00000004     free_rtos.a : port.obj (.data)
                  2001d654    00000004     rtsv7M4_T_le_eabi.lib : errno.obj (.data)
                  2001d658    00000004                           : stkdepth_vars.obj (.data)

.TI.persistent 
*          0    2001d3b8    00000000     UNINITIALIZED

.stack     0    2002f000    00001000     UNINITIALIZED
                  2002f000    00001000     --HOLE--


LINKER GENERATED COPY TABLES

__TI_cinit_table @ 200132d8 records: 2, size/record: 8, table size: 16
	.data: load addr=200131a8, load size=00000116 bytes, run addr=2001d3b8, run size=000002a4 bytes, compression=rle
	.bss: load addr=200132d0, load size=00000008 bytes, run addr=20017000, run size=000043b7 bytes, compression=zero_init


LINKER GENERATED HANDLER TABLE

__TI_handler_table @ 200132c0 records: 3, size/record: 4, table size: 12
	index: 0, handler: __TI_decompress_rle24
	index: 1, handler: __TI_decompress_none
	index: 2, handler: __TI_zero_init


GLOBAL SYMBOLS: SORTED ALPHABETICALLY BY Name 

address   name                               
-------   ----                               
20010f15  ADCChannelDisable                  
20010f4d  ADCChannelEnable                   
20011b67  ADCEnable                          
2001184b  ADCFIFOLvlGet                      
200119c5  ADCFIFORead                        
200115ad  ADCTimerConfig                     
20011acd  ADCTimerEnable                     
2000c691  BMA222Close                        
2000c66f  BMA222Open                         
2000c695  BMA222Read                         
2000c711  BMA222ReadNew                      
2000c639  BlockRead                          
20010b99  C$$EXIT                            
20011b7b  CPUcpsie                           
2000bf97  ClearTerm                          
20005795  ConnectToNetwork                   
2000eec1  ConnectionTest                     
2001b370  DMAMsgQ                            
200046a3  DeInitPWMModules                   
200112c1  DmaSpiSwIntHandler                 
2000bfa1  Error                              
2000b7b3  FONT_SPI_writebyte                 
2001109d  GPIODirModeSet                     
20011b8f  GPIOIntClear                       
200118f5  GPIOIntEnable                      
2001173d  GPIOIntRegister                    
200115cf  GPIOIntStatus                      
2000fba1  GPIOIntTypeSet                     
200119dd  GPIOPinRead                        
2001169b  GPIOPinWrite                       
2000bbf1  GPIO_IF_ConfigureNIntEnable        
2000bc6d  GPIO_IF_Get                        
2000bbab  GPIO_IF_GetPortNPin                
2000b96d  GPIO_IF_LedConfigure               
2000ba5f  GPIO_IF_LedOff                     
2000b9ab  GPIO_IF_LedOn                      
2000bb13  GPIO_IF_LedStatus                  
2000bb7d  GPIO_IF_LedToggle                  
2000bc33  GPIO_IF_Set                        
2000b579  GT20GetFontAddr                    
2000b7ef  GT20Init                           
2000b7fd  GT20Read                           
2000bfd9  GetCmd                             
2000c5d5  GetRegisterValue                   
2001b374  H                                  
20011c09  I2CMasterControl                   
20011c61  I2CMasterDataGet                   
20011ae3  I2CMasterDataPut                   
20011af9  I2CMasterEnable                    
200112ed  I2CMasterErr                       
2000fb1d  I2CMasterInitExpClk                
20011c1b  I2CMasterIntClearEx                
2001175b  I2CMasterIntStatusEx               
200115f1  I2CMasterSlaveAddrSet              
20011c2d  I2CMasterTimeoutSet                
2000bf3d  I2C_IF_Close                       
2000bef5  I2C_IF_Open                        
2000bdef  I2C_IF_Read                        
2000beab  I2C_IF_ReadFrom                    
2000bd39  I2C_IF_Write                       
20004ca3  I2C_readdata                       
20004c6d  I2C_writedata                      
20004683  InitPWMModules                     
2000bf55  InitTerm                           
2000f011  IntDisable                         
2000f0b9  IntEnable                          
20011cbd  IntMasterEnable                    
20010559  IntPendClear                       
20010609  IntPrioritySet                     
200116bd  IntRegister                        
20009c09  IntToStr                           
200114b1  IntUnregister                      
20011ba5  IntVTableBaseSet                   
200047a9  Key3Handler                        
20004781  Key4Handler                        
200047e5  Keyinit                            
20009edb  LCD_AsciiDisplay                   
20008071  LCD_CD_HIGH                        
20008061  LCD_CD_LOW                         
20008051  LCD_CS_HIGH                        
20008041  LCD_CS_LOW                         
2000a0e9  LCD_ChineseDisplay                 
2000a239  LCD_FloatDisplay                   
2000a183  LCD_FontDisplay                    
200084e5  LCD_ILI9341_TFT_Init               
200081d9  LCD_ILI9341_TFT_WindowMax          
20008b59  LCD_ILI9341_TFT_background         
20008503  LCD_ILI9341_TFT_circle             
20008491  LCD_ILI9341_TFT_cls                
20008755  LCD_ILI9341_TFT_fillcircle         
20008aa7  LCD_ILI9341_TFT_fillrect           
20009cfd  LCD_ILI9341_TFT_fontpixel          
20008b45  LCD_ILI9341_TFT_foreground         
200080eb  LCD_ILI9341_TFT_height             
20008791  LCD_ILI9341_TFT_hline              
20008881  LCD_ILI9341_TFT_line               
20008b2d  LCD_ILI9341_TFT_locate             
2000842d  LCD_ILI9341_TFT_pixel              
20008a0f  LCD_ILI9341_TFT_rect               
20008155  LCD_ILI9341_TFT_set_orientation    
200081f1  LCD_ILI9341_TFT_tft_reset          
20008809  LCD_ILI9341_TFT_vline              
200080e3  LCD_ILI9341_TFT_width              
20008165  LCD_ILI9341_TFT_window             
200080f1  LCD_ILI9341_TFT_wr_cmd             
2000810b  LCD_ILI9341_TFT_wr_dat             
20008125  LCD_ILI9341_TFT_wr_dat_start       
20008131  LCD_ILI9341_TFT_wr_dat_stop        
20008139  LCD_ILI9341_TFT_wr_reg             
20008081  LCD_PIN_Init                       
2000b7cd  LCD_SPI_readbyte                   
200080c9  LCD_SPI_writebyte                  
20008dc5  LCD_Show_ChFont2424                
20008f05  LCD_Show_StandbyPage               
2000a1b1  LCD_StringDisplay                  
20008b6d  LCD_TFT_ShowChar                   
20008ca9  LCD_TFT_ShowString                 
20009d61  LCD_font2char                      
20009f79  LCD_font2hanzi                     
2000bf73  Message                            
20011c99  NwpMaskInterrupt                   
20010f85  NwpPowerOff                        
200116dd  NwpPowerOn                         
20011465  NwpRegisterInterruptHandler        
20011ca5  NwpUnMaskInterrupt                 
20013040  OpcodeTranslateTable               
2000d35d  PRCMCC3200MCUInit                  
20011b0f  PRCMHIBRegRead                     
20011b25  PRCMHIBRegWrite                    
200113ed  PRCMPeripheralClkDisable           
20010e61  PRCMPeripheralClkEnable            
2000f481  PRCMPeripheralClockGet             
200105b1  PRCMPeripheralReset                
20011109  PRCMPeripheralStatusGet            
20011319  PRCMSysResetCauseGet               
2000f901  PinConfigSet                       
20010c65  PinModeSet                         
2000d645  PinMuxConfig                       
20011bb9  PinTypeADC                         
200111a5  PinTypeGPIO                        
20011867  PinTypeI2C                         
2001190f  PinTypeSPI                         
20011929  PinTypeTimer                       
20011943  PinTypeUART                        
2000489d  ReadAccSensor                      
2000c127  Report                             
20011c8b  ResetISR                           
2001b3b0  RxIrqCnt                           
UNDEFED   SHT$$INIT_ARRAY$$Base              
UNDEFED   SHT$$INIT_ARRAY$$Limit             
2000ab4f  SHT2x_CalcRH                       
2000ab8f  SHT2x_CalcTemperatureC             
2000a891  SHT2x_CheckCrc                     
2000abd5  SHT2x_GetSerialNumber              
2000a9cb  SHT2x_MeasureHM                    
2000aa79  SHT2x_MeasurePoll                  
2000a92f  SHT2x_ReadUserRegister             
2000ab27  SHT2x_SoftReset                    
2000a98f  SHT2x_WriteUserRegister            
200119f5  SPICSDisable                       
20011a0d  SPICSEnable                        
2000f209  SPIConfigSetExpClk                 
200116fd  SPIDataGet                         
20011345  SPIDataGetNonBlocking              
20011779  SPIDataPut                         
20011a25  SPIDisable                         
2001195d  SPIDmaDisable                      
20011977  SPIDmaEnable                       
20011a3d  SPIEnable                          
20011991  SPIFIFODisable                     
200119ab  SPIFIFOEnable                      
2001113d  SPIFIFOLevelSet                    
20010969  SPIIntClear                        
200107a5  SPIIntEnable                       
20011613  SPIReset                           
20011635  SPIWordCountSet                    
2000c5ff  SetRegisterValue                   
20004639  SetupTimerPWMMode                  
20005545  SimpleLinkGeneralEventHandler      
200052b3  SimpleLinkHttpServerCallback       
20004fd9  SimpleLinkNetAppEventHandler       
2000eea9  SimpleLinkPingReport               
20005591  SimpleLinkSockEventHandler         
20004e85  SimpleLinkWlanEventHandler         
2000e5a5  SmartConfigConnect                 
2000e62d  SmartConfigStop                    
2000a881  SysCtlDelay                        
2001b378  T                                  
20004881  TimerBaseIntHandler                
20010acd  TimerConfigure                     
200110d3  TimerControlLevel                  
20011797  TimerDisable                       
200117b5  TimerEnable                        
20011c3f  TimerIntClear                      
20011a55  TimerIntDisable                    
20011a6d  TimerIntEnable                     
200117d3  TimerIntStatus                     
2001029d  TimerIntUnregister                 
2001136f  TimerLoadSet                       
20011399  TimerMatchSet                      
200113c3  TimerPrescaleSet                   
20011883  TimerValueGet                      
2000cafd  Timer_IF_DeInit                    
2000cb2f  Timer_IF_GetCount                  
2000ca11  Timer_IF_Init                      
2000ca43  Timer_IF_IntSetup                  
2000cab5  Timer_IF_InterruptClear            
2000cb17  Timer_IF_ReLoad                    
2000cacd  Timer_IF_Start                     
2000caed  Timer_IF_Stop                      
2000c08f  TrimSpace                          
2001189f  UARTCharGetNonBlocking             
200117f1  UARTCharPut                        
20011a85  UARTCharsAvail                     
20010009  UARTConfigSetExpClk                
200111d5  UARTDisable                        
200114d5  UARTEnable                         
2000461b  UpdateDutyCycle                    
20011cc7  UtilsDelay                         
2000b009  VDeleteSimpleLinkSpawnTask         
2000afb9  VStartSimpleLinkSpawnTask          
200046dd  Voicegetvalue                      
200046b7  Voiceinit                          
2001d468  _Denorm                            
2000ed2d  _Dnorm                             
2000dfc1  _Dscale                            
20010305  _Dunscale                          
2001d478  _Eps                               
2001d654  _Errno                             
2001d640  _Fenv                              
20011235  _Feraise                           
2001d488  _Hugeval                           
2001d498  _Inf                               
2001d4a8  _Nan                               
2001d4c8  _Rteps                             
200130b8  _SlActionLookupTable               
2000f2a9  _SlDriverHandleError               
200109b1  _SlDrvBasicCmd                     
2000ec6d  _SlDrvCmdOp                        
200100ed  _SlDrvCmdSend                      
2000f3e5  _SlDrvDeviceEventHandler           
20011c51  _SlDrvDispatchHttpServerEvents     
2000dd99  _SlDrvDriverCBDeinit               
2000d03d  _SlDrvDriverCBInit                 
200114f9  _SlDrvGlobalObjUnLock              
20010b11  _SlDrvHandleHttpServerEvents       
20010ca5  _SlDrvHandleNetAppEvents           
20010ce5  _SlDrvHandleWlanEvents             
20011b3b  _SlDrvMemZero                      
2000ea09  _SlDrvMsgReadSpawnCtx              
2000e0d1  _SlDrvNetAppEventHandler           
200107f1  _SlDrvProtectAsyncRespSetting      
2001143d  _SlDrvProtectionObjLockWaitForever 
2001151d  _SlDrvProtectionObjUnLock          
2000c7c1  _SlDrvReleasePoolObj               
20011c6f  _SlDrvResetCmdExt                  
20010705  _SlDrvRxIrqHandler                 
2001180f  _SlDrvSyncObjSignal                
20011541  _SlDrvSyncObjWaitForever           
20010d25  _SlDrvSyncObjWaitTimeout           
2000d1cd  _SlDrvWaitForPoolObj               
20013144  _SlNetAppSendTokenValueCmdCtrl     
2001d4b8  _Snan                              
2001d644  _Tls_setup__Fenv                   
2001d4d8  _Xbig                              
2001d4e0  _Zero                              
20030000  __STACK_END                        
00001000  __STACK_SIZE                       
00002000  __SYSMEM_SIZE                      
200132d8  __TI_CINIT_Base                    
200132e8  __TI_CINIT_Limit                   
200132c0  __TI_Handler_Table_Base            
200132cc  __TI_Handler_Table_Limit           
200101c5  __TI_auto_init                     
2001d638  __TI_cleanup_ptr                   
20011c7d  __TI_decompress_none               
20011ccd  __TI_decompress_rle24              
2001d63c  __TI_dtors_ptr                     
20007d37  __TI_printfi                       
200131a8  __TI_static_base__                 
20011cb1  __TI_zero_init                     
2000fa11  __aeabi_cdcmpeq                    
2000fa11  __aeabi_cdcmple                    
2000fa97  __aeabi_cdrcmple                   
20010499  __aeabi_cfcmpeq                    
20010499  __aeabi_cfcmple                    
2001007f  __aeabi_d2f                        
200109f9  __aeabi_d2iz                       
2000cb5b  __aeabi_dadd                       
2000d8e9  __aeabi_ddiv                       
2000e1d5  __aeabi_dmul                       
2000cb51  __aeabi_dsub                       
20010ff5  __aeabi_f2d                        
2001102d  __aeabi_f2iz                       
2000e2d5  __aeabi_fadd                       
2000f5a9  __aeabi_fdiv                       
2000fe25  __aeabi_fmul                       
2000e2d1  __aeabi_fsub                       
20011265  __aeabi_i2d                        
20011065  __aeabi_i2f                        
2000fe9f  __aeabi_memclr                     
2000fe9f  __aeabi_memclr4                    
2000fe9f  __aeabi_memclr8                    
2000f349  __aeabi_memcpy                     
2000f349  __aeabi_memcpy4                    
2000f349  __aeabi_memcpy8                    
2000fea1  __aeabi_memset                     
2000fea1  __aeabi_memset4                    
2000fea1  __aeabi_memset8                    
20011589  __aeabi_ui2f                       
2000c3e1  __aeabi_uldivmod                   
ffffffff  __binit__                          
ffffffff  __c_args__                         
2002f000  __stack                            
20011ab5  _args_main                         
2001b3a8  _background                        
20010e9d  _c_int00                           
20012c04  _ctypes_                           
2001b3aa  _foreground                        
2001d630  _lock                              
20011bdb  _nop                               
20011bd3  _register_lock                     
20011bcd  _register_unlock                   
2001036d  _sl_HandleAsync_Accept             
2000fc25  _sl_HandleAsync_Connect            
2000f63d  _sl_HandleAsync_DnsGetHostByName   
2000eadd  _sl_HandleAsync_DnsGetHostByService
2000fca5  _sl_HandleAsync_InitComplete       
2000f6cd  _sl_HandleAsync_PingResponse       
2001065d  _sl_HandleAsync_Select             
20010755  _sl_HandleAsync_Stop               
20010159  _sl_NetAppSendTokenValue           
2001b3b8  _sys_memory                        
20011cd3  _system_pre_init                   
2001d634  _unlock                            
20010b9d  abort                              
20004ce1  apds_init                          
20012790  asc2_1206                          
20011cd8  asc2_1608                          
2001083d  atoi                               
ffffffff  binit                              
2000b545  calloc                             
2001b380  char_x                             
2001b384  char_y                             
20010889  copy_in                            
20005f95  eTaskGetState                      
20010ba5  exit                               
20011171  feraiseexcept                      
2001d54c  flag                               
2001d4e8  fontSize                           
2000b293  free                               
20011657  frexp                              
20004503  ftoa                               
2001d61c  g_SpiFd                            
2001b3b1  g_bDeviceRestartIsRequired         
2001b388  g_cDummy                           
2001d5f8  g_pCB                              
2001d620  g_pHostIntHdl                      
20004000  g_pfnVectors                       
2001d624  g_ucDMAEnabled                     
2001b240  g_ucDinDout                        
2001b3b2  g_ucLED1Pin                        
2001b3b3  g_ucLED2Pin                        
2001b3b4  g_ucLED3Pin                        
2001b38c  g_uiDelay_sht20                    
2001d5e8  g_uiLED1Port                       
2001d5ec  g_uiLED2Port                       
2001d5f0  g_uiLED3Port                       
2001d62c  g_uiPingDone                       
2001d628  g_uiPingPacketsRecv                
2001d601  is_fontchip_ok                     
2001b3b5  key3flag                           
2001b3b6  key4flag                           
20009cf1  lcd_clear                          
20009ca1  lcd_init                           
20010a41  ldexp                              
200106b1  ltoa                               
20005b1d  main                               
2001d658  main_func_sp                       
2000b22b  malloc                             
2000b10d  mem_Free                           
2000b101  mem_Malloc                         
2000b12d  mem_copy                           
2000b119  mem_set                            
2000b461  memalign                           
200118bb  memccpy                            
20011679  memcmp                             
2000f349  memcpy                             
20011565  memmove                            
2000fea7  memset                             
2000b19d  minit                              
20005a29  mjy_Iot_task                       
2000b183  osi_ContextRestore                 
2000b181  osi_ContextSave                    
2000b141  osi_EnterCritical                  
2000b14b  osi_ExitCritical                   
2000ad67  osi_InterruptDeRegister            
2000ad41  osi_InterruptRegister              
2000ae71  osi_LockObjCreate                  
2000aee5  osi_LockObjDelete                  
2000aef5  osi_LockObjLock                    
2000af21  osi_LockObjUnlock                  
2000b035  osi_MsgQCreate                     
2000b079  osi_MsgQDelete                     
2000b0c5  osi_MsgQRead                       
2000b093  osi_MsgQWrite                      
2000b15d  osi_Sleep                          
2000af4b  osi_Spawn                          
2000ae4f  osi_SyncObjClear                   
2000ad79  osi_SyncObjCreate                  
2000ada9  osi_SyncObjDelete                  
2000adc3  osi_SyncObjSignal                  
2000adeb  osi_SyncObjSignalFromISR           
2000ae23  osi_SyncObjWait                    
2000ae97  osi_TaskCreate                     
2000aed7  osi_TaskDelete                     
2000b16d  osi_TaskDisable                    
2000b177  osi_TaskEnable                     
2000b155  osi_start                          
2001d5fc  pPingCallBackFunc                  
200064b9  pcTaskGetTaskName                  
2000eea1  portCLZ                            
2000ee89  prvPortStartFirstTask              
20017000  pulAdcSamples                      
20010fbd  pvPortMalloc                       
2001d5a0  pxCurrentTCB                       
2000deb1  pxPortInitialiseStack              
20011293  raise                              
2000b355  realloc                            
2000aca7  sht20_func                         
20010d65  signal                             
2000da21  sl_NetAppDnsGetHostByName          
2000cea5  sl_NetAppPingStart                 
20010da5  sl_NetAppStart                     
20010de5  sl_NetAppStop                      
2001148b  sl_Provisioning_HttpServerEventHdl 
20011499  sl_Provisioning_NetAppEventHdl     
200114a5  sl_Provisioning_WlanEventHdl       
2000e771  sl_Start                           
2000e68d  sl_Stop                            
2000ef5d  sl_WlanGet                         
2000ff19  sl_WlanPolicySet                   
20010bdd  sl_WlanProfileDel                  
20010c21  sl_WlanSetMode                     
2000f161  sl_WlanSmartConfigStart            
2001171d  sl_WlanSmartConfigStop             
2000f515  snprintf                           
2000ff91  spi_Close                          
2000d799  spi_Open                           
2000e92d  spi_Read                           
2000f875  spi_Write                          
200104f9  sprintf                            
20011b51  strchr                             
20011be1  strcpy                             
20011bf5  strlen                             
20011205  strncpy                            
2001d648  tdata                              
200122c8  tfont24                            
200108d5  uDMAChannelAssign                  
200103d1  uDMAChannelAttributeDisable        
20010435  uDMAChannelAttributeEnable         
20010ed9  uDMAChannelControlSet              
200118d9  uDMAChannelEnable                  
2000e3cd  uDMAChannelTransferSet             
20009865  ucQueueGetQueueType                
2001d550  uiIndex                            
2000edf1  ulPortSetInterruptMask             
2000dc2f  uxListRemove                       
20009845  uxQueueGetQueueNumber              
200097d9  uxQueueMessagesWaiting             
2000980f  uxQueueMessagesWaitingFromISR      
200097ef  uxQueueSpacesAvailable             
200064ad  uxTaskGetNumberOfTasks             
200064dd  uxTaskGetSystemState               
200069d1  uxTaskGetTaskNumber                
20006029  uxTaskPriorityGet                  
20006f29  uxTaskResetEventItemValue          
2000444b  vApplicationIdleHook               
20004457  vApplicationMallocFailedHook       
2000444d  vApplicationStackOverflowHook      
2000443f  vApplicationTickHook               
20004441  vAssertCalled                      
2000db4d  vListInitialise                    
2000db7d  vListInitialiseItem                
2000dbc9  vListInsert                        
2000db8d  vListInsertEnd                     
2000ee07  vPortClearInterruptMask            
2000df2d  vPortEndScheduler                  
2000df41  vPortEnterCritical                 
2000df59  vPortExitCritical                  
20010fdd  vPortFree                          
2000ee61  vPortSVCHandler                    
2000df8d  vPortSetupTimerInterrupt           
2000df2f  vPortYield                         
20009a7f  vQueueAddToRegistry                
20009821  vQueueDelete                       
20009853  vQueueSetQueueNumber               
20009ac1  vQueueUnregisterQueue              
20005f3f  vTaskDelay                         
20005ea3  vTaskDelayUntil                    
20005e13  vTaskDelete                        
20006391  vTaskEndScheduler                  
200069c3  vTaskMissedYield                   
20006759  vTaskPlaceOnEventList              
200067bd  vTaskPlaceOnUnorderedEventList     
20006e9f  vTaskPriorityDisinherit            
20006de5  vTaskPriorityInherit               
20006061  vTaskPrioritySet                   
20006259  vTaskResume                        
200069f1  vTaskSetTaskNumber                 
20006923  vTaskSetTimeOutState               
20006347  vTaskStartScheduler                
20006165  vTaskSuspend                       
200063a3  vTaskSuspendAll                    
200066d9  vTaskSwitchContext                 
2001b3a4  voltage                            
2000f989  vsnprintf                          
20004401  wait_ms                            
20004a01  while_SHT20                        
2001d604  xHigherPriorityTaskWoken           
2000ee15  xPortPendSVHandler                 
2000df01  xPortStartScheduler                
2000df71  xPortSysTickHandler                
20009b0f  xQueueAddToSet                     
20009441  xQueueAltGenericReceive            
20009395  xQueueAltGenericSend               
20009269  xQueueCreateCountingSemaphore      
200091eb  xQueueCreateMutex                  
20009afb  xQueueCreateSet                    
20009175  xQueueGenericCreate                
200095db  xQueueGenericReceive               
200090e5  xQueueGenericReset                 
20009289  xQueueGenericSend                  
2000953f  xQueueGenericSendFromISR           
20009a1b  xQueueIsQueueEmptyFromISR          
20009a5d  xQueueIsQueueFullFromISR           
20009795  xQueuePeekFromISR                  
2000971d  xQueueReceiveFromISR               
2001b290  xQueueRegistry                     
20009b43  xQueueRemoveFromSet                
20009b85  xQueueSelectFromSet                
20009b9f  xQueueSelectFromSetFromISR         
2001d608  xSimpleLinkSpawnQueue              
2001d60c  xSimpleLinkSpawnTaskHndl           
20006949  xTaskCheckForTimeOut               
20005d05  xTaskGenericCreate                 
20006d99  xTaskGetCurrentTaskHandle          
2000659b  xTaskGetIdleTaskHandle             
20006dad  xTaskGetSchedulerState             
20006481  xTaskGetTickCount                  
20006495  xTaskGetTickCountFromISR           
200065b5  xTaskIncrementTick                 
20006831  xTaskRemoveFromEventList           
200068b5  xTaskRemoveFromUnorderedEventList  
200063b5  xTaskResumeAll                     
200062cd  xTaskResumeFromISR                 


GLOBAL SYMBOLS: SORTED BY Symbol Address 

address   name                               
-------   ----                               
00001000  __STACK_SIZE                       
00002000  __SYSMEM_SIZE                      
20004000  g_pfnVectors                       
20004401  wait_ms                            
2000443f  vApplicationTickHook               
20004441  vAssertCalled                      
2000444b  vApplicationIdleHook               
2000444d  vApplicationStackOverflowHook      
20004457  vApplicationMallocFailedHook       
20004503  ftoa                               
2000461b  UpdateDutyCycle                    
20004639  SetupTimerPWMMode                  
20004683  InitPWMModules                     
200046a3  DeInitPWMModules                   
200046b7  Voiceinit                          
200046dd  Voicegetvalue                      
20004781  Key4Handler                        
200047a9  Key3Handler                        
200047e5  Keyinit                            
20004881  TimerBaseIntHandler                
2000489d  ReadAccSensor                      
20004a01  while_SHT20                        
20004c6d  I2C_writedata                      
20004ca3  I2C_readdata                       
20004ce1  apds_init                          
20004e85  SimpleLinkWlanEventHandler         
20004fd9  SimpleLinkNetAppEventHandler       
200052b3  SimpleLinkHttpServerCallback       
20005545  SimpleLinkGeneralEventHandler      
20005591  SimpleLinkSockEventHandler         
20005795  ConnectToNetwork                   
20005a29  mjy_Iot_task                       
20005b1d  main                               
20005d05  xTaskGenericCreate                 
20005e13  vTaskDelete                        
20005ea3  vTaskDelayUntil                    
20005f3f  vTaskDelay                         
20005f95  eTaskGetState                      
20006029  uxTaskPriorityGet                  
20006061  vTaskPrioritySet                   
20006165  vTaskSuspend                       
20006259  vTaskResume                        
200062cd  xTaskResumeFromISR                 
20006347  vTaskStartScheduler                
20006391  vTaskEndScheduler                  
200063a3  vTaskSuspendAll                    
200063b5  xTaskResumeAll                     
20006481  xTaskGetTickCount                  
20006495  xTaskGetTickCountFromISR           
200064ad  uxTaskGetNumberOfTasks             
200064b9  pcTaskGetTaskName                  
200064dd  uxTaskGetSystemState               
2000659b  xTaskGetIdleTaskHandle             
200065b5  xTaskIncrementTick                 
200066d9  vTaskSwitchContext                 
20006759  vTaskPlaceOnEventList              
200067bd  vTaskPlaceOnUnorderedEventList     
20006831  xTaskRemoveFromEventList           
200068b5  xTaskRemoveFromUnorderedEventList  
20006923  vTaskSetTimeOutState               
20006949  xTaskCheckForTimeOut               
200069c3  vTaskMissedYield                   
200069d1  uxTaskGetTaskNumber                
200069f1  vTaskSetTaskNumber                 
20006d99  xTaskGetCurrentTaskHandle          
20006dad  xTaskGetSchedulerState             
20006de5  vTaskPriorityInherit               
20006e9f  vTaskPriorityDisinherit            
20006f29  uxTaskResetEventItemValue          
20007d37  __TI_printfi                       
20008041  LCD_CS_LOW                         
20008051  LCD_CS_HIGH                        
20008061  LCD_CD_LOW                         
20008071  LCD_CD_HIGH                        
20008081  LCD_PIN_Init                       
200080c9  LCD_SPI_writebyte                  
200080e3  LCD_ILI9341_TFT_width              
200080eb  LCD_ILI9341_TFT_height             
200080f1  LCD_ILI9341_TFT_wr_cmd             
2000810b  LCD_ILI9341_TFT_wr_dat             
20008125  LCD_ILI9341_TFT_wr_dat_start       
20008131  LCD_ILI9341_TFT_wr_dat_stop        
20008139  LCD_ILI9341_TFT_wr_reg             
20008155  LCD_ILI9341_TFT_set_orientation    
20008165  LCD_ILI9341_TFT_window             
200081d9  LCD_ILI9341_TFT_WindowMax          
200081f1  LCD_ILI9341_TFT_tft_reset          
2000842d  LCD_ILI9341_TFT_pixel              
20008491  LCD_ILI9341_TFT_cls                
200084e5  LCD_ILI9341_TFT_Init               
20008503  LCD_ILI9341_TFT_circle             
20008755  LCD_ILI9341_TFT_fillcircle         
20008791  LCD_ILI9341_TFT_hline              
20008809  LCD_ILI9341_TFT_vline              
20008881  LCD_ILI9341_TFT_line               
20008a0f  LCD_ILI9341_TFT_rect               
20008aa7  LCD_ILI9341_TFT_fillrect           
20008b2d  LCD_ILI9341_TFT_locate             
20008b45  LCD_ILI9341_TFT_foreground         
20008b59  LCD_ILI9341_TFT_background         
20008b6d  LCD_TFT_ShowChar                   
20008ca9  LCD_TFT_ShowString                 
20008dc5  LCD_Show_ChFont2424                
20008f05  LCD_Show_StandbyPage               
200090e5  xQueueGenericReset                 
20009175  xQueueGenericCreate                
200091eb  xQueueCreateMutex                  
20009269  xQueueCreateCountingSemaphore      
20009289  xQueueGenericSend                  
20009395  xQueueAltGenericSend               
20009441  xQueueAltGenericReceive            
2000953f  xQueueGenericSendFromISR           
200095db  xQueueGenericReceive               
2000971d  xQueueReceiveFromISR               
20009795  xQueuePeekFromISR                  
200097d9  uxQueueMessagesWaiting             
200097ef  uxQueueSpacesAvailable             
2000980f  uxQueueMessagesWaitingFromISR      
20009821  vQueueDelete                       
20009845  uxQueueGetQueueNumber              
20009853  vQueueSetQueueNumber               
20009865  ucQueueGetQueueType                
20009a1b  xQueueIsQueueEmptyFromISR          
20009a5d  xQueueIsQueueFullFromISR           
20009a7f  vQueueAddToRegistry                
20009ac1  vQueueUnregisterQueue              
20009afb  xQueueCreateSet                    
20009b0f  xQueueAddToSet                     
20009b43  xQueueRemoveFromSet                
20009b85  xQueueSelectFromSet                
20009b9f  xQueueSelectFromSetFromISR         
20009c09  IntToStr                           
20009ca1  lcd_init                           
20009cf1  lcd_clear                          
20009cfd  LCD_ILI9341_TFT_fontpixel          
20009d61  LCD_font2char                      
20009edb  LCD_AsciiDisplay                   
20009f79  LCD_font2hanzi                     
2000a0e9  LCD_ChineseDisplay                 
2000a183  LCD_FontDisplay                    
2000a1b1  LCD_StringDisplay                  
2000a239  LCD_FloatDisplay                   
2000a881  SysCtlDelay                        
2000a891  SHT2x_CheckCrc                     
2000a92f  SHT2x_ReadUserRegister             
2000a98f  SHT2x_WriteUserRegister            
2000a9cb  SHT2x_MeasureHM                    
2000aa79  SHT2x_MeasurePoll                  
2000ab27  SHT2x_SoftReset                    
2000ab4f  SHT2x_CalcRH                       
2000ab8f  SHT2x_CalcTemperatureC             
2000abd5  SHT2x_GetSerialNumber              
2000aca7  sht20_func                         
2000ad41  osi_InterruptRegister              
2000ad67  osi_InterruptDeRegister            
2000ad79  osi_SyncObjCreate                  
2000ada9  osi_SyncObjDelete                  
2000adc3  osi_SyncObjSignal                  
2000adeb  osi_SyncObjSignalFromISR           
2000ae23  osi_SyncObjWait                    
2000ae4f  osi_SyncObjClear                   
2000ae71  osi_LockObjCreate                  
2000ae97  osi_TaskCreate                     
2000aed7  osi_TaskDelete                     
2000aee5  osi_LockObjDelete                  
2000aef5  osi_LockObjLock                    
2000af21  osi_LockObjUnlock                  
2000af4b  osi_Spawn                          
2000afb9  VStartSimpleLinkSpawnTask          
2000b009  VDeleteSimpleLinkSpawnTask         
2000b035  osi_MsgQCreate                     
2000b079  osi_MsgQDelete                     
2000b093  osi_MsgQWrite                      
2000b0c5  osi_MsgQRead                       
2000b101  mem_Malloc                         
2000b10d  mem_Free                           
2000b119  mem_set                            
2000b12d  mem_copy                           
2000b141  osi_EnterCritical                  
2000b14b  osi_ExitCritical                   
2000b155  osi_start                          
2000b15d  osi_Sleep                          
2000b16d  osi_TaskDisable                    
2000b177  osi_TaskEnable                     
2000b181  osi_ContextSave                    
2000b183  osi_ContextRestore                 
2000b19d  minit                              
2000b22b  malloc                             
2000b293  free                               
2000b355  realloc                            
2000b461  memalign                           
2000b545  calloc                             
2000b579  GT20GetFontAddr                    
2000b7b3  FONT_SPI_writebyte                 
2000b7cd  LCD_SPI_readbyte                   
2000b7ef  GT20Init                           
2000b7fd  GT20Read                           
2000b96d  GPIO_IF_LedConfigure               
2000b9ab  GPIO_IF_LedOn                      
2000ba5f  GPIO_IF_LedOff                     
2000bb13  GPIO_IF_LedStatus                  
2000bb7d  GPIO_IF_LedToggle                  
2000bbab  GPIO_IF_GetPortNPin                
2000bbf1  GPIO_IF_ConfigureNIntEnable        
2000bc33  GPIO_IF_Set                        
2000bc6d  GPIO_IF_Get                        
2000bd39  I2C_IF_Write                       
2000bdef  I2C_IF_Read                        
2000beab  I2C_IF_ReadFrom                    
2000bef5  I2C_IF_Open                        
2000bf3d  I2C_IF_Close                       
2000bf55  InitTerm                           
2000bf73  Message                            
2000bf97  ClearTerm                          
2000bfa1  Error                              
2000bfd9  GetCmd                             
2000c08f  TrimSpace                          
2000c127  Report                             
2000c3e1  __aeabi_uldivmod                   
2000c5d5  GetRegisterValue                   
2000c5ff  SetRegisterValue                   
2000c639  BlockRead                          
2000c66f  BMA222Open                         
2000c691  BMA222Close                        
2000c695  BMA222Read                         
2000c711  BMA222ReadNew                      
2000c7c1  _SlDrvReleasePoolObj               
2000ca11  Timer_IF_Init                      
2000ca43  Timer_IF_IntSetup                  
2000cab5  Timer_IF_InterruptClear            
2000cacd  Timer_IF_Start                     
2000caed  Timer_IF_Stop                      
2000cafd  Timer_IF_DeInit                    
2000cb17  Timer_IF_ReLoad                    
2000cb2f  Timer_IF_GetCount                  
2000cb51  __aeabi_dsub                       
2000cb5b  __aeabi_dadd                       
2000cea5  sl_NetAppPingStart                 
2000d03d  _SlDrvDriverCBInit                 
2000d1cd  _SlDrvWaitForPoolObj               
2000d35d  PRCMCC3200MCUInit                  
2000d645  PinMuxConfig                       
2000d799  spi_Open                           
2000d8e9  __aeabi_ddiv                       
2000da21  sl_NetAppDnsGetHostByName          
2000db4d  vListInitialise                    
2000db7d  vListInitialiseItem                
2000db8d  vListInsertEnd                     
2000dbc9  vListInsert                        
2000dc2f  uxListRemove                       
2000dd99  _SlDrvDriverCBDeinit               
2000deb1  pxPortInitialiseStack              
2000df01  xPortStartScheduler                
2000df2d  vPortEndScheduler                  
2000df2f  vPortYield                         
2000df41  vPortEnterCritical                 
2000df59  vPortExitCritical                  
2000df71  xPortSysTickHandler                
2000df8d  vPortSetupTimerInterrupt           
2000dfc1  _Dscale                            
2000e0d1  _SlDrvNetAppEventHandler           
2000e1d5  __aeabi_dmul                       
2000e2d1  __aeabi_fsub                       
2000e2d5  __aeabi_fadd                       
2000e3cd  uDMAChannelTransferSet             
2000e5a5  SmartConfigConnect                 
2000e62d  SmartConfigStop                    
2000e68d  sl_Stop                            
2000e771  sl_Start                           
2000e92d  spi_Read                           
2000ea09  _SlDrvMsgReadSpawnCtx              
2000eadd  _sl_HandleAsync_DnsGetHostByService
2000ec6d  _SlDrvCmdOp                        
2000ed2d  _Dnorm                             
2000edf1  ulPortSetInterruptMask             
2000ee07  vPortClearInterruptMask            
2000ee15  xPortPendSVHandler                 
2000ee61  vPortSVCHandler                    
2000ee89  prvPortStartFirstTask              
2000eea1  portCLZ                            
2000eea9  SimpleLinkPingReport               
2000eec1  ConnectionTest                     
2000ef5d  sl_WlanGet                         
2000f011  IntDisable                         
2000f0b9  IntEnable                          
2000f161  sl_WlanSmartConfigStart            
2000f209  SPIConfigSetExpClk                 
2000f2a9  _SlDriverHandleError               
2000f349  __aeabi_memcpy                     
2000f349  __aeabi_memcpy4                    
2000f349  __aeabi_memcpy8                    
2000f349  memcpy                             
2000f3e5  _SlDrvDeviceEventHandler           
2000f481  PRCMPeripheralClockGet             
2000f515  snprintf                           
2000f5a9  __aeabi_fdiv                       
2000f63d  _sl_HandleAsync_DnsGetHostByName   
2000f6cd  _sl_HandleAsync_PingResponse       
2000f875  spi_Write                          
2000f901  PinConfigSet                       
2000f989  vsnprintf                          
2000fa11  __aeabi_cdcmpeq                    
2000fa11  __aeabi_cdcmple                    
2000fa97  __aeabi_cdrcmple                   
2000fb1d  I2CMasterInitExpClk                
2000fba1  GPIOIntTypeSet                     
2000fc25  _sl_HandleAsync_Connect            
2000fca5  _sl_HandleAsync_InitComplete       
2000fe25  __aeabi_fmul                       
2000fe9f  __aeabi_memclr                     
2000fe9f  __aeabi_memclr4                    
2000fe9f  __aeabi_memclr8                    
2000fea1  __aeabi_memset                     
2000fea1  __aeabi_memset4                    
2000fea1  __aeabi_memset8                    
2000fea7  memset                             
2000ff19  sl_WlanPolicySet                   
2000ff91  spi_Close                          
20010009  UARTConfigSetExpClk                
2001007f  __aeabi_d2f                        
200100ed  _SlDrvCmdSend                      
20010159  _sl_NetAppSendTokenValue           
200101c5  __TI_auto_init                     
2001029d  TimerIntUnregister                 
20010305  _Dunscale                          
2001036d  _sl_HandleAsync_Accept             
200103d1  uDMAChannelAttributeDisable        
20010435  uDMAChannelAttributeEnable         
20010499  __aeabi_cfcmpeq                    
20010499  __aeabi_cfcmple                    
200104f9  sprintf                            
20010559  IntPendClear                       
200105b1  PRCMPeripheralReset                
20010609  IntPrioritySet                     
2001065d  _sl_HandleAsync_Select             
200106b1  ltoa                               
20010705  _SlDrvRxIrqHandler                 
20010755  _sl_HandleAsync_Stop               
200107a5  SPIIntEnable                       
200107f1  _SlDrvProtectAsyncRespSetting      
2001083d  atoi                               
20010889  copy_in                            
200108d5  uDMAChannelAssign                  
20010969  SPIIntClear                        
200109b1  _SlDrvBasicCmd                     
200109f9  __aeabi_d2iz                       
20010a41  ldexp                              
20010acd  TimerConfigure                     
20010b11  _SlDrvHandleHttpServerEvents       
20010b99  C$$EXIT                            
20010b9d  abort                              
20010ba5  exit                               
20010bdd  sl_WlanProfileDel                  
20010c21  sl_WlanSetMode                     
20010c65  PinModeSet                         
20010ca5  _SlDrvHandleNetAppEvents           
20010ce5  _SlDrvHandleWlanEvents             
20010d25  _SlDrvSyncObjWaitTimeout           
20010d65  signal                             
20010da5  sl_NetAppStart                     
20010de5  sl_NetAppStop                      
20010e61  PRCMPeripheralClkEnable            
20010e9d  _c_int00                           
20010ed9  uDMAChannelControlSet              
20010f15  ADCChannelDisable                  
20010f4d  ADCChannelEnable                   
20010f85  NwpPowerOff                        
20010fbd  pvPortMalloc                       
20010fdd  vPortFree                          
20010ff5  __aeabi_f2d                        
2001102d  __aeabi_f2iz                       
20011065  __aeabi_i2f                        
2001109d  GPIODirModeSet                     
200110d3  TimerControlLevel                  
20011109  PRCMPeripheralStatusGet            
2001113d  SPIFIFOLevelSet                    
20011171  feraiseexcept                      
200111a5  PinTypeGPIO                        
200111d5  UARTDisable                        
20011205  strncpy                            
20011235  _Feraise                           
20011265  __aeabi_i2d                        
20011293  raise                              
200112c1  DmaSpiSwIntHandler                 
200112ed  I2CMasterErr                       
20011319  PRCMSysResetCauseGet               
20011345  SPIDataGetNonBlocking              
2001136f  TimerLoadSet                       
20011399  TimerMatchSet                      
200113c3  TimerPrescaleSet                   
200113ed  PRCMPeripheralClkDisable           
2001143d  _SlDrvProtectionObjLockWaitForever 
20011465  NwpRegisterInterruptHandler        
2001148b  sl_Provisioning_HttpServerEventHdl 
20011499  sl_Provisioning_NetAppEventHdl     
200114a5  sl_Provisioning_WlanEventHdl       
200114b1  IntUnregister                      
200114d5  UARTEnable                         
200114f9  _SlDrvGlobalObjUnLock              
2001151d  _SlDrvProtectionObjUnLock          
20011541  _SlDrvSyncObjWaitForever           
20011565  memmove                            
20011589  __aeabi_ui2f                       
200115ad  ADCTimerConfig                     
200115cf  GPIOIntStatus                      
200115f1  I2CMasterSlaveAddrSet              
20011613  SPIReset                           
20011635  SPIWordCountSet                    
20011657  frexp                              
20011679  memcmp                             
2001169b  GPIOPinWrite                       
200116bd  IntRegister                        
200116dd  NwpPowerOn                         
200116fd  SPIDataGet                         
2001171d  sl_WlanSmartConfigStop             
2001173d  GPIOIntRegister                    
2001175b  I2CMasterIntStatusEx               
20011779  SPIDataPut                         
20011797  TimerDisable                       
200117b5  TimerEnable                        
200117d3  TimerIntStatus                     
200117f1  UARTCharPut                        
2001180f  _SlDrvSyncObjSignal                
2001184b  ADCFIFOLvlGet                      
20011867  PinTypeI2C                         
20011883  TimerValueGet                      
2001189f  UARTCharGetNonBlocking             
200118bb  memccpy                            
200118d9  uDMAChannelEnable                  
200118f5  GPIOIntEnable                      
2001190f  PinTypeSPI                         
20011929  PinTypeTimer                       
20011943  PinTypeUART                        
2001195d  SPIDmaDisable                      
20011977  SPIDmaEnable                       
20011991  SPIFIFODisable                     
200119ab  SPIFIFOEnable                      
200119c5  ADCFIFORead                        
200119dd  GPIOPinRead                        
200119f5  SPICSDisable                       
20011a0d  SPICSEnable                        
20011a25  SPIDisable                         
20011a3d  SPIEnable                          
20011a55  TimerIntDisable                    
20011a6d  TimerIntEnable                     
20011a85  UARTCharsAvail                     
20011ab5  _args_main                         
20011acd  ADCTimerEnable                     
20011ae3  I2CMasterDataPut                   
20011af9  I2CMasterEnable                    
20011b0f  PRCMHIBRegRead                     
20011b25  PRCMHIBRegWrite                    
20011b3b  _SlDrvMemZero                      
20011b51  strchr                             
20011b67  ADCEnable                          
20011b7b  CPUcpsie                           
20011b8f  GPIOIntClear                       
20011ba5  IntVTableBaseSet                   
20011bb9  PinTypeADC                         
20011bcd  _register_unlock                   
20011bd3  _register_lock                     
20011bdb  _nop                               
20011be1  strcpy                             
20011bf5  strlen                             
20011c09  I2CMasterControl                   
20011c1b  I2CMasterIntClearEx                
20011c2d  I2CMasterTimeoutSet                
20011c3f  TimerIntClear                      
20011c51  _SlDrvDispatchHttpServerEvents     
20011c61  I2CMasterDataGet                   
20011c6f  _SlDrvResetCmdExt                  
20011c7d  __TI_decompress_none               
20011c8b  ResetISR                           
20011c99  NwpMaskInterrupt                   
20011ca5  NwpUnMaskInterrupt                 
20011cb1  __TI_zero_init                     
20011cbd  IntMasterEnable                    
20011cc7  UtilsDelay                         
20011ccd  __TI_decompress_rle24              
20011cd3  _system_pre_init                   
20011cd8  asc2_1608                          
200122c8  tfont24                            
20012790  asc2_1206                          
20012c04  _ctypes_                           
20013040  OpcodeTranslateTable               
200130b8  _SlActionLookupTable               
20013144  _SlNetAppSendTokenValueCmdCtrl     
200131a8  __TI_static_base__                 
200132c0  __TI_Handler_Table_Base            
200132cc  __TI_Handler_Table_Limit           
200132d8  __TI_CINIT_Base                    
200132e8  __TI_CINIT_Limit                   
20017000  pulAdcSamples                      
2001b240  g_ucDinDout                        
2001b290  xQueueRegistry                     
2001b370  DMAMsgQ                            
2001b374  H                                  
2001b378  T                                  
2001b380  char_x                             
2001b384  char_y                             
2001b388  g_cDummy                           
2001b38c  g_uiDelay_sht20                    
2001b3a4  voltage                            
2001b3a8  _background                        
2001b3aa  _foreground                        
2001b3b0  RxIrqCnt                           
2001b3b1  g_bDeviceRestartIsRequired         
2001b3b2  g_ucLED1Pin                        
2001b3b3  g_ucLED2Pin                        
2001b3b4  g_ucLED3Pin                        
2001b3b5  key3flag                           
2001b3b6  key4flag                           
2001b3b8  _sys_memory                        
2001d468  _Denorm                            
2001d478  _Eps                               
2001d488  _Hugeval                           
2001d498  _Inf                               
2001d4a8  _Nan                               
2001d4b8  _Snan                              
2001d4c8  _Rteps                             
2001d4d8  _Xbig                              
2001d4e0  _Zero                              
2001d4e8  fontSize                           
2001d54c  flag                               
2001d550  uiIndex                            
2001d5a0  pxCurrentTCB                       
2001d5e8  g_uiLED1Port                       
2001d5ec  g_uiLED2Port                       
2001d5f0  g_uiLED3Port                       
2001d5f8  g_pCB                              
2001d5fc  pPingCallBackFunc                  
2001d601  is_fontchip_ok                     
2001d604  xHigherPriorityTaskWoken           
2001d608  xSimpleLinkSpawnQueue              
2001d60c  xSimpleLinkSpawnTaskHndl           
2001d61c  g_SpiFd                            
2001d620  g_pHostIntHdl                      
2001d624  g_ucDMAEnabled                     
2001d628  g_uiPingPacketsRecv                
2001d62c  g_uiPingDone                       
2001d630  _lock                              
2001d634  _unlock                            
2001d638  __TI_cleanup_ptr                   
2001d63c  __TI_dtors_ptr                     
2001d640  _Fenv                              
2001d644  _Tls_setup__Fenv                   
2001d648  tdata                              
2001d654  _Errno                             
2001d658  main_func_sp                       
2002f000  __stack                            
20030000  __STACK_END                        
ffffffff  __binit__                          
ffffffff  __c_args__                         
ffffffff  binit                              
UNDEFED   SHT$$INIT_ARRAY$$Base              
UNDEFED   SHT$$INIT_ARRAY$$Limit             

[556 symbols]
