******************************************************************************
                  TI ARM Linker PC v15.12.3                    
******************************************************************************
>> Linked Sun Nov 24 19:03:56 2024

OUTPUT FILE NAME:   <LAB_BLE-UART_2022.out>
ENTRY POINT SYMBOL: "_c_int00"  address: 20009c6d


MEMORY CONFIGURATION

         name            origin    length      used     unused   attr    fill
----------------------  --------  ---------  --------  --------  ----  --------
  SRAM_CODE             20004000   00012fff  00007640  0000b9bf  RW X
  SRAM_DATA             20017000   00019000  000050bd  00013f43  RW X


SEGMENT ALLOCATION MAP

run origin  load origin   length   init length attrs members
----------  ----------- ---------- ----------- ----- -------
20004000    20004000    00007644   00007644    r-x
  20004000    20004000    00000400   00000400    r-- .intvecs
  20004400    20004400    000060e8   000060e8    r-x .text
  2000a4e8    2000a4e8    000010bc   000010bc    r-- .const
  2000b5a8    2000b5a8    0000009c   0000009c    r-- .cinit
20017000    20017000    000048c0   00000000    rw-
  20017000    20017000    00004025   00000000    rw- .bss
  2001b028    2001b028    00000800   00000000    rw- .sysmem
  2001b828    2001b828    00000098   00000000    rw- .data
2002f800    2002f800    00000800   00000000    rw-
  2002f800    2002f800    00000800   00000000    rw- .stack


SECTION ALLOCATION MAP

 output                                  attributes/
section   page    origin      length       input sections
--------  ----  ----------  ----------   ----------------
.intvecs   0    20004000    00000400     
                  20004000    00000400     startup_ccs.obj (.intvecs)

.init_array 
*          0    20004000    00000000     UNINITIALIZED

.text      0    20004400    000060e8     
                  20004400    000010fc     rtsv7M4_T_le_eabi.lib : _printfi.obj (.text)
                  200054fc    0000108c     LCD_TFT_ILI9341.obj (.text)
                  20006588    000006c4     LCD_display.obj (.text)
                  20006c4c    0000055c     main.obj (.text)
                  200071a8    000004c0     SHT2X.obj (.text)
                  20007668    000003dc     rtsv7M4_T_le_eabi.lib : memory.obj (.text)
                  20007a44    000003b8     Font_lib.obj (.text)
                  20007dfc    00000290     i2c_if.obj (.text)
                  2000808c    00000280     uart_if.obj (.text)
                  2000830c    000001f4     rtsv7M4_T_le_eabi.lib : ull_div_t2.obj (.text)
                  20008500    000001b6                           : fd_add_t2.obj (.text)
                  200086b6    00000002     driverlib.a : interrupt.obj (.text:IntDefaultHandler)
                  200086b8    00000198     timer_if.obj (.text)
                  20008850    00000178     driverlib.a : prcm.obj (.text:PRCMCC3200MCUInit)
                  200089c8    00000136     rtsv7M4_T_le_eabi.lib : fd_div_t2.obj (.text)
                  20008afe    000000fc                           : fd_mul_t2.obj (.text)
                  20008bfa    00000002                           : i_div0.obj (.text)
                  20008bfc    000000d0                           : s_scalbn.obj (.text)
                  20008ccc    000000c8     pinmux.obj (.text)
                  20008d94    000000a8     driverlib.a : interrupt.obj (.text:IntDisable)
                  20008e3c    000000a8                 : interrupt.obj (.text:IntEnable)
                  20008ee4    000000a0                 : spi.obj (.text:SPIConfigSetExpClk)
                  20008f84    0000009c     rtsv7M4_T_le_eabi.lib : memcpy_t2.obj (.text)
                  20009020    00000094     driverlib.a : prcm.obj (.text:PRCMPeripheralClockGet)
                  200090b4    00000092     rtsv7M4_T_le_eabi.lib : fs_div_t2.obj (.text)
                  20009146    00000002                           : mpu_init.obj (.text)
                  20009148    00000088     driverlib.a : pin.obj (.text:PinConfigSet)
                  200091d0    00000088     rtsv7M4_T_le_eabi.lib : vsnprintf.obj (.text)
                  20009258    00000086                           : fd_cmp_t2.obj (.text:__aeabi_cdcmple)
                  200092de    00000086                           : fd_cmp_t2.obj (.text:__aeabi_cdrcmple)
                  20009364    00000084     driverlib.a : i2c.obj (.text:I2CMasterInitExpClk)
                  200093e8    00000082                 : gpio.obj (.text:GPIOIntTypeSet)
                  2000946a    0000007a     rtsv7M4_T_le_eabi.lib : fs_mul_t2.obj (.text)
                  200094e4    0000007a                           : memset_t2.obj (.text)
                  2000955e    00000076     driverlib.a : uart.obj (.text:UARTConfigSetExpClk)
                  200095d4    00000070                 : timer.obj (.text:TimerIntRegister)
                  20009644    00000070     rtsv7M4_T_le_eabi.lib : autoinit.obj (.text)
                  200096b4    0000006e                           : fd_tos_t2.obj (.text)
                  20009722    0000006a                           : copy_decompress_rle.obj (.text)
                  2000978c    00000068     driverlib.a : timer.obj (.text:TimerIntUnregister)
                  200097f4    00000060     rtsv7M4_T_le_eabi.lib : sprintf.obj (.text)
                  20009854    0000005e                           : i_divt2.obj (.text)
                  200098b2    00000002                           : startup.obj (.text)
                  200098b4    0000005c                           : s_frexp.obj (.text)
                  20009910    00000058     driverlib.a : interrupt.obj (.text:IntPendClear)
                  20009968    00000058                 : prcm.obj (.text:PRCMPeripheralReset)
                  200099c0    00000056     rtsv7M4_T_le_eabi.lib : ltoa.obj (.text)
                  20009a16    00000002     --HOLE-- [fill = 0]
                  20009a18    00000054     driverlib.a : interrupt.obj (.text:IntPrioritySet)
                  20009a6c    00000054     rtsv7M4_T_le_eabi.lib : exit.obj (.text)
                  20009ac0    0000004c                           : atoi.obj (.text)
                  20009b0c    0000004c                           : cpy_tbl.obj (.text)
                  20009b58    00000048     driverlib.a : gpio.obj (.text:GPIOGetIntNumber)
                  20009ba0    00000048     rtsv7M4_T_le_eabi.lib : fd_toi_t2.obj (.text)
                  20009be8    00000044     driverlib.a : timer.obj (.text:TimerConfigure)
                  20009c2c    00000040                 : pin.obj (.text:PinModeSet)
                  20009c6c    00000040     rtsv7M4_T_le_eabi.lib : boot.obj (.text)
                  20009cac    0000003c     driverlib.a : prcm.obj (.text:PRCMPeripheralClkEnable)
                  20009ce8    00000038                 : adc.obj (.text:ADCChannelDisable)
                  20009d20    00000038                 : adc.obj (.text:ADCChannelEnable)
                  20009d58    00000038     rtsv7M4_T_le_eabi.lib : fs_tod_t2.obj (.text)
                  20009d90    00000038                           : fs_toi_t2.obj (.text)
                  20009dc8    00000036     driverlib.a : gpio.obj (.text:GPIODirModeSet)
                  20009dfe    00000030                 : pin.obj (.text:PinTypeGPIO)
                  20009e2e    00000002     --HOLE-- [fill = 0]
                  20009e30    00000030                 : uart.obj (.text:UARTDisable)
                  20009e60    0000002e     rtsv7M4_T_le_eabi.lib : i_tofd_t2.obj (.text)
                  20009e8e    0000002c     driverlib.a : i2c.obj (.text:I2CMasterErr)
                  20009eba    00000002     --HOLE-- [fill = 0]
                  20009ebc    0000002c                 : prcm.obj (.text:PRCMSysResetCauseGet)
                  20009ee8    0000002a                 : spi.obj (.text:SPIDataGetNonBlocking)
                  20009f12    0000002a                 : timer.obj (.text:TimerLoadSet)
                  20009f3c    0000002a                 : timer.obj (.text:TimerPrescaleSet)
                  20009f66    00000002     --HOLE-- [fill = 0]
                  20009f68    00000028                 : prcm.obj (.text:PRCMPeripheralClkDisable)
                  20009f90    00000024                 : interrupt.obj (.text:IntUnregister)
                  20009fb4    00000024                 : uart.obj (.text:UARTEnable)
                  20009fd8    00000024     rtsv7M4_T_le_eabi.lib : memmov.obj (.text)
                  20009ffc    00000024                           : u_tofs_t2.obj (.text)
                  2000a020    00000022     driverlib.a : adc.obj (.text:ADCTimerConfig)
                  2000a042    00000022                 : gpio.obj (.text:GPIOIntStatus)
                  2000a064    00000022                 : i2c.obj (.text:I2CMasterSlaveAddrSet)
                  2000a086    00000022                 : spi.obj (.text:SPIReset)
                  2000a0a8    00000020                 : gpio.obj (.text:GPIOPinWrite)
                  2000a0c8    00000020                 : interrupt.obj (.text:IntRegister)
                  2000a0e8    00000020                 : spi.obj (.text:SPIDataGet)
                  2000a108    0000001e                 : gpio.obj (.text:GPIOIntRegister)
                  2000a126    0000001e                 : i2c.obj (.text:I2CMasterIntStatusEx)
                  2000a144    0000001e                 : spi.obj (.text:SPIDataPut)
                  2000a162    0000001e                 : timer.obj (.text:TimerDisable)
                  2000a180    0000001e                 : timer.obj (.text:TimerEnable)
                  2000a19e    0000001e                 : timer.obj (.text:TimerIntStatus)
                  2000a1bc    0000001e                 : uart.obj (.text:UARTCharPut)
                  2000a1da    0000001c                 : adc.obj (.text:ADCFIFOLvlGet)
                  2000a1f6    0000001c                 : pin.obj (.text:PinTypeI2C)
                  2000a212    0000001c                 : timer.obj (.text:TimerValueGet)
                  2000a22e    0000001c                 : uart.obj (.text:UARTCharGetNonBlocking)
                  2000a24a    0000001c     rtsv7M4_T_le_eabi.lib : memccpy.obj (.text)
                  2000a266    0000001a     driverlib.a : gpio.obj (.text:GPIOIntEnable)
                  2000a280    0000001a                 : pin.obj (.text:PinTypeSPI)
                  2000a29a    0000001a                 : pin.obj (.text:PinTypeUART)
                  2000a2b4    00000018                 : adc.obj (.text:ADCFIFORead)
                  2000a2cc    00000018                 : spi.obj (.text:SPIEnable)
                  2000a2e4    00000018                 : timer.obj (.text:TimerIntDisable)
                  2000a2fc    00000018                 : timer.obj (.text:TimerIntEnable)
                  2000a314    00000018                 : uart.obj (.text:UARTCharsAvail)
                  2000a32c    00000018     rtsv7M4_T_le_eabi.lib : args_main.obj (.text)
                  2000a344    00000016     driverlib.a : adc.obj (.text:ADCTimerEnable)
                  2000a35a    00000016                 : i2c.obj (.text:I2CMasterDataPut)
                  2000a370    00000016                 : i2c.obj (.text:I2CMasterEnable)
                  2000a386    00000016                 : prcm.obj (.text:PRCMHIBRegRead)
                  2000a39c    00000016                 : prcm.obj (.text:PRCMHIBRegWrite)
                  2000a3b2    00000016     rtsv7M4_T_le_eabi.lib : strchr.obj (.text)
                  2000a3c8    00000014     driverlib.a : adc.obj (.text:ADCEnable)
                  2000a3dc    00000014                 : cpu.obj (.text:CPUcpsie)
                  2000a3f0    00000014                 : gpio.obj (.text:GPIOIntClear)
                  2000a404    00000014                 : interrupt.obj (.text:IntVTableBaseSet)
                  2000a418    00000014                 : pin.obj (.text:PinTypeADC)
                  2000a42c    00000014     rtsv7M4_T_le_eabi.lib : _lock.obj (.text)
                  2000a440    00000014                           : strlen.obj (.text)
                  2000a454    00000012     driverlib.a : i2c.obj (.text:I2CMasterControl)
                  2000a466    00000012                 : i2c.obj (.text:I2CMasterIntClearEx)
                  2000a478    00000012                 : i2c.obj (.text:I2CMasterTimeoutSet)
                  2000a48a    00000012                 : timer.obj (.text:TimerIntClear)
                  2000a49c    0000000e                 : i2c.obj (.text:I2CMasterDataGet)
                  2000a4aa    0000000e     rtsv7M4_T_le_eabi.lib : copy_decompress_none.obj (.text:decompress:none)
                  2000a4b8    0000000e     startup_ccs.obj (.text)
                  2000a4c6    0000000a     driverlib.a : interrupt.obj (.text:IntMasterEnable)
                  2000a4d0    00000008     rtsv7M4_T_le_eabi.lib : s_copysign.obj (.text)
                  2000a4d8    00000006     driverlib.a : utils.obj (.text:UtilsDelay)
                  2000a4de    00000006     rtsv7M4_T_le_eabi.lib : copy_decompress_rle.obj (.text:decompress:rle24)
                  2000a4e4    00000004                           : pre_init.obj (.text)

.const     0    2000a4e8    000010bc     
                  2000a4e8    000005f0     LCD_TFT_ILI9341.obj (.const:asc2_1608)
                  2000aad8    00000474     LCD_TFT_ILI9341.obj (.const:asc2_1206)
                  2000af4c    00000258     LCD_TFT_ILI9341.obj (.const:tfont24)
                  2000b1a4    00000101     rtsv7M4_T_le_eabi.lib : ctype.obj (.const:.string:_ctypes_)
                  2000b2a5    00000003     --HOLE-- [fill = 0]
                  2000b2a8    00000100     driverlib.a : pin.obj (.const:g_ulPinToPadMap)
                  2000b3a8    000000d4                 : interrupt.obj (.const:g_pulRegs)
                  2000b47c    000000a8                 : prcm.obj (.const:PRCM_PeriphRegsList)
                  2000b524    00000080                 : interrupt.obj (.const)

.cinit     0    2000b5a8    0000009c     
                  2000b5a8    00000078     (.cinit..data.load) [load image, compression = rle]
                  2000b620    0000000b     (.cinit..bss.load) [load image, compression = rle]
                  2000b62b    00000001     --HOLE-- [fill = 0]
                  2000b62c    00000008     (__TI_handler_table)
                  2000b634    00000010     (__TI_cinit_table)

.bss       0    20017000    00004025     UNINITIALIZED
                  20017000    00004000     (.common:pulAdcSamples)
                  2001b000    0000000c     main.obj (.bss)
                  2001b00c    00000004     uart_if.obj (.bss)
                  2001b010    00000004     (.common:char_x)
                  2001b014    00000004     (.common:char_y)
                  2001b018    00000004     (.common:g_uiDelay_sht20)
                  2001b01c    00000002     main.obj (.bss:sRH$1)
                  2001b01e    00000002     main.obj (.bss:sT$3)
                  2001b020    00000002     (.common:_background)
                  2001b022    00000002     (.common:_foreground)
                  2001b024    00000001     (.common:key4flag)

.sysmem    0    2001b028    00000800     UNINITIALIZED
                  2001b028    00000008     rtsv7M4_T_le_eabi.lib : memory.obj (.sysmem)
                  2001b030    000007f8     --HOLE--

.data      0    2001b828    00000098     UNINITIALIZED
                  2001b828    00000060     Font_lib.obj (.data:fontSize)
                  2001b888    0000000c     rtsv7M4_T_le_eabi.lib : exit.obj (.data:$O1$$)
                  2001b894    0000000c                           : memory.obj (.data:$O1$$)
                  2001b8a0    00000008                           : _lock.obj (.data:$O1$$)
                  2001b8a8    00000008     main.obj (.data)
                  2001b8b0    00000006     SHT2X.obj (.data:tdata)
                  2001b8b6    00000001     LCD_display.obj (.data)
                  2001b8b7    00000001     --HOLE--
                  2001b8b8    00000004     rtsv7M4_T_le_eabi.lib : errno.obj (.data)
                  2001b8bc    00000004                           : stkdepth_vars.obj (.data)

.stack     0    2002f800    00000800     UNINITIALIZED
                  2002f800    00000800     --HOLE--

MODULE SUMMARY

       Module                     code    ro data   rw data
       ------                     ----    -------   -------
    .\
       main.obj                   1372    0         16413  
       LCD_TFT_ILI9341.obj        4236    3260      12     
       LCD_display.obj            1732    0         1      
       SHT2X.obj                  1216    0         6      
       Font_lib.obj               952     0         96     
       startup_ccs.obj            14      1024      0      
       i2c_if.obj                 656     0         0      
       uart_if.obj                640     0         4      
       timer_if.obj               408     0         0      
       pinmux.obj                 200     0         0      
    +--+--------------------------+-------+---------+---------+
       Total:                     11426   4284      16532  
                                                           
    C:/ti/CC3200SDK_1.2.0/cc3200-sdk/driverlib/ccs/Release/driverlib.a
       prcm.obj                   800     168       0      
       interrupt.obj              608     340       0      
       pin.obj                    348     256       0      
       timer.obj                  552     0         0      
       gpio.obj                   398     0         0      
       i2c.obj                    352     0         0      
       spi.obj                    322     0         0      
       uart.obj                   284     0         0      
       adc.obj                    240     0         0      
       cpu.obj                    20      0         0      
       utils.obj                  6       0         0      
    +--+--------------------------+-------+---------+---------+
       Total:                     3930    764       0      
                                                           
    D:\software\WebOfThings\CCS6.2.0\ccsv6\tools\compiler\arm_15.12.3.LTS\lib\rtsv7M4_T_le_eabi.lib
       _printfi.obj               4348    0         0      
       memory.obj                 988     0         12     
       ull_div_t2.obj             500     0         0      
       fd_add_t2.obj              438     0         0      
       fd_div_t2.obj              310     0         0      
       fd_cmp_t2.obj              268     0         0      
       ctype.obj                  0       257       0      
       fd_mul_t2.obj              252     0         0      
       s_scalbn.obj               208     0         0      
       memcpy_t2.obj              156     0         0      
       fs_div_t2.obj              146     0         0      
       vsnprintf.obj              136     0         0      
       fs_mul_t2.obj              122     0         0      
       memset_t2.obj              122     0         0      
       autoinit.obj               112     0         0      
       copy_decompress_rle.obj    112     0         0      
       fd_tos_t2.obj              110     0         0      
       exit.obj                   84      0         12     
       sprintf.obj                96      0         0      
       i_divt2.obj                94      0         0      
       s_frexp.obj                92      0         0      
       ltoa.obj                   86      0         0      
       atoi.obj                   76      0         0      
       cpy_tbl.obj                76      0         0      
       fd_toi_t2.obj              72      0         0      
       boot.obj                   64      0         0      
       fs_tod_t2.obj              56      0         0      
       fs_toi_t2.obj              56      0         0      
       i_tofd_t2.obj              46      0         0      
       memmov.obj                 36      0         0      
       u_tofs_t2.obj              36      0         0      
       _lock.obj                  20      0         8      
       memccpy.obj                28      0         0      
       args_main.obj              24      0         0      
       strchr.obj                 22      0         0      
       strlen.obj                 20      0         0      
       copy_decompress_none.obj   14      0         0      
       s_copysign.obj             8       0         0      
       errno.obj                  0       0         4      
       pre_init.obj               4       0         0      
       stkdepth_vars.obj          0       0         4      
       i_div0.obj                 2       0         0      
       mpu_init.obj               2       0         0      
       startup.obj                2       0         0      
    +--+--------------------------+-------+---------+---------+
       Total:                     9444    257       40     
                                                           
       Heap:                      0       0         2048   
       Stack:                     0       0         2048   
       Linker Generated:          0       155       0      
    +--+--------------------------+-------+---------+---------+
       Grand Total:               24800   5460      20668  


LINKER GENERATED COPY TABLES

__TI_cinit_table @ 2000b634 records: 2, size/record: 8, table size: 16
	.data: load addr=2000b5a8, load size=00000078 bytes, run addr=2001b828, run size=00000098 bytes, compression=rle
	.bss: load addr=2000b620, load size=0000000b bytes, run addr=20017000, run size=00004025 bytes, compression=rle


LINKER GENERATED HANDLER TABLE

__TI_handler_table @ 2000b62c records: 2, size/record: 4, table size: 8
	index: 0, handler: __TI_decompress_rle24
	index: 1, handler: __TI_decompress_none


GLOBAL SYMBOLS: SORTED ALPHABETICALLY BY Name 

address   name                           
-------   ----                           
20009ce9  ADCChannelDisable              
20009d21  ADCChannelEnable               
2000a3c9  ADCEnable                      
2000a1db  ADCFIFOLvlGet                  
2000a2b5  ADCFIFORead                    
2000a021  ADCTimerConfig                 
2000a345  ADCTimerEnable                 
20009a6d  C$$EXIT                        
2000a3dd  CPUcpsie                       
200080cd  ClearTerm                      
200080d7  Error                          
20007c7f  FONT_SPI_writebyte             
20009dc9  GPIODirModeSet                 
2000a3f1  GPIOIntClear                   
2000a267  GPIOIntEnable                  
2000a109  GPIOIntRegister                
2000a043  GPIOIntStatus                  
200093e9  GPIOIntTypeSet                 
2000a0a9  GPIOPinWrite                   
20007a45  GT20GetFontAddr                
20007cbb  GT20Init                       
20007cc9  GT20Read                       
2000810f  GetCmd                         
2000a455  I2CMasterControl               
2000a49d  I2CMasterDataGet               
2000a35b  I2CMasterDataPut               
2000a371  I2CMasterEnable                
20009e8f  I2CMasterErr                   
20009365  I2CMasterInitExpClk            
2000a467  I2CMasterIntClearEx            
2000a127  I2CMasterIntStatusEx           
2000a065  I2CMasterSlaveAddrSet          
2000a479  I2CMasterTimeoutSet            
20008075  I2C_IF_Close                   
2000802d  I2C_IF_Open                    
20007f27  I2C_IF_Read                    
20007fe3  I2C_IF_ReadFrom                
20007e71  I2C_IF_Write                   
2000808d  InitTerm                       
20008d95  IntDisable                     
20008e3d  IntEnable                      
2000a4c7  IntMasterEnable                
20009911  IntPendClear                   
20009a19  IntPrioritySet                 
2000a0c9  IntRegister                    
20006589  IntToStr                       
20009f91  IntUnregister                  
2000a405  IntVTableBaseSet               
20006c9f  Key4Handler                    
20006cc1  Keyinit                        
2000685b  LCD_AsciiDisplay               
2000552d  LCD_CD_HIGH                    
2000551d  LCD_CD_LOW                     
2000550d  LCD_CS_HIGH                    
200054fd  LCD_CS_LOW                     
20006a69  LCD_ChineseDisplay             
20006bb9  LCD_FloatDisplay               
20006b03  LCD_FontDisplay                
200059a1  LCD_ILI9341_TFT_Init           
20005695  LCD_ILI9341_TFT_WindowMax      
20006015  LCD_ILI9341_TFT_background     
200059bf  LCD_ILI9341_TFT_circle         
2000594d  LCD_ILI9341_TFT_cls            
20005c11  LCD_ILI9341_TFT_fillcircle     
20005f63  LCD_ILI9341_TFT_fillrect       
2000667d  LCD_ILI9341_TFT_fontpixel      
20006001  LCD_ILI9341_TFT_foreground     
200055a7  LCD_ILI9341_TFT_height         
20005c4d  LCD_ILI9341_TFT_hline          
20005d3d  LCD_ILI9341_TFT_line           
20005fe9  LCD_ILI9341_TFT_locate         
200058e9  LCD_ILI9341_TFT_pixel          
20005ecb  LCD_ILI9341_TFT_rect           
20005611  LCD_ILI9341_TFT_set_orientation
200056ad  LCD_ILI9341_TFT_tft_reset      
20005cc5  LCD_ILI9341_TFT_vline          
2000559f  LCD_ILI9341_TFT_width          
20005621  LCD_ILI9341_TFT_window         
200055ad  LCD_ILI9341_TFT_wr_cmd         
200055c7  LCD_ILI9341_TFT_wr_dat         
200055e1  LCD_ILI9341_TFT_wr_dat_start   
200055ed  LCD_ILI9341_TFT_wr_dat_stop    
200055f5  LCD_ILI9341_TFT_wr_reg         
2000553d  LCD_PIN_Init                   
20007c99  LCD_SPI_readbyte               
20005585  LCD_SPI_writebyte              
20006281  LCD_Show_ChFont2424            
200063c1  LCD_Show_StandbyPage           
20006b31  LCD_StringDisplay              
20006029  LCD_TFT_ShowChar               
20006165  LCD_TFT_ShowString             
200066e1  LCD_font2char                  
200068f9  LCD_font2hanzi                 
200080ab  Message                        
20008851  PRCMCC3200MCUInit              
2000a387  PRCMHIBRegRead                 
2000a39d  PRCMHIBRegWrite                
20009f69  PRCMPeripheralClkDisable       
20009cad  PRCMPeripheralClkEnable        
20009021  PRCMPeripheralClockGet         
20009969  PRCMPeripheralReset            
20009ebd  PRCMSysResetCauseGet           
20009149  PinConfigSet                   
20009c2d  PinModeSet                     
20008ccd  PinMuxConfig                   
2000a419  PinTypeADC                     
20009dff  PinTypeGPIO                    
2000a1f7  PinTypeI2C                     
2000a281  PinTypeSPI                     
2000a29b  PinTypeUART                    
2000824d  Report                         
2000a4b9  ResetISR                       
UNDEFED   SHT$$INIT_ARRAY$$Base          
UNDEFED   SHT$$INIT_ARRAY$$Limit         
20007477  SHT2x_CalcRH                   
200074b7  SHT2x_CalcTemperatureC         
200071b9  SHT2x_CheckCrc                 
200074fd  SHT2x_GetSerialNumber          
200072f3  SHT2x_MeasureHM                
200073a1  SHT2x_MeasurePoll              
20007257  SHT2x_ReadUserRegister         
2000744f  SHT2x_SoftReset                
200072b7  SHT2x_WriteUserRegister        
20008ee5  SPIConfigSetExpClk             
2000a0e9  SPIDataGet                     
20009ee9  SPIDataGetNonBlocking          
2000a145  SPIDataPut                     
2000a2cd  SPIEnable                      
2000a087  SPIReset                       
200071a9  SysCtlDelay                    
20006c8b  TimerBaseIntHandler            
20009be9  TimerConfigure                 
2000a163  TimerDisable                   
2000a181  TimerEnable                    
2000a48b  TimerIntClear                  
2000a2e5  TimerIntDisable                
2000a2fd  TimerIntEnable                 
200095d5  TimerIntRegister               
2000a19f  TimerIntStatus                 
2000978d  TimerIntUnregister             
20009f13  TimerLoadSet                   
20009f3d  TimerPrescaleSet               
2000a213  TimerValueGet                  
200087ff  Timer_IF_DeInit                
20008831  Timer_IF_GetCount              
20008739  Timer_IF_Init                  
2000876b  Timer_IF_IntSetup              
200087b7  Timer_IF_InterruptClear        
20008819  Timer_IF_ReLoad                
200087cf  Timer_IF_Start                 
200087ef  Timer_IF_Stop                  
200081b5  TrimSpace                      
2000a22f  UARTCharGetNonBlocking         
2000a1bd  UARTCharPut                    
2000a315  UARTCharsAvail                 
2000955f  UARTConfigSetExpClk            
20009e31  UARTDisable                    
20009fb5  UARTEnable                     
2000a4d9  UtilsDelay                     
20006cfb  Wheelgetvalue                  
20006d99  Wheelinit                      
20030000  __STACK_END                    
00000800  __STACK_SIZE                   
00000800  __SYSMEM_SIZE                  
2000b634  __TI_CINIT_Base                
2000b644  __TI_CINIT_Limit               
2000b62c  __TI_Handler_Table_Base        
2000b634  __TI_Handler_Table_Limit       
20009645  __TI_auto_init                 
2001b888  __TI_cleanup_ptr               
2000a4ab  __TI_decompress_none           
2000a4df  __TI_decompress_rle24          
2001b88c  __TI_dtors_ptr                 
2001b890  __TI_enable_exit_profile_output
ffffffff  __TI_pprof_out_hndl            
200051f7  __TI_printfi                   
ffffffff  __TI_prof_data_size            
ffffffff  __TI_prof_data_start           
2000b5a8  __TI_static_base__             
20009259  __aeabi_cdcmpeq                
20009259  __aeabi_cdcmple                
200092df  __aeabi_cdrcmple               
200096b5  __aeabi_d2f                    
20009ba1  __aeabi_d2iz                   
2000850b  __aeabi_dadd                   
200089c9  __aeabi_ddiv                   
20008aff  __aeabi_dmul                   
20008501  __aeabi_dsub                   
20009d59  __aeabi_f2d                    
20009d91  __aeabi_f2iz                   
200090b5  __aeabi_fdiv                   
2000946b  __aeabi_fmul                   
20009e61  __aeabi_i2d                    
20009855  __aeabi_idiv                   
20008bfb  __aeabi_idiv0                  
20009855  __aeabi_idivmod                
200094e5  __aeabi_memclr                 
200094e5  __aeabi_memclr4                
200094e5  __aeabi_memclr8                
20008f85  __aeabi_memcpy                 
20008f85  __aeabi_memcpy4                
20008f85  __aeabi_memcpy8                
200094e7  __aeabi_memset                 
200094e7  __aeabi_memset4                
200094e7  __aeabi_memset8                
20009ffd  __aeabi_ui2f                   
2000830d  __aeabi_uldivmod               
ffffffff  __binit__                      
ffffffff  __c_args__                     
20009147  __mpu_init                     
2002f800  __stack                        
2000a32d  _args_main                     
2001b020  _background                    
20009c6d  _c_int00                       
2000b1a4  _ctypes_                       
2001b022  _foreground                    
2001b8a0  _lock                          
2000a43b  _nop                           
2000a433  _register_lock                 
2000a42d  _register_unlock               
2001b028  _sys_memory                    
200098b3  _system_post_cinit             
2000a4e5  _system_pre_init               
2001b8a4  _unlock                        
20009a71  abort                          
2000aad8  asc2_1206                      
2000a4e8  asc2_1608                      
20009ac1  atoi                           
ffffffff  binit                          
20007a11  calloc                         
2001b010  char_x                         
2001b014  char_y                         
20009b0d  copy_in                        
2000a4d1  copysign                       
2000a4d1  copysignl                      
2001b8b8  errno                          
20009a79  exit                           
2001b828  fontSize                       
2000775f  free                           
200098b5  frexp                          
200098b5  frexpl                         
20004000  g_pfnVectors                   
2001b018  g_uiDelay_sht20                
2001b8b6  is_fontchip_ok                 
2001b024  key4flag                       
20006671  lcd_clear                      
20006621  lcd_init                       
20008bfd  ldexp                          
20008bfd  ldexpl                         
200099c1  ltoa                           
20006ffd  main                           
2001b8bc  main_func_sp                   
200076f7  malloc                         
2000792d  memalign                       
2000a24b  memccpy                        
20008f85  memcpy                         
20009fd9  memmove                        
200094ed  memset                         
20007669  minit                          
20017000  pulAdcSamples                  
20007821  realloc                        
20008bfd  scalbn                         
20008bfd  scalbnl                        
200075cf  sht20_func                     
200097f5  sprintf                        
2000a3b3  strchr                         
2000a441  strlen                         
2001b8b0  tdata                          
2000af4c  tfont24                        
2001b8a8  uiIndex                        
200091d1  vsnprintf                      
20006c4d  wait_ms                        
20006dd5  while_SHT20                    


GLOBAL SYMBOLS: SORTED BY Symbol Address 

address   name                           
-------   ----                           
00000800  __STACK_SIZE                   
00000800  __SYSMEM_SIZE                  
20004000  g_pfnVectors                   
200051f7  __TI_printfi                   
200054fd  LCD_CS_LOW                     
2000550d  LCD_CS_HIGH                    
2000551d  LCD_CD_LOW                     
2000552d  LCD_CD_HIGH                    
2000553d  LCD_PIN_Init                   
20005585  LCD_SPI_writebyte              
2000559f  LCD_ILI9341_TFT_width          
200055a7  LCD_ILI9341_TFT_height         
200055ad  LCD_ILI9341_TFT_wr_cmd         
200055c7  LCD_ILI9341_TFT_wr_dat         
200055e1  LCD_ILI9341_TFT_wr_dat_start   
200055ed  LCD_ILI9341_TFT_wr_dat_stop    
200055f5  LCD_ILI9341_TFT_wr_reg         
20005611  LCD_ILI9341_TFT_set_orientation
20005621  LCD_ILI9341_TFT_window         
20005695  LCD_ILI9341_TFT_WindowMax      
200056ad  LCD_ILI9341_TFT_tft_reset      
200058e9  LCD_ILI9341_TFT_pixel          
2000594d  LCD_ILI9341_TFT_cls            
200059a1  LCD_ILI9341_TFT_Init           
200059bf  LCD_ILI9341_TFT_circle         
20005c11  LCD_ILI9341_TFT_fillcircle     
20005c4d  LCD_ILI9341_TFT_hline          
20005cc5  LCD_ILI9341_TFT_vline          
20005d3d  LCD_ILI9341_TFT_line           
20005ecb  LCD_ILI9341_TFT_rect           
20005f63  LCD_ILI9341_TFT_fillrect       
20005fe9  LCD_ILI9341_TFT_locate         
20006001  LCD_ILI9341_TFT_foreground     
20006015  LCD_ILI9341_TFT_background     
20006029  LCD_TFT_ShowChar               
20006165  LCD_TFT_ShowString             
20006281  LCD_Show_ChFont2424            
200063c1  LCD_Show_StandbyPage           
20006589  IntToStr                       
20006621  lcd_init                       
20006671  lcd_clear                      
2000667d  LCD_ILI9341_TFT_fontpixel      
200066e1  LCD_font2char                  
2000685b  LCD_AsciiDisplay               
200068f9  LCD_font2hanzi                 
20006a69  LCD_ChineseDisplay             
20006b03  LCD_FontDisplay                
20006b31  LCD_StringDisplay              
20006bb9  LCD_FloatDisplay               
20006c4d  wait_ms                        
20006c8b  TimerBaseIntHandler            
20006c9f  Key4Handler                    
20006cc1  Keyinit                        
20006cfb  Wheelgetvalue                  
20006d99  Wheelinit                      
20006dd5  while_SHT20                    
20006ffd  main                           
200071a9  SysCtlDelay                    
200071b9  SHT2x_CheckCrc                 
20007257  SHT2x_ReadUserRegister         
200072b7  SHT2x_WriteUserRegister        
200072f3  SHT2x_MeasureHM                
200073a1  SHT2x_MeasurePoll              
2000744f  SHT2x_SoftReset                
20007477  SHT2x_CalcRH                   
200074b7  SHT2x_CalcTemperatureC         
200074fd  SHT2x_GetSerialNumber          
200075cf  sht20_func                     
20007669  minit                          
200076f7  malloc                         
2000775f  free                           
20007821  realloc                        
2000792d  memalign                       
20007a11  calloc                         
20007a45  GT20GetFontAddr                
20007c7f  FONT_SPI_writebyte             
20007c99  LCD_SPI_readbyte               
20007cbb  GT20Init                       
20007cc9  GT20Read                       
20007e71  I2C_IF_Write                   
20007f27  I2C_IF_Read                    
20007fe3  I2C_IF_ReadFrom                
2000802d  I2C_IF_Open                    
20008075  I2C_IF_Close                   
2000808d  InitTerm                       
200080ab  Message                        
200080cd  ClearTerm                      
200080d7  Error                          
2000810f  GetCmd                         
200081b5  TrimSpace                      
2000824d  Report                         
2000830d  __aeabi_uldivmod               
20008501  __aeabi_dsub                   
2000850b  __aeabi_dadd                   
20008739  Timer_IF_Init                  
2000876b  Timer_IF_IntSetup              
200087b7  Timer_IF_InterruptClear        
200087cf  Timer_IF_Start                 
200087ef  Timer_IF_Stop                  
200087ff  Timer_IF_DeInit                
20008819  Timer_IF_ReLoad                
20008831  Timer_IF_GetCount              
20008851  PRCMCC3200MCUInit              
200089c9  __aeabi_ddiv                   
20008aff  __aeabi_dmul                   
20008bfb  __aeabi_idiv0                  
20008bfd  ldexp                          
20008bfd  ldexpl                         
20008bfd  scalbn                         
20008bfd  scalbnl                        
20008ccd  PinMuxConfig                   
20008d95  IntDisable                     
20008e3d  IntEnable                      
20008ee5  SPIConfigSetExpClk             
20008f85  __aeabi_memcpy                 
20008f85  __aeabi_memcpy4                
20008f85  __aeabi_memcpy8                
20008f85  memcpy                         
20009021  PRCMPeripheralClockGet         
200090b5  __aeabi_fdiv                   
20009147  __mpu_init                     
20009149  PinConfigSet                   
200091d1  vsnprintf                      
20009259  __aeabi_cdcmpeq                
20009259  __aeabi_cdcmple                
200092df  __aeabi_cdrcmple               
20009365  I2CMasterInitExpClk            
200093e9  GPIOIntTypeSet                 
2000946b  __aeabi_fmul                   
200094e5  __aeabi_memclr                 
200094e5  __aeabi_memclr4                
200094e5  __aeabi_memclr8                
200094e7  __aeabi_memset                 
200094e7  __aeabi_memset4                
200094e7  __aeabi_memset8                
200094ed  memset                         
2000955f  UARTConfigSetExpClk            
200095d5  TimerIntRegister               
20009645  __TI_auto_init                 
200096b5  __aeabi_d2f                    
2000978d  TimerIntUnregister             
200097f5  sprintf                        
20009855  __aeabi_idiv                   
20009855  __aeabi_idivmod                
200098b3  _system_post_cinit             
200098b5  frexp                          
200098b5  frexpl                         
20009911  IntPendClear                   
20009969  PRCMPeripheralReset            
200099c1  ltoa                           
20009a19  IntPrioritySet                 
20009a6d  C$$EXIT                        
20009a71  abort                          
20009a79  exit                           
20009ac1  atoi                           
20009b0d  copy_in                        
20009ba1  __aeabi_d2iz                   
20009be9  TimerConfigure                 
20009c2d  PinModeSet                     
20009c6d  _c_int00                       
20009cad  PRCMPeripheralClkEnable        
20009ce9  ADCChannelDisable              
20009d21  ADCChannelEnable               
20009d59  __aeabi_f2d                    
20009d91  __aeabi_f2iz                   
20009dc9  GPIODirModeSet                 
20009dff  PinTypeGPIO                    
20009e31  UARTDisable                    
20009e61  __aeabi_i2d                    
20009e8f  I2CMasterErr                   
20009ebd  PRCMSysResetCauseGet           
20009ee9  SPIDataGetNonBlocking          
20009f13  TimerLoadSet                   
20009f3d  TimerPrescaleSet               
20009f69  PRCMPeripheralClkDisable       
20009f91  IntUnregister                  
20009fb5  UARTEnable                     
20009fd9  memmove                        
20009ffd  __aeabi_ui2f                   
2000a021  ADCTimerConfig                 
2000a043  GPIOIntStatus                  
2000a065  I2CMasterSlaveAddrSet          
2000a087  SPIReset                       
2000a0a9  GPIOPinWrite                   
2000a0c9  IntRegister                    
2000a0e9  SPIDataGet                     
2000a109  GPIOIntRegister                
2000a127  I2CMasterIntStatusEx           
2000a145  SPIDataPut                     
2000a163  TimerDisable                   
2000a181  TimerEnable                    
2000a19f  TimerIntStatus                 
2000a1bd  UARTCharPut                    
2000a1db  ADCFIFOLvlGet                  
2000a1f7  PinTypeI2C                     
2000a213  TimerValueGet                  
2000a22f  UARTCharGetNonBlocking         
2000a24b  memccpy                        
2000a267  GPIOIntEnable                  
2000a281  PinTypeSPI                     
2000a29b  PinTypeUART                    
2000a2b5  ADCFIFORead                    
2000a2cd  SPIEnable                      
2000a2e5  TimerIntDisable                
2000a2fd  TimerIntEnable                 
2000a315  UARTCharsAvail                 
2000a32d  _args_main                     
2000a345  ADCTimerEnable                 
2000a35b  I2CMasterDataPut               
2000a371  I2CMasterEnable                
2000a387  PRCMHIBRegRead                 
2000a39d  PRCMHIBRegWrite                
2000a3b3  strchr                         
2000a3c9  ADCEnable                      
2000a3dd  CPUcpsie                       
2000a3f1  GPIOIntClear                   
2000a405  IntVTableBaseSet               
2000a419  PinTypeADC                     
2000a42d  _register_unlock               
2000a433  _register_lock                 
2000a43b  _nop                           
2000a441  strlen                         
2000a455  I2CMasterControl               
2000a467  I2CMasterIntClearEx            
2000a479  I2CMasterTimeoutSet            
2000a48b  TimerIntClear                  
2000a49d  I2CMasterDataGet               
2000a4ab  __TI_decompress_none           
2000a4b9  ResetISR                       
2000a4c7  IntMasterEnable                
2000a4d1  copysign                       
2000a4d1  copysignl                      
2000a4d9  UtilsDelay                     
2000a4df  __TI_decompress_rle24          
2000a4e5  _system_pre_init               
2000a4e8  asc2_1608                      
2000aad8  asc2_1206                      
2000af4c  tfont24                        
2000b1a4  _ctypes_                       
2000b5a8  __TI_static_base__             
2000b62c  __TI_Handler_Table_Base        
2000b634  __TI_CINIT_Base                
2000b634  __TI_Handler_Table_Limit       
2000b644  __TI_CINIT_Limit               
20017000  pulAdcSamples                  
2001b010  char_x                         
2001b014  char_y                         
2001b018  g_uiDelay_sht20                
2001b020  _background                    
2001b022  _foreground                    
2001b024  key4flag                       
2001b028  _sys_memory                    
2001b828  fontSize                       
2001b888  __TI_cleanup_ptr               
2001b88c  __TI_dtors_ptr                 
2001b890  __TI_enable_exit_profile_output
2001b8a0  _lock                          
2001b8a4  _unlock                        
2001b8a8  uiIndex                        
2001b8b0  tdata                          
2001b8b6  is_fontchip_ok                 
2001b8b8  errno                          
2001b8bc  main_func_sp                   
2002f800  __stack                        
20030000  __STACK_END                    
ffffffff  __TI_pprof_out_hndl            
ffffffff  __TI_prof_data_size            
ffffffff  __TI_prof_data_start           
ffffffff  __binit__                      
ffffffff  __c_args__                     
ffffffff  binit                          
UNDEFED   SHT$$INIT_ARRAY$$Base          
UNDEFED   SHT$$INIT_ARRAY$$Limit         

[273 symbols]
