<?xml version="1.0"?>
<link_info>
   <banner>TI ARM Linker PC v15.12.3.LTS</banner>
   <copyright>Copyright (c) 1996-2015 Texas Instruments Incorporated</copyright>
   <link_time>0x67447da9</link_time>
   <link_errors>0x0</link_errors>
   <output_file>LAB_BLE2050971.out</output_file>
   <entry_point>
      <name>_c_int00</name>
      <address>0x20009fc1</address>
   </entry_point>
   <input_file_list>
      <input_file id="fl-2">
         <path>.\</path>
         <kind>object</kind>
         <file>Font_lib.obj</file>
         <name>Font_lib.obj</name>
      </input_file>
      <input_file id="fl-3">
         <path>.\</path>
         <kind>object</kind>
         <file>LCD_TFT_ILI9341.obj</file>
         <name>LCD_TFT_ILI9341.obj</name>
      </input_file>
      <input_file id="fl-4">
         <path>.\</path>
         <kind>object</kind>
         <file>LCD_display.obj</file>
         <name>LCD_display.obj</name>
      </input_file>
      <input_file id="fl-5">
         <path>.\</path>
         <kind>object</kind>
         <file>SHT2X.obj</file>
         <name>SHT2X.obj</name>
      </input_file>
      <input_file id="fl-6">
         <path>.\</path>
         <kind>object</kind>
         <file>gpio_if.obj</file>
         <name>gpio_if.obj</name>
      </input_file>
      <input_file id="fl-7">
         <path>.\</path>
         <kind>object</kind>
         <file>i2c_if.obj</file>
         <name>i2c_if.obj</name>
      </input_file>
      <input_file id="fl-8">
         <path>.\</path>
         <kind>object</kind>
         <file>main.obj</file>
         <name>main.obj</name>
      </input_file>
      <input_file id="fl-9">
         <path>.\</path>
         <kind>object</kind>
         <file>pin_mux_config.obj</file>
         <name>pin_mux_config.obj</name>
      </input_file>
      <input_file id="fl-a">
         <path>.\</path>
         <kind>object</kind>
         <file>pinmux.obj</file>
         <name>pinmux.obj</name>
      </input_file>
      <input_file id="fl-b">
         <path>.\</path>
         <kind>object</kind>
         <file>startup_ccs.obj</file>
         <name>startup_ccs.obj</name>
      </input_file>
      <input_file id="fl-c">
         <path>.\</path>
         <kind>object</kind>
         <file>timer_if.obj</file>
         <name>timer_if.obj</name>
      </input_file>
      <input_file id="fl-d">
         <path>.\</path>
         <kind>object</kind>
         <file>uart_if.obj</file>
         <name>uart_if.obj</name>
      </input_file>
      <input_file id="fl-e">
         <path>.\</path>
         <kind>object</kind>
         <file>utils_if.obj</file>
         <name>utils_if.obj</name>
      </input_file>
      <input_file id="fl-c9">
         <path>D:\software\WebOfThings\CCS6.2.0\ccsv6\tools\compiler\arm_15.12.3.LTS\lib\</path>
         <kind>archive</kind>
         <file>rtsv7M4_T_le_eabi.lib</file>
         <name>boot.obj</name>
      </input_file>
      <input_file id="fl-ca">
         <path>D:\software\WebOfThings\CCS6.2.0\ccsv6\tools\compiler\arm_15.12.3.LTS\lib\</path>
         <kind>archive</kind>
         <file>rtsv7M4_T_le_eabi.lib</file>
         <name>copy_decompress_none.obj</name>
      </input_file>
      <input_file id="fl-cb">
         <path>D:\software\WebOfThings\CCS6.2.0\ccsv6\tools\compiler\arm_15.12.3.LTS\lib\</path>
         <kind>archive</kind>
         <file>rtsv7M4_T_le_eabi.lib</file>
         <name>copy_decompress_rle.obj</name>
      </input_file>
      <input_file id="fl-cc">
         <path>D:\software\WebOfThings\CCS6.2.0\ccsv6\tools\compiler\arm_15.12.3.LTS\lib\</path>
         <kind>archive</kind>
         <file>rtsv7M4_T_le_eabi.lib</file>
         <name>copy_zero_init.obj</name>
      </input_file>
      <input_file id="fl-cd">
         <path>D:\software\WebOfThings\CCS6.2.0\ccsv6\tools\compiler\arm_15.12.3.LTS\lib\</path>
         <kind>archive</kind>
         <file>rtsv7M4_T_le_eabi.lib</file>
         <name>exit.obj</name>
      </input_file>
      <input_file id="fl-ce">
         <path>D:\software\WebOfThings\CCS6.2.0\ccsv6\tools\compiler\arm_15.12.3.LTS\lib\</path>
         <kind>archive</kind>
         <file>rtsv7M4_T_le_eabi.lib</file>
         <name>fd_add_t2.obj</name>
      </input_file>
      <input_file id="fl-cf">
         <path>D:\software\WebOfThings\CCS6.2.0\ccsv6\tools\compiler\arm_15.12.3.LTS\lib\</path>
         <kind>archive</kind>
         <file>rtsv7M4_T_le_eabi.lib</file>
         <name>fd_div_t2.obj</name>
      </input_file>
      <input_file id="fl-d0">
         <path>D:\software\WebOfThings\CCS6.2.0\ccsv6\tools\compiler\arm_15.12.3.LTS\lib\</path>
         <kind>archive</kind>
         <file>rtsv7M4_T_le_eabi.lib</file>
         <name>fd_mul_t2.obj</name>
      </input_file>
      <input_file id="fl-d1">
         <path>D:\software\WebOfThings\CCS6.2.0\ccsv6\tools\compiler\arm_15.12.3.LTS\lib\</path>
         <kind>archive</kind>
         <file>rtsv7M4_T_le_eabi.lib</file>
         <name>fd_tos_t2.obj</name>
      </input_file>
      <input_file id="fl-d2">
         <path>D:\software\WebOfThings\CCS6.2.0\ccsv6\tools\compiler\arm_15.12.3.LTS\lib\</path>
         <kind>archive</kind>
         <file>rtsv7M4_T_le_eabi.lib</file>
         <name>fs_add_t2.obj</name>
      </input_file>
      <input_file id="fl-d3">
         <path>D:\software\WebOfThings\CCS6.2.0\ccsv6\tools\compiler\arm_15.12.3.LTS\lib\</path>
         <kind>archive</kind>
         <file>rtsv7M4_T_le_eabi.lib</file>
         <name>fs_div_t2.obj</name>
      </input_file>
      <input_file id="fl-d4">
         <path>D:\software\WebOfThings\CCS6.2.0\ccsv6\tools\compiler\arm_15.12.3.LTS\lib\</path>
         <kind>archive</kind>
         <file>rtsv7M4_T_le_eabi.lib</file>
         <name>fs_mul_t2.obj</name>
      </input_file>
      <input_file id="fl-d5">
         <path>D:\software\WebOfThings\CCS6.2.0\ccsv6\tools\compiler\arm_15.12.3.LTS\lib\</path>
         <kind>archive</kind>
         <file>rtsv7M4_T_le_eabi.lib</file>
         <name>fs_tod_t2.obj</name>
      </input_file>
      <input_file id="fl-d6">
         <path>D:\software\WebOfThings\CCS6.2.0\ccsv6\tools\compiler\arm_15.12.3.LTS\lib\</path>
         <kind>archive</kind>
         <file>rtsv7M4_T_le_eabi.lib</file>
         <name>fs_toi_t2.obj</name>
      </input_file>
      <input_file id="fl-d7">
         <path>D:\software\WebOfThings\CCS6.2.0\ccsv6\tools\compiler\arm_15.12.3.LTS\lib\</path>
         <kind>archive</kind>
         <file>rtsv7M4_T_le_eabi.lib</file>
         <name>i_divt2.obj</name>
      </input_file>
      <input_file id="fl-d8">
         <path>D:\software\WebOfThings\CCS6.2.0\ccsv6\tools\compiler\arm_15.12.3.LTS\lib\</path>
         <kind>archive</kind>
         <file>rtsv7M4_T_le_eabi.lib</file>
         <name>memcpy_t2.obj</name>
      </input_file>
      <input_file id="fl-d9">
         <path>D:\software\WebOfThings\CCS6.2.0\ccsv6\tools\compiler\arm_15.12.3.LTS\lib\</path>
         <kind>archive</kind>
         <file>rtsv7M4_T_le_eabi.lib</file>
         <name>memmov.obj</name>
      </input_file>
      <input_file id="fl-da">
         <path>D:\software\WebOfThings\CCS6.2.0\ccsv6\tools\compiler\arm_15.12.3.LTS\lib\</path>
         <kind>archive</kind>
         <file>rtsv7M4_T_le_eabi.lib</file>
         <name>memory.obj</name>
      </input_file>
      <input_file id="fl-db">
         <path>D:\software\WebOfThings\CCS6.2.0\ccsv6\tools\compiler\arm_15.12.3.LTS\lib\</path>
         <kind>archive</kind>
         <file>rtsv7M4_T_le_eabi.lib</file>
         <name>memset_t2.obj</name>
      </input_file>
      <input_file id="fl-dc">
         <path>D:\software\WebOfThings\CCS6.2.0\ccsv6\tools\compiler\arm_15.12.3.LTS\lib\</path>
         <kind>archive</kind>
         <file>rtsv7M4_T_le_eabi.lib</file>
         <name>mpu_init.obj</name>
      </input_file>
      <input_file id="fl-dd">
         <path>D:\software\WebOfThings\CCS6.2.0\ccsv6\tools\compiler\arm_15.12.3.LTS\lib\</path>
         <kind>archive</kind>
         <file>rtsv7M4_T_le_eabi.lib</file>
         <name>pre_init.obj</name>
      </input_file>
      <input_file id="fl-de">
         <path>D:\software\WebOfThings\CCS6.2.0\ccsv6\tools\compiler\arm_15.12.3.LTS\lib\</path>
         <kind>archive</kind>
         <file>rtsv7M4_T_le_eabi.lib</file>
         <name>sprintf.obj</name>
      </input_file>
      <input_file id="fl-df">
         <path>D:\software\WebOfThings\CCS6.2.0\ccsv6\tools\compiler\arm_15.12.3.LTS\lib\</path>
         <kind>archive</kind>
         <file>rtsv7M4_T_le_eabi.lib</file>
         <name>stkdepth_vars.obj</name>
      </input_file>
      <input_file id="fl-e0">
         <path>D:\software\WebOfThings\CCS6.2.0\ccsv6\tools\compiler\arm_15.12.3.LTS\lib\</path>
         <kind>archive</kind>
         <file>rtsv7M4_T_le_eabi.lib</file>
         <name>strlen.obj</name>
      </input_file>
      <input_file id="fl-e1">
         <path>D:\software\WebOfThings\CCS6.2.0\ccsv6\tools\compiler\arm_15.12.3.LTS\lib\</path>
         <kind>archive</kind>
         <file>rtsv7M4_T_le_eabi.lib</file>
         <name>u_tofs_t2.obj</name>
      </input_file>
      <input_file id="fl-e2">
         <path>D:\software\WebOfThings\CCS6.2.0\ccsv6\tools\compiler\arm_15.12.3.LTS\lib\</path>
         <kind>archive</kind>
         <file>rtsv7M4_T_le_eabi.lib</file>
         <name>vsnprintf.obj</name>
      </input_file>
      <input_file id="fl-e3">
         <path>D:\software\WebOfThings\CCS6.2.0\ccsv6\tools\compiler\arm_15.12.3.LTS\lib\</path>
         <kind>archive</kind>
         <file>rtsv7M4_T_le_eabi.lib</file>
         <name>_lock.obj</name>
      </input_file>
      <input_file id="fl-e4">
         <path>D:\software\WebOfThings\CCS6.2.0\ccsv6\tools\compiler\arm_15.12.3.LTS\lib\</path>
         <kind>archive</kind>
         <file>rtsv7M4_T_le_eabi.lib</file>
         <name>_printfi.obj</name>
      </input_file>
      <input_file id="fl-e5">
         <path>D:\software\WebOfThings\CCS6.2.0\ccsv6\tools\compiler\arm_15.12.3.LTS\lib\</path>
         <kind>archive</kind>
         <file>rtsv7M4_T_le_eabi.lib</file>
         <name>args_main.obj</name>
      </input_file>
      <input_file id="fl-e6">
         <path>D:\software\WebOfThings\CCS6.2.0\ccsv6\tools\compiler\arm_15.12.3.LTS\lib\</path>
         <kind>archive</kind>
         <file>rtsv7M4_T_le_eabi.lib</file>
         <name>atoi.obj</name>
      </input_file>
      <input_file id="fl-e7">
         <path>D:\software\WebOfThings\CCS6.2.0\ccsv6\tools\compiler\arm_15.12.3.LTS\lib\</path>
         <kind>archive</kind>
         <file>rtsv7M4_T_le_eabi.lib</file>
         <name>autoinit.obj</name>
      </input_file>
      <input_file id="fl-e8">
         <path>D:\software\WebOfThings\CCS6.2.0\ccsv6\tools\compiler\arm_15.12.3.LTS\lib\</path>
         <kind>archive</kind>
         <file>rtsv7M4_T_le_eabi.lib</file>
         <name>cpy_tbl.obj</name>
      </input_file>
      <input_file id="fl-e9">
         <path>D:\software\WebOfThings\CCS6.2.0\ccsv6\tools\compiler\arm_15.12.3.LTS\lib\</path>
         <kind>archive</kind>
         <file>rtsv7M4_T_le_eabi.lib</file>
         <name>ctype.obj</name>
      </input_file>
      <input_file id="fl-ea">
         <path>D:\software\WebOfThings\CCS6.2.0\ccsv6\tools\compiler\arm_15.12.3.LTS\lib\</path>
         <kind>archive</kind>
         <file>rtsv7M4_T_le_eabi.lib</file>
         <name>fd_cmp_t2.obj</name>
      </input_file>
      <input_file id="fl-eb">
         <path>D:\software\WebOfThings\CCS6.2.0\ccsv6\tools\compiler\arm_15.12.3.LTS\lib\</path>
         <kind>archive</kind>
         <file>rtsv7M4_T_le_eabi.lib</file>
         <name>fd_toi_t2.obj</name>
      </input_file>
      <input_file id="fl-ec">
         <path>D:\software\WebOfThings\CCS6.2.0\ccsv6\tools\compiler\arm_15.12.3.LTS\lib\</path>
         <kind>archive</kind>
         <file>rtsv7M4_T_le_eabi.lib</file>
         <name>i_div0.obj</name>
      </input_file>
      <input_file id="fl-ed">
         <path>D:\software\WebOfThings\CCS6.2.0\ccsv6\tools\compiler\arm_15.12.3.LTS\lib\</path>
         <kind>archive</kind>
         <file>rtsv7M4_T_le_eabi.lib</file>
         <name>i_tofd_t2.obj</name>
      </input_file>
      <input_file id="fl-ee">
         <path>D:\software\WebOfThings\CCS6.2.0\ccsv6\tools\compiler\arm_15.12.3.LTS\lib\</path>
         <kind>archive</kind>
         <file>rtsv7M4_T_le_eabi.lib</file>
         <name>ltoa.obj</name>
      </input_file>
      <input_file id="fl-ef">
         <path>D:\software\WebOfThings\CCS6.2.0\ccsv6\tools\compiler\arm_15.12.3.LTS\lib\</path>
         <kind>archive</kind>
         <file>rtsv7M4_T_le_eabi.lib</file>
         <name>memccpy.obj</name>
      </input_file>
      <input_file id="fl-f0">
         <path>D:\software\WebOfThings\CCS6.2.0\ccsv6\tools\compiler\arm_15.12.3.LTS\lib\</path>
         <kind>archive</kind>
         <file>rtsv7M4_T_le_eabi.lib</file>
         <name>s_frexp.obj</name>
      </input_file>
      <input_file id="fl-f1">
         <path>D:\software\WebOfThings\CCS6.2.0\ccsv6\tools\compiler\arm_15.12.3.LTS\lib\</path>
         <kind>archive</kind>
         <file>rtsv7M4_T_le_eabi.lib</file>
         <name>s_scalbn.obj</name>
      </input_file>
      <input_file id="fl-f2">
         <path>D:\software\WebOfThings\CCS6.2.0\ccsv6\tools\compiler\arm_15.12.3.LTS\lib\</path>
         <kind>archive</kind>
         <file>rtsv7M4_T_le_eabi.lib</file>
         <name>startup.obj</name>
      </input_file>
      <input_file id="fl-f3">
         <path>D:\software\WebOfThings\CCS6.2.0\ccsv6\tools\compiler\arm_15.12.3.LTS\lib\</path>
         <kind>archive</kind>
         <file>rtsv7M4_T_le_eabi.lib</file>
         <name>strchr.obj</name>
      </input_file>
      <input_file id="fl-f4">
         <path>D:\software\WebOfThings\CCS6.2.0\ccsv6\tools\compiler\arm_15.12.3.LTS\lib\</path>
         <kind>archive</kind>
         <file>rtsv7M4_T_le_eabi.lib</file>
         <name>ull_div_t2.obj</name>
      </input_file>
      <input_file id="fl-f5">
         <path>D:\software\WebOfThings\CCS6.2.0\ccsv6\tools\compiler\arm_15.12.3.LTS\lib\</path>
         <kind>archive</kind>
         <file>rtsv7M4_T_le_eabi.lib</file>
         <name>errno.obj</name>
      </input_file>
      <input_file id="fl-f6">
         <path>D:\software\WebOfThings\CCS6.2.0\ccsv6\tools\compiler\arm_15.12.3.LTS\lib\</path>
         <kind>archive</kind>
         <file>rtsv7M4_T_le_eabi.lib</file>
         <name>s_copysign.obj</name>
      </input_file>
      <input_file id="fl-f7">
         <path>C:\ti\CC3200SDK_1.2.0\cc3200-sdk\driverlib\ccs\Release\</path>
         <kind>archive</kind>
         <file>driverlib.a</file>
         <name>adc.obj</name>
      </input_file>
      <input_file id="fl-f8">
         <path>C:\ti\CC3200SDK_1.2.0\cc3200-sdk\driverlib\ccs\Release\</path>
         <kind>archive</kind>
         <file>driverlib.a</file>
         <name>gpio.obj</name>
      </input_file>
      <input_file id="fl-f9">
         <path>C:\ti\CC3200SDK_1.2.0\cc3200-sdk\driverlib\ccs\Release\</path>
         <kind>archive</kind>
         <file>driverlib.a</file>
         <name>hwspinlock.obj</name>
      </input_file>
      <input_file id="fl-fa">
         <path>C:\ti\CC3200SDK_1.2.0\cc3200-sdk\driverlib\ccs\Release\</path>
         <kind>archive</kind>
         <file>driverlib.a</file>
         <name>i2c.obj</name>
      </input_file>
      <input_file id="fl-fb">
         <path>C:\ti\CC3200SDK_1.2.0\cc3200-sdk\driverlib\ccs\Release\</path>
         <kind>archive</kind>
         <file>driverlib.a</file>
         <name>interrupt.obj</name>
      </input_file>
      <input_file id="fl-fc">
         <path>C:\ti\CC3200SDK_1.2.0\cc3200-sdk\driverlib\ccs\Release\</path>
         <kind>archive</kind>
         <file>driverlib.a</file>
         <name>pin.obj</name>
      </input_file>
      <input_file id="fl-fd">
         <path>C:\ti\CC3200SDK_1.2.0\cc3200-sdk\driverlib\ccs\Release\</path>
         <kind>archive</kind>
         <file>driverlib.a</file>
         <name>prcm.obj</name>
      </input_file>
      <input_file id="fl-fe">
         <path>C:\ti\CC3200SDK_1.2.0\cc3200-sdk\driverlib\ccs\Release\</path>
         <kind>archive</kind>
         <file>driverlib.a</file>
         <name>spi.obj</name>
      </input_file>
      <input_file id="fl-ff">
         <path>C:\ti\CC3200SDK_1.2.0\cc3200-sdk\driverlib\ccs\Release\</path>
         <kind>archive</kind>
         <file>driverlib.a</file>
         <name>timer.obj</name>
      </input_file>
      <input_file id="fl-100">
         <path>C:\ti\CC3200SDK_1.2.0\cc3200-sdk\driverlib\ccs\Release\</path>
         <kind>archive</kind>
         <file>driverlib.a</file>
         <name>uart.obj</name>
      </input_file>
      <input_file id="fl-101">
         <path>C:\ti\CC3200SDK_1.2.0\cc3200-sdk\driverlib\ccs\Release\</path>
         <kind>archive</kind>
         <file>driverlib.a</file>
         <name>utils.obj</name>
      </input_file>
      <input_file id="fl-102">
         <path>C:\ti\CC3200SDK_1.2.0\cc3200-sdk\driverlib\ccs\Release\</path>
         <kind>archive</kind>
         <file>driverlib.a</file>
         <name>cpu.obj</name>
      </input_file>
      <input_file id="fl-103">
         <path>C:\ti\CC3200SDK_1.2.0\cc3200-sdk\driverlib\ccs\Release\</path>
         <kind>archive</kind>
         <file>driverlib.a</file>
         <name>flash.obj</name>
      </input_file>
   </input_file_list>
   <object_component_list>
      <object_component id="oc-f">
         <name>.intvecs</name>
         <load_address>0x20004000</load_address>
         <run_address>0x20004000</run_address>
         <size>0x400</size>
         <input_file_ref idref="fl-b"/>
      </object_component>
      <object_component id="oc-2cd">
         <name>.text</name>
         <load_address>0x20004400</load_address>
         <run_address>0x20004400</run_address>
         <size>0x10fc</size>
         <input_file_ref idref="fl-e4"/>
      </object_component>
      <object_component id="oc-1b2">
         <name>.text</name>
         <load_address>0x200054fc</load_address>
         <run_address>0x200054fc</run_address>
         <size>0x108c</size>
         <input_file_ref idref="fl-3"/>
      </object_component>
      <object_component id="oc-ac">
         <name>.text</name>
         <load_address>0x20006588</load_address>
         <run_address>0x20006588</run_address>
         <size>0x6e0</size>
         <input_file_ref idref="fl-8"/>
      </object_component>
      <object_component id="oc-16e">
         <name>.text</name>
         <load_address>0x20006c68</load_address>
         <run_address>0x20006c68</run_address>
         <size>0x6c4</size>
         <input_file_ref idref="fl-4"/>
      </object_component>
      <object_component id="oc-162">
         <name>.text</name>
         <load_address>0x2000732c</load_address>
         <run_address>0x2000732c</run_address>
         <size>0x4c0</size>
         <input_file_ref idref="fl-5"/>
      </object_component>
      <object_component id="oc-31f">
         <name>.text</name>
         <load_address>0x200077ec</load_address>
         <run_address>0x200077ec</run_address>
         <size>0x3dc</size>
         <input_file_ref idref="fl-da"/>
      </object_component>
      <object_component id="oc-2da">
         <name>.text</name>
         <load_address>0x20007bc8</load_address>
         <run_address>0x20007bc8</run_address>
         <size>0x3b8</size>
         <input_file_ref idref="fl-2"/>
      </object_component>
      <object_component id="oc-15c">
         <name>.text</name>
         <load_address>0x20007f80</load_address>
         <run_address>0x20007f80</run_address>
         <size>0x290</size>
         <input_file_ref idref="fl-7"/>
      </object_component>
      <object_component id="oc-174">
         <name>.text</name>
         <load_address>0x20008210</load_address>
         <run_address>0x20008210</run_address>
         <size>0x280</size>
         <input_file_ref idref="fl-d"/>
      </object_component>
      <object_component id="oc-3d8">
         <name>.text</name>
         <load_address>0x20008490</load_address>
         <run_address>0x20008490</run_address>
         <size>0x1f4</size>
         <input_file_ref idref="fl-f4"/>
      </object_component>
      <object_component id="oc-2c3">
         <name>.text</name>
         <load_address>0x20008684</load_address>
         <run_address>0x20008684</run_address>
         <size>0x1b6</size>
         <input_file_ref idref="fl-ce"/>
      </object_component>
      <object_component id="oc-494">
         <name>.text:IntDefaultHandler</name>
         <load_address>0x2000883a</load_address>
         <run_address>0x2000883a</run_address>
         <size>0x2</size>
         <input_file_ref idref="fl-fb"/>
      </object_component>
      <object_component id="oc-123">
         <name>.text</name>
         <load_address>0x2000883c</load_address>
         <run_address>0x2000883c</run_address>
         <size>0x198</size>
         <input_file_ref idref="fl-c"/>
      </object_component>
      <object_component id="oc-ec">
         <name>.text:PRCMCC3200MCUInit</name>
         <load_address>0x200089d4</load_address>
         <run_address>0x200089d4</run_address>
         <size>0x178</size>
         <input_file_ref idref="fl-fd"/>
      </object_component>
      <object_component id="oc-119">
         <name>.text</name>
         <load_address>0x20008b4c</load_address>
         <run_address>0x20008b4c</run_address>
         <size>0x136</size>
         <input_file_ref idref="fl-cf"/>
      </object_component>
      <object_component id="oc-114">
         <name>.text</name>
         <load_address>0x20008c82</load_address>
         <run_address>0x20008c82</run_address>
         <size>0xfc</size>
         <input_file_ref idref="fl-d0"/>
      </object_component>
      <object_component id="oc-184">
         <name>.text</name>
         <load_address>0x20008d7e</load_address>
         <run_address>0x20008d7e</run_address>
         <size>0xfa</size>
         <input_file_ref idref="fl-d2"/>
      </object_component>
      <object_component id="oc-1ac">
         <name>.text</name>
         <load_address>0x20008e78</load_address>
         <run_address>0x20008e78</run_address>
         <size>0xd8</size>
         <input_file_ref idref="fl-9"/>
      </object_component>
      <object_component id="oc-3fd">
         <name>.text</name>
         <load_address>0x20008f50</load_address>
         <run_address>0x20008f50</run_address>
         <size>0xd0</size>
         <input_file_ref idref="fl-f1"/>
      </object_component>
      <object_component id="oc-1a6">
         <name>.text</name>
         <load_address>0x20009020</load_address>
         <run_address>0x20009020</run_address>
         <size>0xc8</size>
         <input_file_ref idref="fl-a"/>
      </object_component>
      <object_component id="oc-3ac">
         <name>.text:IntDisable</name>
         <load_address>0x200090e8</load_address>
         <run_address>0x200090e8</run_address>
         <size>0xa8</size>
         <input_file_ref idref="fl-fb"/>
      </object_component>
      <object_component id="oc-e6">
         <name>.text:IntEnable</name>
         <load_address>0x20009190</load_address>
         <run_address>0x20009190</run_address>
         <size>0xa8</size>
         <input_file_ref idref="fl-fb"/>
      </object_component>
      <object_component id="oc-368">
         <name>.text:SPIConfigSetExpClk</name>
         <load_address>0x20009238</load_address>
         <run_address>0x20009238</run_address>
         <size>0xa0</size>
         <input_file_ref idref="fl-fe"/>
      </object_component>
      <object_component id="oc-36">
         <name>.text</name>
         <load_address>0x200092d8</load_address>
         <run_address>0x200092d8</run_address>
         <size>0x9c</size>
         <input_file_ref idref="fl-d8"/>
      </object_component>
      <object_component id="oc-2ef">
         <name>.text:PRCMPeripheralClockGet</name>
         <load_address>0x20009374</load_address>
         <run_address>0x20009374</run_address>
         <size>0x94</size>
         <input_file_ref idref="fl-fd"/>
      </object_component>
      <object_component id="oc-17f">
         <name>.text</name>
         <load_address>0x20009408</load_address>
         <run_address>0x20009408</run_address>
         <size>0x92</size>
         <input_file_ref idref="fl-d3"/>
      </object_component>
      <object_component id="oc-43b">
         <name>.text</name>
         <load_address>0x2000949a</load_address>
         <run_address>0x2000949a</run_address>
         <size>0x2</size>
         <input_file_ref idref="fl-ec"/>
      </object_component>
      <object_component id="oc-332">
         <name>.text:PinConfigSet</name>
         <load_address>0x2000949c</load_address>
         <run_address>0x2000949c</run_address>
         <size>0x88</size>
         <input_file_ref idref="fl-fc"/>
      </object_component>
      <object_component id="oc-301">
         <name>.text</name>
         <load_address>0x20009524</load_address>
         <run_address>0x20009524</run_address>
         <size>0x88</size>
         <input_file_ref idref="fl-e2"/>
      </object_component>
      <object_component id="oc-3dd">
         <name>.text:__aeabi_cdcmple</name>
         <load_address>0x200095ac</load_address>
         <run_address>0x200095ac</run_address>
         <size>0x86</size>
         <input_file_ref idref="fl-ea"/>
      </object_component>
      <object_component id="oc-3e2">
         <name>.text:__aeabi_cdrcmple</name>
         <load_address>0x20009632</load_address>
         <run_address>0x20009632</run_address>
         <size>0x86</size>
         <input_file_ref idref="fl-ea"/>
      </object_component>
      <object_component id="oc-2b6">
         <name>.text:I2CMasterInitExpClk</name>
         <load_address>0x200096b8</load_address>
         <run_address>0x200096b8</run_address>
         <size>0x84</size>
         <input_file_ref idref="fl-fa"/>
      </object_component>
      <object_component id="oc-135">
         <name>.text:GPIOIntTypeSet</name>
         <load_address>0x2000973c</load_address>
         <run_address>0x2000973c</run_address>
         <size>0x82</size>
         <input_file_ref idref="fl-f8"/>
      </object_component>
      <object_component id="oc-17a">
         <name>.text</name>
         <load_address>0x200097be</load_address>
         <run_address>0x200097be</run_address>
         <size>0x7a</size>
         <input_file_ref idref="fl-d4"/>
      </object_component>
      <object_component id="oc-4f">
         <name>.text</name>
         <load_address>0x20009838</load_address>
         <run_address>0x20009838</run_address>
         <size>0x7a</size>
         <input_file_ref idref="fl-db"/>
      </object_component>
      <object_component id="oc-2f5">
         <name>.text:UARTConfigSetExpClk</name>
         <load_address>0x200098b2</load_address>
         <run_address>0x200098b2</run_address>
         <size>0x76</size>
         <input_file_ref idref="fl-100"/>
      </object_component>
      <object_component id="oc-226">
         <name>.text:TimerIntRegister</name>
         <load_address>0x20009928</load_address>
         <run_address>0x20009928</run_address>
         <size>0x70</size>
         <input_file_ref idref="fl-ff"/>
      </object_component>
      <object_component id="oc-67">
         <name>.text</name>
         <load_address>0x20009998</load_address>
         <run_address>0x20009998</run_address>
         <size>0x70</size>
         <input_file_ref idref="fl-e7"/>
      </object_component>
      <object_component id="oc-11e">
         <name>.text</name>
         <load_address>0x20009a08</load_address>
         <run_address>0x20009a08</run_address>
         <size>0x6e</size>
         <input_file_ref idref="fl-d1"/>
      </object_component>
      <object_component id="oc-42">
         <name>.text</name>
         <load_address>0x20009a76</load_address>
         <run_address>0x20009a76</run_address>
         <size>0x6a</size>
         <input_file_ref idref="fl-cb"/>
      </object_component>
      <object_component id="oc-256">
         <name>.text:TimerIntUnregister</name>
         <load_address>0x20009ae0</load_address>
         <run_address>0x20009ae0</run_address>
         <size>0x68</size>
         <input_file_ref idref="fl-ff"/>
      </object_component>
      <object_component id="oc-168">
         <name>.text</name>
         <load_address>0x20009b48</load_address>
         <run_address>0x20009b48</run_address>
         <size>0x60</size>
         <input_file_ref idref="fl-de"/>
      </object_component>
      <object_component id="oc-2e8">
         <name>.text</name>
         <load_address>0x20009ba8</load_address>
         <run_address>0x20009ba8</run_address>
         <size>0x5e</size>
         <input_file_ref idref="fl-d7"/>
      </object_component>
      <object_component id="oc-5b">
         <name>.text</name>
         <load_address>0x20009c06</load_address>
         <run_address>0x20009c06</run_address>
         <size>0x2</size>
         <input_file_ref idref="fl-dc"/>
      </object_component>
      <object_component id="oc-3f7">
         <name>.text</name>
         <load_address>0x20009c08</load_address>
         <run_address>0x20009c08</run_address>
         <size>0x5c</size>
         <input_file_ref idref="fl-f0"/>
      </object_component>
      <object_component id="oc-147">
         <name>.text:IntPendClear</name>
         <load_address>0x20009c64</load_address>
         <run_address>0x20009c64</run_address>
         <size>0x58</size>
         <input_file_ref idref="fl-fb"/>
      </object_component>
      <object_component id="oc-204">
         <name>.text:PRCMPeripheralReset</name>
         <load_address>0x20009cbc</load_address>
         <run_address>0x20009cbc</run_address>
         <size>0x58</size>
         <input_file_ref idref="fl-fd"/>
      </object_component>
      <object_component id="oc-3ec">
         <name>.text</name>
         <load_address>0x20009d14</load_address>
         <run_address>0x20009d14</run_address>
         <size>0x56</size>
         <input_file_ref idref="fl-ee"/>
      </object_component>
      <object_component id="oc-a4">
         <name>.text</name>
         <load_address>0x20009d6a</load_address>
         <run_address>0x20009d6a</run_address>
         <size>0x2</size>
         <input_file_ref idref="fl-f2"/>
      </object_component>
      <object_component id="oc-13b">
         <name>.text:IntPrioritySet</name>
         <load_address>0x20009d6c</load_address>
         <run_address>0x20009d6c</run_address>
         <size>0x54</size>
         <input_file_ref idref="fl-fb"/>
      </object_component>
      <object_component id="oc-73">
         <name>.text</name>
         <load_address>0x20009dc0</load_address>
         <run_address>0x20009dc0</run_address>
         <size>0x54</size>
         <input_file_ref idref="fl-cd"/>
      </object_component>
      <object_component id="oc-40f">
         <name>.text</name>
         <load_address>0x20009e14</load_address>
         <run_address>0x20009e14</run_address>
         <size>0x4c</size>
         <input_file_ref idref="fl-e6"/>
      </object_component>
      <object_component id="oc-9e">
         <name>.text</name>
         <load_address>0x20009e60</load_address>
         <run_address>0x20009e60</run_address>
         <size>0x4c</size>
         <input_file_ref idref="fl-e8"/>
      </object_component>
      <object_component id="oc-26b">
         <name>.text:GPIOGetIntNumber</name>
         <load_address>0x20009eac</load_address>
         <run_address>0x20009eac</run_address>
         <size>0x48</size>
         <input_file_ref idref="fl-f8"/>
      </object_component>
      <object_component id="oc-3e7">
         <name>.text</name>
         <load_address>0x20009ef4</load_address>
         <run_address>0x20009ef4</run_address>
         <size>0x48</size>
         <input_file_ref idref="fl-eb"/>
      </object_component>
      <object_component id="oc-21a">
         <name>.text:TimerConfigure</name>
         <load_address>0x20009f3c</load_address>
         <run_address>0x20009f3c</run_address>
         <size>0x44</size>
         <input_file_ref idref="fl-ff"/>
      </object_component>
      <object_component id="oc-46c">
         <name>.text:PinModeSet</name>
         <load_address>0x20009f80</load_address>
         <run_address>0x20009f80</run_address>
         <size>0x40</size>
         <input_file_ref idref="fl-fc"/>
      </object_component>
      <object_component id="oc-24">
         <name>.text</name>
         <load_address>0x20009fc0</load_address>
         <run_address>0x20009fc0</run_address>
         <size>0x40</size>
         <input_file_ref idref="fl-c9"/>
      </object_component>
      <object_component id="oc-1fe">
         <name>.text:PRCMPeripheralClkEnable</name>
         <load_address>0x2000a000</load_address>
         <run_address>0x2000a000</run_address>
         <size>0x3c</size>
         <input_file_ref idref="fl-fd"/>
      </object_component>
      <object_component id="oc-104">
         <name>.text:ADCChannelDisable</name>
         <load_address>0x2000a03c</load_address>
         <run_address>0x2000a03c</run_address>
         <size>0x38</size>
         <input_file_ref idref="fl-f7"/>
      </object_component>
      <object_component id="oc-f2">
         <name>.text:ADCChannelEnable</name>
         <load_address>0x2000a074</load_address>
         <run_address>0x2000a074</run_address>
         <size>0x38</size>
         <input_file_ref idref="fl-f7"/>
      </object_component>
      <object_component id="oc-10f">
         <name>.text</name>
         <load_address>0x2000a0ac</load_address>
         <run_address>0x2000a0ac</run_address>
         <size>0x38</size>
         <input_file_ref idref="fl-d5"/>
      </object_component>
      <object_component id="oc-2e3">
         <name>.text</name>
         <load_address>0x2000a0e4</load_address>
         <run_address>0x2000a0e4</run_address>
         <size>0x38</size>
         <input_file_ref idref="fl-d6"/>
      </object_component>
      <object_component id="oc-342">
         <name>.text:GPIODirModeSet</name>
         <load_address>0x2000a11c</load_address>
         <run_address>0x2000a11c</run_address>
         <size>0x36</size>
         <input_file_ref idref="fl-f8"/>
      </object_component>
      <object_component id="oc-33c">
         <name>.text:PinTypeGPIO</name>
         <load_address>0x2000a152</load_address>
         <run_address>0x2000a152</run_address>
         <size>0x30</size>
         <input_file_ref idref="fl-fc"/>
      </object_component>
      <object_component id="oc-445">
         <name>.text:UARTDisable</name>
         <load_address>0x2000a184</load_address>
         <run_address>0x2000a184</run_address>
         <size>0x30</size>
         <input_file_ref idref="fl-100"/>
      </object_component>
      <object_component id="oc-3f2">
         <name>.text</name>
         <load_address>0x2000a1b4</load_address>
         <run_address>0x2000a1b4</run_address>
         <size>0x2e</size>
         <input_file_ref idref="fl-ed"/>
      </object_component>
      <object_component id="oc-29e">
         <name>.text:I2CMasterErr</name>
         <load_address>0x2000a1e2</load_address>
         <run_address>0x2000a1e2</run_address>
         <size>0x2c</size>
         <input_file_ref idref="fl-fa"/>
      </object_component>
      <object_component id="oc-1ec">
         <name>.text:PRCMSysResetCauseGet</name>
         <load_address>0x2000a210</load_address>
         <run_address>0x2000a210</run_address>
         <size>0x2c</size>
         <input_file_ref idref="fl-fd"/>
      </object_component>
      <object_component id="oc-429">
         <name>.text:SPIDataGetNonBlocking</name>
         <load_address>0x2000a23c</load_address>
         <run_address>0x2000a23c</run_address>
         <size>0x2a</size>
         <input_file_ref idref="fl-fe"/>
      </object_component>
      <object_component id="oc-23e">
         <name>.text:TimerLoadSet</name>
         <load_address>0x2000a266</load_address>
         <run_address>0x2000a266</run_address>
         <size>0x2a</size>
         <input_file_ref idref="fl-ff"/>
      </object_component>
      <object_component id="oc-220">
         <name>.text:TimerPrescaleSet</name>
         <load_address>0x2000a290</load_address>
         <run_address>0x2000a290</run_address>
         <size>0x2a</size>
         <input_file_ref idref="fl-ff"/>
      </object_component>
      <object_component id="oc-20a">
         <name>.text:PRCMPeripheralClkDisable</name>
         <load_address>0x2000a2bc</load_address>
         <run_address>0x2000a2bc</run_address>
         <size>0x28</size>
         <input_file_ref idref="fl-fd"/>
      </object_component>
      <object_component id="oc-3b2">
         <name>.text:IntUnregister</name>
         <load_address>0x2000a2e4</load_address>
         <run_address>0x2000a2e4</run_address>
         <size>0x24</size>
         <input_file_ref idref="fl-fb"/>
      </object_component>
      <object_component id="oc-44b">
         <name>.text:UARTEnable</name>
         <load_address>0x2000a308</load_address>
         <run_address>0x2000a308</run_address>
         <size>0x24</size>
         <input_file_ref idref="fl-100"/>
      </object_component>
      <object_component id="oc-319">
         <name>.text</name>
         <load_address>0x2000a32c</load_address>
         <run_address>0x2000a32c</run_address>
         <size>0x24</size>
         <input_file_ref idref="fl-d9"/>
      </object_component>
      <object_component id="oc-10a">
         <name>.text</name>
         <load_address>0x2000a350</load_address>
         <run_address>0x2000a350</run_address>
         <size>0x24</size>
         <input_file_ref idref="fl-e1"/>
      </object_component>
      <object_component id="oc-192">
         <name>.text:ADCTimerConfig</name>
         <load_address>0x2000a374</load_address>
         <run_address>0x2000a374</run_address>
         <size>0x22</size>
         <input_file_ref idref="fl-f7"/>
      </object_component>
      <object_component id="oc-129">
         <name>.text:GPIOIntStatus</name>
         <load_address>0x2000a396</load_address>
         <run_address>0x2000a396</run_address>
         <size>0x22</size>
         <input_file_ref idref="fl-f8"/>
      </object_component>
      <object_component id="oc-2a4">
         <name>.text:I2CMasterSlaveAddrSet</name>
         <load_address>0x2000a3b8</load_address>
         <run_address>0x2000a3b8</run_address>
         <size>0x22</size>
         <input_file_ref idref="fl-fa"/>
      </object_component>
      <object_component id="oc-362">
         <name>.text:SPIReset</name>
         <load_address>0x2000a3da</load_address>
         <run_address>0x2000a3da</run_address>
         <size>0x22</size>
         <input_file_ref idref="fl-fe"/>
      </object_component>
      <object_component id="oc-35c">
         <name>.text:GPIOPinWrite</name>
         <load_address>0x2000a3fc</load_address>
         <run_address>0x2000a3fc</run_address>
         <size>0x20</size>
         <input_file_ref idref="fl-f8"/>
      </object_component>
      <object_component id="oc-271">
         <name>.text:IntRegister</name>
         <load_address>0x2000a41c</load_address>
         <run_address>0x2000a41c</run_address>
         <size>0x20</size>
         <input_file_ref idref="fl-fb"/>
      </object_component>
      <object_component id="oc-37a">
         <name>.text:SPIDataGet</name>
         <load_address>0x2000a43c</load_address>
         <run_address>0x2000a43c</run_address>
         <size>0x20</size>
         <input_file_ref idref="fl-fe"/>
      </object_component>
      <object_component id="oc-141">
         <name>.text:GPIOIntRegister</name>
         <load_address>0x2000a45c</load_address>
         <run_address>0x2000a45c</run_address>
         <size>0x1e</size>
         <input_file_ref idref="fl-f8"/>
      </object_component>
      <object_component id="oc-286">
         <name>.text:I2CMasterIntStatusEx</name>
         <load_address>0x2000a47a</load_address>
         <run_address>0x2000a47a</run_address>
         <size>0x1e</size>
         <input_file_ref idref="fl-fa"/>
      </object_component>
      <object_component id="oc-374">
         <name>.text:SPIDataPut</name>
         <load_address>0x2000a498</load_address>
         <run_address>0x2000a498</run_address>
         <size>0x1e</size>
         <input_file_ref idref="fl-fe"/>
      </object_component>
      <object_component id="oc-24a">
         <name>.text:TimerDisable</name>
         <load_address>0x2000a4b6</load_address>
         <run_address>0x2000a4b6</run_address>
         <size>0x1e</size>
         <input_file_ref idref="fl-ff"/>
      </object_component>
      <object_component id="oc-244">
         <name>.text:TimerEnable</name>
         <load_address>0x2000a4d4</load_address>
         <run_address>0x2000a4d4</run_address>
         <size>0x1e</size>
         <input_file_ref idref="fl-ff"/>
      </object_component>
      <object_component id="oc-232">
         <name>.text:TimerIntStatus</name>
         <load_address>0x2000a4f2</load_address>
         <run_address>0x2000a4f2</run_address>
         <size>0x1e</size>
         <input_file_ref idref="fl-ff"/>
      </object_component>
      <object_component id="oc-2fb">
         <name>.text:UARTCharPut</name>
         <load_address>0x2000a510</load_address>
         <run_address>0x2000a510</run_address>
         <size>0x1e</size>
         <input_file_ref idref="fl-100"/>
      </object_component>
      <object_component id="oc-f8">
         <name>.text:ADCFIFOLvlGet</name>
         <load_address>0x2000a52e</load_address>
         <run_address>0x2000a52e</run_address>
         <size>0x1c</size>
         <input_file_ref idref="fl-f7"/>
      </object_component>
      <object_component id="oc-354">
         <name>.text:PinTypeI2C</name>
         <load_address>0x2000a54a</load_address>
         <run_address>0x2000a54a</run_address>
         <size>0x1c</size>
         <input_file_ref idref="fl-fc"/>
      </object_component>
      <object_component id="oc-25c">
         <name>.text:TimerValueGet</name>
         <load_address>0x2000a566</load_address>
         <run_address>0x2000a566</run_address>
         <size>0x1c</size>
         <input_file_ref idref="fl-ff"/>
      </object_component>
      <object_component id="oc-30d">
         <name>.text:UARTCharGetNonBlocking</name>
         <load_address>0x2000a582</load_address>
         <run_address>0x2000a582</run_address>
         <size>0x1c</size>
         <input_file_ref idref="fl-100"/>
      </object_component>
      <object_component id="oc-409">
         <name>.text</name>
         <load_address>0x2000a59e</load_address>
         <run_address>0x2000a59e</run_address>
         <size>0x1c</size>
         <input_file_ref idref="fl-ef"/>
      </object_component>
      <object_component id="oc-14d">
         <name>.text:GPIOIntEnable</name>
         <load_address>0x2000a5ba</load_address>
         <run_address>0x2000a5ba</run_address>
         <size>0x1a</size>
         <input_file_ref idref="fl-f8"/>
      </object_component>
      <object_component id="oc-34e">
         <name>.text:PinTypeSPI</name>
         <load_address>0x2000a5d4</load_address>
         <run_address>0x2000a5d4</run_address>
         <size>0x1a</size>
         <input_file_ref idref="fl-fc"/>
      </object_component>
      <object_component id="oc-348">
         <name>.text:PinTypeUART</name>
         <load_address>0x2000a5ee</load_address>
         <run_address>0x2000a5ee</run_address>
         <size>0x1a</size>
         <input_file_ref idref="fl-fc"/>
      </object_component>
      <object_component id="oc-fe">
         <name>.text:ADCFIFORead</name>
         <load_address>0x2000a608</load_address>
         <run_address>0x2000a608</run_address>
         <size>0x18</size>
         <input_file_ref idref="fl-f7"/>
      </object_component>
      <object_component id="oc-36e">
         <name>.text:SPIEnable</name>
         <load_address>0x2000a620</load_address>
         <run_address>0x2000a620</run_address>
         <size>0x18</size>
         <input_file_ref idref="fl-fe"/>
      </object_component>
      <object_component id="oc-250">
         <name>.text:TimerIntDisable</name>
         <load_address>0x2000a638</load_address>
         <run_address>0x2000a638</run_address>
         <size>0x18</size>
         <input_file_ref idref="fl-ff"/>
      </object_component>
      <object_component id="oc-22c">
         <name>.text:TimerIntEnable</name>
         <load_address>0x2000a650</load_address>
         <run_address>0x2000a650</run_address>
         <size>0x18</size>
         <input_file_ref idref="fl-ff"/>
      </object_component>
      <object_component id="oc-307">
         <name>.text:UARTCharsAvail</name>
         <load_address>0x2000a668</load_address>
         <run_address>0x2000a668</run_address>
         <size>0x18</size>
         <input_file_ref idref="fl-100"/>
      </object_component>
      <object_component id="oc-6d">
         <name>.text</name>
         <load_address>0x2000a680</load_address>
         <run_address>0x2000a680</run_address>
         <size>0x18</size>
         <input_file_ref idref="fl-e5"/>
      </object_component>
      <object_component id="oc-198">
         <name>.text:ADCTimerEnable</name>
         <load_address>0x2000a698</load_address>
         <run_address>0x2000a698</run_address>
         <size>0x16</size>
         <input_file_ref idref="fl-f7"/>
      </object_component>
      <object_component id="oc-2aa">
         <name>.text:I2CMasterDataPut</name>
         <load_address>0x2000a6ae</load_address>
         <run_address>0x2000a6ae</run_address>
         <size>0x16</size>
         <input_file_ref idref="fl-fa"/>
      </object_component>
      <object_component id="oc-3ca">
         <name>.text:I2CMasterEnable</name>
         <load_address>0x2000a6c4</load_address>
         <run_address>0x2000a6c4</run_address>
         <size>0x16</size>
         <input_file_ref idref="fl-fa"/>
      </object_component>
      <object_component id="oc-1f2">
         <name>.text:PRCMHIBRegRead</name>
         <load_address>0x2000a6da</load_address>
         <run_address>0x2000a6da</run_address>
         <size>0x16</size>
         <input_file_ref idref="fl-fd"/>
      </object_component>
      <object_component id="oc-1f8">
         <name>.text:PRCMHIBRegWrite</name>
         <load_address>0x2000a6f0</load_address>
         <run_address>0x2000a6f0</run_address>
         <size>0x16</size>
         <input_file_ref idref="fl-fd"/>
      </object_component>
      <object_component id="oc-403">
         <name>.text</name>
         <load_address>0x2000a706</load_address>
         <run_address>0x2000a706</run_address>
         <size>0x16</size>
         <input_file_ref idref="fl-f3"/>
      </object_component>
      <object_component id="oc-19e">
         <name>.text:ADCEnable</name>
         <load_address>0x2000a71c</load_address>
         <run_address>0x2000a71c</run_address>
         <size>0x14</size>
         <input_file_ref idref="fl-f7"/>
      </object_component>
      <object_component id="oc-1dc">
         <name>.text:CPUcpsie</name>
         <load_address>0x2000a730</load_address>
         <run_address>0x2000a730</run_address>
         <size>0x14</size>
         <input_file_ref idref="fl-102"/>
      </object_component>
      <object_component id="oc-12f">
         <name>.text:GPIOIntClear</name>
         <load_address>0x2000a744</load_address>
         <run_address>0x2000a744</run_address>
         <size>0x14</size>
         <input_file_ref idref="fl-f8"/>
      </object_component>
      <object_component id="oc-da">
         <name>.text:IntVTableBaseSet</name>
         <load_address>0x2000a758</load_address>
         <run_address>0x2000a758</run_address>
         <size>0x14</size>
         <input_file_ref idref="fl-fb"/>
      </object_component>
      <object_component id="oc-18c">
         <name>.text:PinTypeADC</name>
         <load_address>0x2000a76c</load_address>
         <run_address>0x2000a76c</run_address>
         <size>0x14</size>
         <input_file_ref idref="fl-fc"/>
      </object_component>
      <object_component id="oc-1c8">
         <name>.text</name>
         <load_address>0x2000a780</load_address>
         <run_address>0x2000a780</run_address>
         <size>0x14</size>
         <input_file_ref idref="fl-e3"/>
      </object_component>
      <object_component id="oc-313">
         <name>.text</name>
         <load_address>0x2000a794</load_address>
         <run_address>0x2000a794</run_address>
         <size>0x14</size>
         <input_file_ref idref="fl-e0"/>
      </object_component>
      <object_component id="oc-298">
         <name>.text:I2CMasterControl</name>
         <load_address>0x2000a7a8</load_address>
         <run_address>0x2000a7a8</run_address>
         <size>0x12</size>
         <input_file_ref idref="fl-fa"/>
      </object_component>
      <object_component id="oc-28c">
         <name>.text:I2CMasterIntClearEx</name>
         <load_address>0x2000a7ba</load_address>
         <run_address>0x2000a7ba</run_address>
         <size>0x12</size>
         <input_file_ref idref="fl-fa"/>
      </object_component>
      <object_component id="oc-292">
         <name>.text:I2CMasterTimeoutSet</name>
         <load_address>0x2000a7cc</load_address>
         <run_address>0x2000a7cc</run_address>
         <size>0x12</size>
         <input_file_ref idref="fl-fa"/>
      </object_component>
      <object_component id="oc-238">
         <name>.text:TimerIntClear</name>
         <load_address>0x2000a7de</load_address>
         <run_address>0x2000a7de</run_address>
         <size>0x12</size>
         <input_file_ref idref="fl-ff"/>
      </object_component>
      <object_component id="oc-2b0">
         <name>.text:I2CMasterDataGet</name>
         <load_address>0x2000a7f0</load_address>
         <run_address>0x2000a7f0</run_address>
         <size>0xe</size>
         <input_file_ref idref="fl-fa"/>
      </object_component>
      <object_component id="oc-12">
         <name>.text:decompress:none</name>
         <load_address>0x2000a7fe</load_address>
         <run_address>0x2000a7fe</run_address>
         <size>0xe</size>
         <input_file_ref idref="fl-ca"/>
      </object_component>
      <object_component id="oc-2d">
         <name>.text</name>
         <load_address>0x2000a80c</load_address>
         <run_address>0x2000a80c</run_address>
         <size>0xe</size>
         <input_file_ref idref="fl-b"/>
      </object_component>
      <object_component id="oc-e0">
         <name>.text:IntMasterEnable</name>
         <load_address>0x2000a81a</load_address>
         <run_address>0x2000a81a</run_address>
         <size>0xa</size>
         <input_file_ref idref="fl-fb"/>
      </object_component>
      <object_component id="oc-4aa">
         <name>.text</name>
         <load_address>0x2000a824</load_address>
         <run_address>0x2000a824</run_address>
         <size>0x8</size>
         <input_file_ref idref="fl-f6"/>
      </object_component>
      <object_component id="oc-1b8">
         <name>.text:UtilsDelay</name>
         <load_address>0x2000a82c</load_address>
         <run_address>0x2000a82c</run_address>
         <size>0x6</size>
         <input_file_ref idref="fl-101"/>
      </object_component>
      <object_component id="oc-18">
         <name>.text:decompress:rle24</name>
         <load_address>0x2000a832</load_address>
         <run_address>0x2000a832</run_address>
         <size>0x6</size>
         <input_file_ref idref="fl-cb"/>
      </object_component>
      <object_component id="oc-61">
         <name>.text</name>
         <load_address>0x2000a838</load_address>
         <run_address>0x2000a838</run_address>
         <size>0x4</size>
         <input_file_ref idref="fl-dd"/>
      </object_component>
      <object_component id="oc-389">
         <name>.const:asc2_1608</name>
         <load_address>0x2000a83c</load_address>
         <run_address>0x2000a83c</run_address>
         <size>0x5f0</size>
         <input_file_ref idref="fl-3"/>
      </object_component>
      <object_component id="oc-386">
         <name>.const:asc2_1206</name>
         <load_address>0x2000ae2c</load_address>
         <run_address>0x2000ae2c</run_address>
         <size>0x474</size>
         <input_file_ref idref="fl-3"/>
      </object_component>
      <object_component id="oc-38c">
         <name>.const:tfont24</name>
         <load_address>0x2000b2a0</load_address>
         <run_address>0x2000b2a0</run_address>
         <size>0x258</size>
         <input_file_ref idref="fl-3"/>
      </object_component>
      <object_component id="oc-4b9">
         <name>.const:.string:_ctypes_</name>
         <load_address>0x2000b4f8</load_address>
         <run_address>0x2000b4f8</run_address>
         <size>0x101</size>
         <input_file_ref idref="fl-e9"/>
      </object_component>
      <object_component id="oc-468">
         <name>.const:g_ulPinToPadMap</name>
         <load_address>0x2000b5fc</load_address>
         <run_address>0x2000b5fc</run_address>
         <size>0x100</size>
         <input_file_ref idref="fl-fc"/>
      </object_component>
      <object_component id="oc-267">
         <name>.const:g_pulRegs</name>
         <load_address>0x2000b6fc</load_address>
         <run_address>0x2000b6fc</run_address>
         <size>0xd4</size>
         <input_file_ref idref="fl-fb"/>
      </object_component>
      <object_component id="oc-39a">
         <name>.const:PRCM_PeriphRegsList</name>
         <load_address>0x2000b7d0</load_address>
         <run_address>0x2000b7d0</run_address>
         <size>0xa8</size>
         <input_file_ref idref="fl-fd"/>
      </object_component>
      <object_component id="oc-1e8">
         <name>.const</name>
         <load_address>0x2000b878</load_address>
         <run_address>0x2000b878</run_address>
         <size>0x80</size>
         <input_file_ref idref="fl-fb"/>
      </object_component>
      <object_component id="oc-513">
         <name>.cinit..data.load</name>
         <load_address>0x2000b8f8</load_address>
         <run_address>0x2000b8f8</run_address>
         <size>0x78</size>
      </object_component>
      <object_component id="oc-514">
         <name>.cinit..bss.load</name>
         <load_address>0x2000b970</load_address>
         <run_address>0x2000b970</run_address>
         <size>0xb</size>
      </object_component>
      <object_component id="oc-511">
         <name>__TI_handler_table</name>
         <load_address>0x2000b97c</load_address>
         <run_address>0x2000b97c</run_address>
         <size>0x8</size>
      </object_component>
      <object_component id="oc-512">
         <name>__TI_cinit_table</name>
         <load_address>0x2000b984</load_address>
         <run_address>0x2000b984</run_address>
         <size>0x10</size>
      </object_component>
      <object_component id="oc-42f">
         <name>.data:fontSize</name>
         <load_address>0x2001b828</load_address>
         <run_address>0x2001b828</run_address>
         <size>0x60</size>
         <input_file_ref idref="fl-2"/>
      </object_component>
      <object_component id="oc-2e0">
         <name>.data</name>
         <load_address>0x2001b8b6</load_address>
         <run_address>0x2001b8b6</run_address>
         <size>0x1</size>
         <input_file_ref idref="fl-4"/>
      </object_component>
      <object_component id="oc-2c8">
         <name>.data:tdata</name>
         <load_address>0x2001b8b0</load_address>
         <run_address>0x2001b8b0</run_address>
         <size>0x6</size>
         <input_file_ref idref="fl-5"/>
      </object_component>
      <object_component id="oc-153">
         <name>.data</name>
         <load_address>0x2001b8a8</load_address>
         <run_address>0x2001b8a8</run_address>
         <size>0x8</size>
         <input_file_ref idref="fl-8"/>
      </object_component>
      <object_component id="oc-b4">
         <name>.data:$O1$$</name>
         <load_address>0x2001b888</load_address>
         <run_address>0x2001b888</run_address>
         <size>0xc</size>
         <input_file_ref idref="fl-cd"/>
      </object_component>
      <object_component id="oc-460">
         <name>.data:$O1$$</name>
         <load_address>0x2001b894</load_address>
         <run_address>0x2001b894</run_address>
         <size>0xc</size>
         <input_file_ref idref="fl-da"/>
      </object_component>
      <object_component id="oc-79">
         <name>.data</name>
         <load_address>0x2001b8bc</load_address>
         <run_address>0x2001b8bc</run_address>
         <size>0x4</size>
         <input_file_ref idref="fl-df"/>
      </object_component>
      <object_component id="oc-b7">
         <name>.data:$O1$$</name>
         <load_address>0x2001b8a0</load_address>
         <run_address>0x2001b8a0</run_address>
         <size>0x8</size>
         <input_file_ref idref="fl-e3"/>
      </object_component>
      <object_component id="oc-4b0">
         <name>.data</name>
         <load_address>0x2001b8b8</load_address>
         <run_address>0x2001b8b8</run_address>
         <size>0x4</size>
         <input_file_ref idref="fl-f5"/>
      </object_component>
      <object_component id="oc-159">
         <name>.bss</name>
         <uninitialized>true</uninitialized>
         <run_address>0x2001b000</run_address>
         <size>0xc</size>
         <input_file_ref idref="fl-8"/>
      </object_component>
      <object_component id="oc-1a5">
         <name>.bss:sRH$1</name>
         <uninitialized>true</uninitialized>
         <run_address>0x2001b01c</run_address>
         <size>0x2</size>
         <input_file_ref idref="fl-8"/>
      </object_component>
      <object_component id="oc-1a4">
         <name>.bss:sT$3</name>
         <uninitialized>true</uninitialized>
         <run_address>0x2001b01e</run_address>
         <size>0x2</size>
         <input_file_ref idref="fl-8"/>
      </object_component>
      <object_component id="oc-325">
         <name>.bss</name>
         <uninitialized>true</uninitialized>
         <run_address>0x2001b00c</run_address>
         <size>0x4</size>
         <input_file_ref idref="fl-d"/>
      </object_component>
      <object_component id="oc-380">
         <name>.common:char_x</name>
         <uninitialized>true</uninitialized>
         <run_address>0x2001b010</run_address>
         <size>0x4</size>
      </object_component>
      <object_component id="oc-383">
         <name>.common:char_y</name>
         <uninitialized>true</uninitialized>
         <run_address>0x2001b014</run_address>
         <size>0x4</size>
      </object_component>
      <object_component id="oc-384">
         <name>.common:_foreground</name>
         <uninitialized>true</uninitialized>
         <run_address>0x2001b022</run_address>
         <size>0x2</size>
      </object_component>
      <object_component id="oc-385">
         <name>.common:_background</name>
         <uninitialized>true</uninitialized>
         <run_address>0x2001b020</run_address>
         <size>0x2</size>
      </object_component>
      <object_component id="oc-189">
         <name>.common:g_uiDelay_sht20</name>
         <uninitialized>true</uninitialized>
         <run_address>0x2001b018</run_address>
         <size>0x4</size>
      </object_component>
      <object_component id="oc-18a">
         <name>.common:key3flag</name>
         <uninitialized>true</uninitialized>
         <run_address>0x2001b024</run_address>
         <size>0x1</size>
      </object_component>
      <object_component id="oc-18b">
         <name>.common:key4flag</name>
         <uninitialized>true</uninitialized>
         <run_address>0x2001b025</run_address>
         <size>0x1</size>
      </object_component>
      <object_component id="oc-156">
         <name>.common:pulAdcSamples</name>
         <uninitialized>true</uninitialized>
         <run_address>0x20017000</run_address>
         <size>0x4000</size>
      </object_component>
      <object_component id="oc-2a">
         <name>.sysmem</name>
         <uninitialized>true</uninitialized>
         <run_address>0x2001b028</run_address>
         <size>0x8</size>
         <input_file_ref idref="fl-da"/>
      </object_component>
      <object_component id="oc-516">
         <name>.sysmem</name>
         <uninitialized>true</uninitialized>
         <run_address>0x2001b028</run_address>
         <size>0x0</size>
      </object_component>
      <object_component id="oc-29">
         <name>.stack</name>
         <uninitialized>true</uninitialized>
         <run_address>0x2002f800</run_address>
         <size>0x0</size>
         <input_file_ref idref="fl-c9"/>
      </object_component>
      <object_component id="oc-515">
         <name>.stack</name>
         <uninitialized>true</uninitialized>
         <run_address>0x2002f800</run_address>
         <size>0x0</size>
      </object_component>
      <object_component id="oc-428">
         <name>.debug_info</name>
         <load_address>0x0</load_address>
         <run_address>0x0</run_address>
         <size>0x209</size>
         <input_file_ref idref="fl-2"/>
      </object_component>
      <object_component id="oc-430">
         <name>.debug_info</name>
         <load_address>0x209</load_address>
         <run_address>0x209</run_address>
         <size>0xd8</size>
         <input_file_ref idref="fl-2"/>
      </object_component>
      <object_component id="oc-2db">
         <name>.debug_info</name>
         <load_address>0x2e1</load_address>
         <run_address>0x2e1</run_address>
         <size>0x65a</size>
         <input_file_ref idref="fl-2"/>
      </object_component>
      <object_component id="oc-48c">
         <name>.debug_info</name>
         <load_address>0x93b</load_address>
         <run_address>0x93b</run_address>
         <size>0x62</size>
         <input_file_ref idref="fl-2"/>
      </object_component>
      <object_component id="oc-433">
         <name>.debug_info</name>
         <load_address>0x99d</load_address>
         <run_address>0x99d</run_address>
         <size>0xd9</size>
         <input_file_ref idref="fl-2"/>
      </object_component>
      <object_component id="oc-84">
         <name>.debug_info</name>
         <load_address>0xa76</load_address>
         <run_address>0xa76</run_address>
         <size>0x84</size>
         <input_file_ref idref="fl-2"/>
      </object_component>
      <object_component id="oc-27f">
         <name>.debug_info</name>
         <load_address>0xafa</load_address>
         <run_address>0xafa</run_address>
         <size>0x18b</size>
         <input_file_ref idref="fl-2"/>
      </object_component>
      <object_component id="oc-1e3">
         <name>.debug_info</name>
         <load_address>0xc85</load_address>
         <run_address>0xc85</run_address>
         <size>0x2c</size>
         <input_file_ref idref="fl-2"/>
      </object_component>
      <object_component id="oc-94">
         <name>.debug_info</name>
         <load_address>0xcb1</load_address>
         <run_address>0xcb1</run_address>
         <size>0x2c</size>
         <input_file_ref idref="fl-2"/>
      </object_component>
      <object_component id="oc-2d5">
         <name>.debug_info</name>
         <load_address>0xcdd</load_address>
         <run_address>0xcdd</run_address>
         <size>0x4e</size>
         <input_file_ref idref="fl-2"/>
      </object_component>
      <object_component id="oc-381">
         <name>.debug_info</name>
         <load_address>0xd2b</load_address>
         <run_address>0xd2b</run_address>
         <size>0x3fa</size>
         <input_file_ref idref="fl-3"/>
      </object_component>
      <object_component id="oc-387">
         <name>.debug_info</name>
         <load_address>0x1125</load_address>
         <run_address>0x1125</run_address>
         <size>0xe1</size>
         <input_file_ref idref="fl-3"/>
      </object_component>
      <object_component id="oc-38a">
         <name>.debug_info</name>
         <load_address>0x1206</load_address>
         <run_address>0x1206</run_address>
         <size>0xe1</size>
         <input_file_ref idref="fl-3"/>
      </object_component>
      <object_component id="oc-38d">
         <name>.debug_info</name>
         <load_address>0x12e7</load_address>
         <run_address>0x12e7</run_address>
         <size>0xde</size>
         <input_file_ref idref="fl-3"/>
      </object_component>
      <object_component id="oc-1b3">
         <name>.debug_info</name>
         <load_address>0x13c5</load_address>
         <run_address>0x13c5</run_address>
         <size>0x35af</size>
         <input_file_ref idref="fl-3"/>
      </object_component>
      <object_component id="oc-2ee">
         <name>.debug_info</name>
         <load_address>0x4974</load_address>
         <run_address>0x4974</run_address>
         <size>0x39f</size>
         <input_file_ref idref="fl-4"/>
      </object_component>
      <object_component id="oc-2e1">
         <name>.debug_info</name>
         <load_address>0x4d13</load_address>
         <run_address>0x4d13</run_address>
         <size>0xe7</size>
         <input_file_ref idref="fl-4"/>
      </object_component>
      <object_component id="oc-16f">
         <name>.debug_info</name>
         <load_address>0x4dfa</load_address>
         <run_address>0x4dfa</run_address>
         <size>0xf4d</size>
         <input_file_ref idref="fl-4"/>
      </object_component>
      <object_component id="oc-2bd">
         <name>.debug_info</name>
         <load_address>0x5d47</load_address>
         <run_address>0x5d47</run_address>
         <size>0x8b</size>
         <input_file_ref idref="fl-4"/>
      </object_component>
      <object_component id="oc-2cc">
         <name>.debug_info</name>
         <load_address>0x5dd2</load_address>
         <run_address>0x5dd2</run_address>
         <size>0x206</size>
         <input_file_ref idref="fl-5"/>
      </object_component>
      <object_component id="oc-2c9">
         <name>.debug_info</name>
         <load_address>0x5fd8</load_address>
         <run_address>0x5fd8</run_address>
         <size>0xcf</size>
         <input_file_ref idref="fl-5"/>
      </object_component>
      <object_component id="oc-163">
         <name>.debug_info</name>
         <load_address>0x60a7</load_address>
         <run_address>0x60a7</run_address>
         <size>0xd52</size>
         <input_file_ref idref="fl-5"/>
      </object_component>
      <object_component id="oc-1ba">
         <name>.debug_info</name>
         <load_address>0x6df9</load_address>
         <run_address>0x6df9</run_address>
         <size>0x1fd</size>
         <input_file_ref idref="fl-5"/>
      </object_component>
      <object_component id="oc-32a">
         <name>.debug_info</name>
         <load_address>0x6ff6</load_address>
         <run_address>0x6ff6</run_address>
         <size>0x110</size>
         <input_file_ref idref="fl-5"/>
      </object_component>
      <object_component id="oc-2c2">
         <name>.debug_info</name>
         <load_address>0x7106</load_address>
         <run_address>0x7106</run_address>
         <size>0x3cd</size>
         <input_file_ref idref="fl-7"/>
      </object_component>
      <object_component id="oc-15f">
         <name>.debug_info</name>
         <load_address>0x74d3</load_address>
         <run_address>0x74d3</run_address>
         <size>0x927</size>
         <input_file_ref idref="fl-7"/>
      </object_component>
      <object_component id="oc-157">
         <name>.debug_info</name>
         <load_address>0x7dfa</load_address>
         <run_address>0x7dfa</run_address>
         <size>0xa87</size>
         <input_file_ref idref="fl-8"/>
      </object_component>
      <object_component id="oc-15a">
         <name>.debug_info</name>
         <load_address>0x8881</load_address>
         <run_address>0x8881</run_address>
         <size>0xd3</size>
         <input_file_ref idref="fl-8"/>
      </object_component>
      <object_component id="oc-154">
         <name>.debug_info</name>
         <load_address>0x8954</load_address>
         <run_address>0x8954</run_address>
         <size>0xd2</size>
         <input_file_ref idref="fl-8"/>
      </object_component>
      <object_component id="oc-ad">
         <name>.debug_info</name>
         <load_address>0x8a26</load_address>
         <run_address>0x8a26</run_address>
         <size>0xd35</size>
         <input_file_ref idref="fl-8"/>
      </object_component>
      <object_component id="oc-1ae">
         <name>.debug_info</name>
         <load_address>0x975b</load_address>
         <run_address>0x975b</run_address>
         <size>0x251</size>
         <input_file_ref idref="fl-9"/>
      </object_component>
      <object_component id="oc-1a9">
         <name>.debug_info</name>
         <load_address>0x99ac</load_address>
         <run_address>0x99ac</run_address>
         <size>0x2d5</size>
         <input_file_ref idref="fl-a"/>
      </object_component>
      <object_component id="oc-35">
         <name>.debug_info</name>
         <load_address>0x9c81</load_address>
         <run_address>0x9c81</run_address>
         <size>0xf8</size>
         <input_file_ref idref="fl-b"/>
      </object_component>
      <object_component id="oc-10">
         <name>.debug_info</name>
         <load_address>0x9d79</load_address>
         <run_address>0x9d79</run_address>
         <size>0xe3</size>
         <input_file_ref idref="fl-b"/>
      </object_component>
      <object_component id="oc-2e">
         <name>.debug_info</name>
         <load_address>0x9e5c</load_address>
         <run_address>0x9e5c</run_address>
         <size>0x244</size>
         <input_file_ref idref="fl-b"/>
      </object_component>
      <object_component id="oc-263">
         <name>.debug_info</name>
         <load_address>0xa0a0</load_address>
         <run_address>0xa0a0</run_address>
         <size>0x3ea</size>
         <input_file_ref idref="fl-c"/>
      </object_component>
      <object_component id="oc-126">
         <name>.debug_info</name>
         <load_address>0xa48a</load_address>
         <run_address>0xa48a</run_address>
         <size>0xa06</size>
         <input_file_ref idref="fl-c"/>
      </object_component>
      <object_component id="oc-329">
         <name>.debug_info</name>
         <load_address>0xae90</load_address>
         <run_address>0xae90</run_address>
         <size>0x35a</size>
         <input_file_ref idref="fl-d"/>
      </object_component>
      <object_component id="oc-326">
         <name>.debug_info</name>
         <load_address>0xb1ea</load_address>
         <run_address>0xb1ea</run_address>
         <size>0xda</size>
         <input_file_ref idref="fl-d"/>
      </object_component>
      <object_component id="oc-176">
         <name>.debug_info</name>
         <load_address>0xb2c4</load_address>
         <run_address>0xb2c4</run_address>
         <size>0x641</size>
         <input_file_ref idref="fl-d"/>
      </object_component>
      <object_component id="oc-25">
         <name>.debug_info</name>
         <load_address>0xb905</load_address>
         <run_address>0xb905</run_address>
         <size>0x161</size>
         <input_file_ref idref="fl-c9"/>
      </object_component>
      <object_component id="oc-41">
         <name>.debug_info</name>
         <load_address>0xba66</load_address>
         <run_address>0xba66</run_address>
         <size>0x141</size>
         <input_file_ref idref="fl-ca"/>
      </object_component>
      <object_component id="oc-16">
         <name>.debug_info</name>
         <load_address>0xbba7</load_address>
         <run_address>0xbba7</run_address>
         <size>0x1e0</size>
         <input_file_ref idref="fl-ca"/>
      </object_component>
      <object_component id="oc-3c">
         <name>.debug_info</name>
         <load_address>0xbd87</load_address>
         <run_address>0xbd87</run_address>
         <size>0x46</size>
         <input_file_ref idref="fl-ca"/>
      </object_component>
      <object_component id="oc-8a">
         <name>.debug_info</name>
         <load_address>0xbdcd</load_address>
         <run_address>0xbdcd</run_address>
         <size>0x2c</size>
         <input_file_ref idref="fl-ca"/>
      </object_component>
      <object_component id="oc-49">
         <name>.debug_info</name>
         <load_address>0xbdf9</load_address>
         <run_address>0xbdf9</run_address>
         <size>0x135</size>
         <input_file_ref idref="fl-cb"/>
      </object_component>
      <object_component id="oc-45">
         <name>.debug_info</name>
         <load_address>0xbf2e</load_address>
         <run_address>0xbf2e</run_address>
         <size>0x248</size>
         <input_file_ref idref="fl-cb"/>
      </object_component>
      <object_component id="oc-1b">
         <name>.debug_info</name>
         <load_address>0xc176</load_address>
         <run_address>0xc176</run_address>
         <size>0x1b2</size>
         <input_file_ref idref="fl-cb"/>
      </object_component>
      <object_component id="oc-4a">
         <name>.debug_info</name>
         <load_address>0xc328</load_address>
         <run_address>0xc328</run_address>
         <size>0x39</size>
         <input_file_ref idref="fl-cb"/>
      </object_component>
      <object_component id="oc-bb">
         <name>.debug_info</name>
         <load_address>0xc361</load_address>
         <run_address>0xc361</run_address>
         <size>0x235</size>
         <input_file_ref idref="fl-cd"/>
      </object_component>
      <object_component id="oc-b5">
         <name>.debug_info</name>
         <load_address>0xc596</load_address>
         <run_address>0xc596</run_address>
         <size>0x186</size>
         <input_file_ref idref="fl-cd"/>
      </object_component>
      <object_component id="oc-74">
         <name>.debug_info</name>
         <load_address>0xc71c</load_address>
         <run_address>0xc71c</run_address>
         <size>0x215</size>
         <input_file_ref idref="fl-cd"/>
      </object_component>
      <object_component id="oc-2c4">
         <name>.debug_info</name>
         <load_address>0xc931</load_address>
         <run_address>0xc931</run_address>
         <size>0x145</size>
         <input_file_ref idref="fl-ce"/>
      </object_component>
      <object_component id="oc-11c">
         <name>.debug_info</name>
         <load_address>0xca76</load_address>
         <run_address>0xca76</run_address>
         <size>0x133</size>
         <input_file_ref idref="fl-cf"/>
      </object_component>
      <object_component id="oc-115">
         <name>.debug_info</name>
         <load_address>0xcba9</load_address>
         <run_address>0xcba9</run_address>
         <size>0x133</size>
         <input_file_ref idref="fl-d0"/>
      </object_component>
      <object_component id="oc-120">
         <name>.debug_info</name>
         <load_address>0xccdc</load_address>
         <run_address>0xccdc</run_address>
         <size>0x137</size>
         <input_file_ref idref="fl-d1"/>
      </object_component>
      <object_component id="oc-185">
         <name>.debug_info</name>
         <load_address>0xce13</load_address>
         <run_address>0xce13</run_address>
         <size>0x139</size>
         <input_file_ref idref="fl-d2"/>
      </object_component>
      <object_component id="oc-181">
         <name>.debug_info</name>
         <load_address>0xcf4c</load_address>
         <run_address>0xcf4c</run_address>
         <size>0x133</size>
         <input_file_ref idref="fl-d3"/>
      </object_component>
      <object_component id="oc-17b">
         <name>.debug_info</name>
         <load_address>0xd07f</load_address>
         <run_address>0xd07f</run_address>
         <size>0x133</size>
         <input_file_ref idref="fl-d4"/>
      </object_component>
      <object_component id="oc-110">
         <name>.debug_info</name>
         <load_address>0xd1b2</load_address>
         <run_address>0xd1b2</run_address>
         <size>0x125</size>
         <input_file_ref idref="fl-d5"/>
      </object_component>
      <object_component id="oc-2e4">
         <name>.debug_info</name>
         <load_address>0xd2d7</load_address>
         <run_address>0xd2d7</run_address>
         <size>0x127</size>
         <input_file_ref idref="fl-d6"/>
      </object_component>
      <object_component id="oc-2eb">
         <name>.debug_info</name>
         <load_address>0xd3fe</load_address>
         <run_address>0xd3fe</run_address>
         <size>0x139</size>
         <input_file_ref idref="fl-d7"/>
      </object_component>
      <object_component id="oc-39">
         <name>.debug_info</name>
         <load_address>0xd537</load_address>
         <run_address>0xd537</run_address>
         <size>0x112</size>
         <input_file_ref idref="fl-d8"/>
      </object_component>
      <object_component id="oc-45f">
         <name>.debug_info</name>
         <load_address>0xd649</load_address>
         <run_address>0xd649</run_address>
         <size>0x12d</size>
         <input_file_ref idref="fl-d9"/>
      </object_component>
      <object_component id="oc-31b">
         <name>.debug_info</name>
         <load_address>0xd776</load_address>
         <run_address>0xd776</run_address>
         <size>0x1ac</size>
         <input_file_ref idref="fl-d9"/>
      </object_component>
      <object_component id="oc-7f">
         <name>.debug_info</name>
         <load_address>0xd922</load_address>
         <run_address>0xd922</run_address>
         <size>0x223</size>
         <input_file_ref idref="fl-da"/>
      </object_component>
      <object_component id="oc-2b">
         <name>.debug_info</name>
         <load_address>0xdb45</load_address>
         <run_address>0xdb45</run_address>
         <size>0x102</size>
         <input_file_ref idref="fl-da"/>
      </object_component>
      <object_component id="oc-461">
         <name>.debug_info</name>
         <load_address>0xdc47</load_address>
         <run_address>0xdc47</run_address>
         <size>0x14d</size>
         <input_file_ref idref="fl-da"/>
      </object_component>
      <object_component id="oc-320">
         <name>.debug_info</name>
         <load_address>0xdd94</load_address>
         <run_address>0xdd94</run_address>
         <size>0x88c</size>
         <input_file_ref idref="fl-da"/>
      </object_component>
      <object_component id="oc-c1">
         <name>.debug_info</name>
         <load_address>0xe620</load_address>
         <run_address>0xe620</run_address>
         <size>0x2c</size>
         <input_file_ref idref="fl-da"/>
      </object_component>
      <object_component id="oc-c6">
         <name>.debug_info</name>
         <load_address>0xe64c</load_address>
         <run_address>0xe64c</run_address>
         <size>0x62</size>
         <input_file_ref idref="fl-da"/>
      </object_component>
      <object_component id="oc-50">
         <name>.debug_info</name>
         <load_address>0xe6ae</load_address>
         <run_address>0xe6ae</run_address>
         <size>0x140</size>
         <input_file_ref idref="fl-db"/>
      </object_component>
      <object_component id="oc-5f">
         <name>.debug_info</name>
         <load_address>0xe7ee</load_address>
         <run_address>0xe7ee</run_address>
         <size>0x139</size>
         <input_file_ref idref="fl-dc"/>
      </object_component>
      <object_component id="oc-65">
         <name>.debug_info</name>
         <load_address>0xe927</load_address>
         <run_address>0xe927</run_address>
         <size>0x149</size>
         <input_file_ref idref="fl-dd"/>
      </object_component>
      <object_component id="oc-2d4">
         <name>.debug_info</name>
         <load_address>0xea70</load_address>
         <run_address>0xea70</run_address>
         <size>0x1bc</size>
         <input_file_ref idref="fl-de"/>
[...]
         <object_component_ref idref="oc-31f"/>
      </symbol>
      <symbol id="sm-52b">
         <name>calloc</name>
         <value>0x20007b95</value>
         <object_component_ref idref="oc-31f"/>
      </symbol>
      <symbol id="sm-52c">
         <name>malloc</name>
         <value>0x2000787b</value>
         <object_component_ref idref="oc-31f"/>
      </symbol>
      <symbol id="sm-52d">
         <name>minit</name>
         <value>0x200077ed</value>
         <object_component_ref idref="oc-31f"/>
      </symbol>
      <symbol id="sm-53c">
         <name>__aeabi_memset</name>
         <value>0x2000983b</value>
         <object_component_ref idref="oc-4f"/>
      </symbol>
      <symbol id="sm-53d">
         <name>memset</name>
         <value>0x20009841</value>
         <object_component_ref idref="oc-4f"/>
      </symbol>
      <symbol id="sm-53e">
         <name>__aeabi_memset8</name>
         <value>0x2000983b</value>
         <object_component_ref idref="oc-4f"/>
      </symbol>
      <symbol id="sm-53f">
         <name>__aeabi_memset4</name>
         <value>0x2000983b</value>
         <object_component_ref idref="oc-4f"/>
      </symbol>
      <symbol id="sm-540">
         <name>__aeabi_memclr8</name>
         <value>0x20009839</value>
         <object_component_ref idref="oc-4f"/>
      </symbol>
      <symbol id="sm-541">
         <name>__aeabi_memclr4</name>
         <value>0x20009839</value>
         <object_component_ref idref="oc-4f"/>
      </symbol>
      <symbol id="sm-542">
         <name>__aeabi_memclr</name>
         <value>0x20009839</value>
         <object_component_ref idref="oc-4f"/>
      </symbol>
      <symbol id="sm-54c">
         <name>__mpu_init</name>
         <value>0x20009c07</value>
         <object_component_ref idref="oc-5b"/>
      </symbol>
      <symbol id="sm-556">
         <name>_system_pre_init</name>
         <value>0x2000a839</value>
         <object_component_ref idref="oc-61"/>
      </symbol>
      <symbol id="sm-56f">
         <name>sprintf</name>
         <value>0x20009b49</value>
         <object_component_ref idref="oc-168"/>
      </symbol>
      <symbol id="sm-577">
         <name>main_func_sp</name>
         <value>0x2001b8bc</value>
         <object_component_ref idref="oc-79"/>
      </symbol>
      <symbol id="sm-585">
         <name>strlen</name>
         <value>0x2000a795</value>
         <object_component_ref idref="oc-313"/>
      </symbol>
      <symbol id="sm-590">
         <name>__aeabi_ui2f</name>
         <value>0x2000a351</value>
         <object_component_ref idref="oc-10a"/>
      </symbol>
      <symbol id="sm-5ac">
         <name>vsnprintf</name>
         <value>0x20009525</value>
         <object_component_ref idref="oc-301"/>
      </symbol>
      <symbol id="sm-5c5">
         <name>_nop</name>
         <value>0x2000a78f</value>
         <object_component_ref idref="oc-1c8"/>
      </symbol>
      <symbol id="sm-5c6">
         <name>_lock</name>
         <value>0x2001b8a0</value>
         <object_component_ref idref="oc-b7"/>
      </symbol>
      <symbol id="sm-5c7">
         <name>_unlock</name>
         <value>0x2001b8a4</value>
         <object_component_ref idref="oc-b7"/>
      </symbol>
      <symbol id="sm-5c8">
         <name>_register_lock</name>
         <value>0x2000a787</value>
         <object_component_ref idref="oc-1c8"/>
      </symbol>
      <symbol id="sm-5c9">
         <name>_register_unlock</name>
         <value>0x2000a781</value>
         <object_component_ref idref="oc-1c8"/>
      </symbol>
      <symbol id="sm-6d0">
         <name>__TI_printfi</name>
         <value>0x200051f7</value>
         <object_component_ref idref="oc-2cd"/>
      </symbol>
      <symbol id="sm-6e4">
         <name>_args_main</name>
         <value>0x2000a681</value>
         <object_component_ref idref="oc-6d"/>
      </symbol>
      <symbol id="sm-6fa">
         <name>atoi</name>
         <value>0x20009e15</value>
         <object_component_ref idref="oc-40f"/>
      </symbol>
      <symbol id="sm-71f">
         <name>__TI_auto_init</name>
         <value>0x20009999</value>
         <object_component_ref idref="oc-67"/>
      </symbol>
      <symbol id="sm-739">
         <name>copy_in</name>
         <value>0x20009e61</value>
         <object_component_ref idref="oc-9e"/>
      </symbol>
      <symbol id="sm-744">
         <name>_ctypes_</name>
         <value>0x2000b4f8</value>
         <object_component_ref idref="oc-4b9"/>
      </symbol>
      <symbol id="sm-766">
         <name>__aeabi_cdcmpeq</name>
         <value>0x200095ad</value>
         <object_component_ref idref="oc-3dd"/>
      </symbol>
      <symbol id="sm-767">
         <name>__aeabi_cdcmple</name>
         <value>0x200095ad</value>
         <object_component_ref idref="oc-3dd"/>
      </symbol>
      <symbol id="sm-768">
         <name>__aeabi_cdrcmple</name>
         <value>0x20009633</value>
         <object_component_ref idref="oc-3e2"/>
      </symbol>
      <symbol id="sm-772">
         <name>__aeabi_d2iz</name>
         <value>0x20009ef5</value>
         <object_component_ref idref="oc-3e7"/>
      </symbol>
      <symbol id="sm-77c">
         <name>__aeabi_idiv0</name>
         <value>0x2000949b</value>
         <object_component_ref idref="oc-43b"/>
      </symbol>
      <symbol id="sm-786">
         <name>__aeabi_i2d</name>
         <value>0x2000a1b5</value>
         <object_component_ref idref="oc-3f2"/>
      </symbol>
      <symbol id="sm-795">
         <name>ltoa</name>
         <value>0x20009d15</value>
         <object_component_ref idref="oc-3ec"/>
      </symbol>
      <symbol id="sm-7a5">
         <name>memccpy</name>
         <value>0x2000a59f</value>
         <object_component_ref idref="oc-409"/>
      </symbol>
      <symbol id="sm-7be">
         <name>frexpl</name>
         <value>0x20009c09</value>
         <object_component_ref idref="oc-3f7"/>
      </symbol>
      <symbol id="sm-7bf">
         <name>frexp</name>
         <value>0x20009c09</value>
         <object_component_ref idref="oc-3f7"/>
      </symbol>
      <symbol id="sm-7dd">
         <name>scalbn</name>
         <value>0x20008f51</value>
         <object_component_ref idref="oc-3fd"/>
      </symbol>
      <symbol id="sm-7de">
         <name>scalbnl</name>
         <value>0x20008f51</value>
         <object_component_ref idref="oc-3fd"/>
      </symbol>
      <symbol id="sm-7df">
         <name>ldexpl</name>
         <value>0x20008f51</value>
         <object_component_ref idref="oc-3fd"/>
      </symbol>
      <symbol id="sm-7e0">
         <name>ldexp</name>
         <value>0x20008f51</value>
         <object_component_ref idref="oc-3fd"/>
      </symbol>
      <symbol id="sm-7ea">
         <name>_system_post_cinit</name>
         <value>0x20009d6b</value>
         <object_component_ref idref="oc-a4"/>
      </symbol>
      <symbol id="sm-7fa">
         <name>strchr</name>
         <value>0x2000a707</value>
         <object_component_ref idref="oc-403"/>
      </symbol>
      <symbol id="sm-816">
         <name>__aeabi_uldivmod</name>
         <value>0x20008491</value>
         <object_component_ref idref="oc-3d8"/>
      </symbol>
      <symbol id="sm-81e">
         <name>errno</name>
         <value>0x2001b8b8</value>
         <object_component_ref idref="oc-4b0"/>
      </symbol>
      <symbol id="sm-828">
         <name>copysign</name>
         <value>0x2000a825</value>
         <object_component_ref idref="oc-4aa"/>
      </symbol>
      <symbol id="sm-829">
         <name>copysignl</name>
         <value>0x2000a825</value>
         <object_component_ref idref="oc-4aa"/>
      </symbol>
      <symbol id="sm-86b">
         <name>ADCChannelDisable</name>
         <value>0x2000a03d</value>
         <object_component_ref idref="oc-104"/>
      </symbol>
      <symbol id="sm-86c">
         <name>ADCFIFOLvlGet</name>
         <value>0x2000a52f</value>
         <object_component_ref idref="oc-f8"/>
      </symbol>
      <symbol id="sm-86d">
         <name>ADCChannelEnable</name>
         <value>0x2000a075</value>
         <object_component_ref idref="oc-f2"/>
      </symbol>
      <symbol id="sm-86e">
         <name>ADCTimerEnable</name>
         <value>0x2000a699</value>
         <object_component_ref idref="oc-198"/>
      </symbol>
      <symbol id="sm-86f">
         <name>ADCTimerConfig</name>
         <value>0x2000a375</value>
         <object_component_ref idref="oc-192"/>
      </symbol>
      <symbol id="sm-870">
         <name>ADCEnable</name>
         <value>0x2000a71d</value>
         <object_component_ref idref="oc-19e"/>
      </symbol>
      <symbol id="sm-871">
         <name>ADCFIFORead</name>
         <value>0x2000a609</value>
         <object_component_ref idref="oc-fe"/>
      </symbol>
      <symbol id="sm-8c9">
         <name>GPIOIntRegister</name>
         <value>0x2000a45d</value>
         <object_component_ref idref="oc-141"/>
      </symbol>
      <symbol id="sm-8ca">
         <name>GPIOIntEnable</name>
         <value>0x2000a5bb</value>
         <object_component_ref idref="oc-14d"/>
      </symbol>
      <symbol id="sm-8cb">
         <name>GPIOIntTypeSet</name>
         <value>0x2000973d</value>
         <object_component_ref idref="oc-135"/>
      </symbol>
      <symbol id="sm-8cc">
         <name>GPIOIntClear</name>
         <value>0x2000a745</value>
         <object_component_ref idref="oc-12f"/>
      </symbol>
      <symbol id="sm-8cd">
         <name>GPIOIntStatus</name>
         <value>0x2000a397</value>
         <object_component_ref idref="oc-129"/>
      </symbol>
      <symbol id="sm-8ce">
         <name>GPIODirModeSet</name>
         <value>0x2000a11d</value>
         <object_component_ref idref="oc-342"/>
      </symbol>
      <symbol id="sm-8cf">
         <name>GPIOPinWrite</name>
         <value>0x2000a3fd</value>
         <object_component_ref idref="oc-35c"/>
      </symbol>
      <symbol id="sm-92f">
         <name>I2CMasterDataPut</name>
         <value>0x2000a6af</value>
         <object_component_ref idref="oc-2aa"/>
      </symbol>
      <symbol id="sm-930">
         <name>I2CMasterInitExpClk</name>
         <value>0x200096b9</value>
         <object_component_ref idref="oc-2b6"/>
      </symbol>
      <symbol id="sm-931">
         <name>I2CMasterIntClearEx</name>
         <value>0x2000a7bb</value>
         <object_component_ref idref="oc-28c"/>
      </symbol>
      <symbol id="sm-932">
         <name>I2CMasterSlaveAddrSet</name>
         <value>0x2000a3b9</value>
         <object_component_ref idref="oc-2a4"/>
      </symbol>
      <symbol id="sm-933">
         <name>I2CMasterDataGet</name>
         <value>0x2000a7f1</value>
         <object_component_ref idref="oc-2b0"/>
      </symbol>
      <symbol id="sm-934">
         <name>I2CMasterErr</name>
         <value>0x2000a1e3</value>
         <object_component_ref idref="oc-29e"/>
      </symbol>
      <symbol id="sm-935">
         <name>I2CMasterTimeoutSet</name>
         <value>0x2000a7cd</value>
         <object_component_ref idref="oc-292"/>
      </symbol>
      <symbol id="sm-936">
         <name>I2CMasterControl</name>
         <value>0x2000a7a9</value>
         <object_component_ref idref="oc-298"/>
      </symbol>
      <symbol id="sm-937">
         <name>I2CMasterEnable</name>
         <value>0x2000a6c5</value>
         <object_component_ref idref="oc-3ca"/>
      </symbol>
      <symbol id="sm-938">
         <name>I2CMasterIntStatusEx</name>
         <value>0x2000a47b</value>
         <object_component_ref idref="oc-286"/>
      </symbol>
      <symbol id="sm-9be">
         <name>IntPendClear</name>
         <value>0x20009c65</value>
         <object_component_ref idref="oc-147"/>
      </symbol>
      <symbol id="sm-9bf">
         <name>IntPrioritySet</name>
         <value>0x20009d6d</value>
         <object_component_ref idref="oc-13b"/>
      </symbol>
      <symbol id="sm-9c0">
         <name>IntVTableBaseSet</name>
         <value>0x2000a759</value>
         <object_component_ref idref="oc-da"/>
      </symbol>
      <symbol id="sm-9c1">
         <name>IntEnable</name>
         <value>0x20009191</value>
         <object_component_ref idref="oc-e6"/>
      </symbol>
      <symbol id="sm-9c2">
         <name>IntDisable</name>
         <value>0x200090e9</value>
         <object_component_ref idref="oc-3ac"/>
      </symbol>
      <symbol id="sm-9c3">
         <name>IntRegister</name>
         <value>0x2000a41d</value>
         <object_component_ref idref="oc-271"/>
      </symbol>
      <symbol id="sm-9c4">
         <name>IntUnregister</name>
         <value>0x2000a2e5</value>
         <object_component_ref idref="oc-3b2"/>
      </symbol>
      <symbol id="sm-9c5">
         <name>IntMasterEnable</name>
         <value>0x2000a81b</value>
         <object_component_ref idref="oc-e0"/>
      </symbol>
      <symbol id="sm-a14">
         <name>PinTypeI2C</name>
         <value>0x2000a54b</value>
         <object_component_ref idref="oc-354"/>
      </symbol>
      <symbol id="sm-a15">
         <name>PinTypeUART</name>
         <value>0x2000a5ef</value>
         <object_component_ref idref="oc-348"/>
      </symbol>
      <symbol id="sm-a16">
         <name>PinTypeADC</name>
         <value>0x2000a76d</value>
         <object_component_ref idref="oc-18c"/>
      </symbol>
      <symbol id="sm-a17">
         <name>PinTypeGPIO</name>
         <value>0x2000a153</value>
         <object_component_ref idref="oc-33c"/>
      </symbol>
      <symbol id="sm-a18">
         <name>PinConfigSet</name>
         <value>0x2000949d</value>
         <object_component_ref idref="oc-332"/>
      </symbol>
      <symbol id="sm-a19">
         <name>PinTypeSPI</name>
         <value>0x2000a5d5</value>
         <object_component_ref idref="oc-34e"/>
      </symbol>
      <symbol id="sm-a1a">
         <name>PinModeSet</name>
         <value>0x20009f81</value>
         <object_component_ref idref="oc-46c"/>
      </symbol>
      <symbol id="sm-aa0">
         <name>PRCMPeripheralReset</name>
         <value>0x20009cbd</value>
         <object_component_ref idref="oc-204"/>
      </symbol>
      <symbol id="sm-aa1">
         <name>PRCMPeripheralClkEnable</name>
         <value>0x2000a001</value>
         <object_component_ref idref="oc-1fe"/>
      </symbol>
      <symbol id="sm-aa2">
         <name>PRCMPeripheralClockGet</name>
         <value>0x20009375</value>
         <object_component_ref idref="oc-2ef"/>
      </symbol>
      <symbol id="sm-aa3">
         <name>PRCMCC3200MCUInit</name>
         <value>0x200089d5</value>
         <object_component_ref idref="oc-ec"/>
      </symbol>
      <symbol id="sm-aa4">
         <name>PRCMHIBRegWrite</name>
         <value>0x2000a6f1</value>
         <object_component_ref idref="oc-1f8"/>
      </symbol>
      <symbol id="sm-aa5">
         <name>PRCMSysResetCauseGet</name>
         <value>0x2000a211</value>
         <object_component_ref idref="oc-1ec"/>
      </symbol>
      <symbol id="sm-aa6">
         <name>PRCMPeripheralClkDisable</name>
         <value>0x2000a2bd</value>
         <object_component_ref idref="oc-20a"/>
      </symbol>
      <symbol id="sm-aa7">
         <name>PRCMHIBRegRead</name>
         <value>0x2000a6db</value>
         <object_component_ref idref="oc-1f2"/>
      </symbol>
      <symbol id="sm-ae6">
         <name>SPIDataGetNonBlocking</name>
         <value>0x2000a23d</value>
         <object_component_ref idref="oc-429"/>
      </symbol>
      <symbol id="sm-ae7">
         <name>SPIDataPut</name>
         <value>0x2000a499</value>
         <object_component_ref idref="oc-374"/>
      </symbol>
      <symbol id="sm-ae8">
         <name>SPIEnable</name>
         <value>0x2000a621</value>
         <object_component_ref idref="oc-36e"/>
      </symbol>
      <symbol id="sm-ae9">
         <name>SPIDataGet</name>
         <value>0x2000a43d</value>
         <object_component_ref idref="oc-37a"/>
      </symbol>
      <symbol id="sm-aea">
         <name>SPIConfigSetExpClk</name>
         <value>0x20009239</value>
         <object_component_ref idref="oc-368"/>
      </symbol>
      <symbol id="sm-aeb">
         <name>SPIReset</name>
         <value>0x2000a3db</value>
         <object_component_ref idref="oc-362"/>
      </symbol>
      <symbol id="sm-b6f">
         <name>TimerLoadSet</name>
         <value>0x2000a267</value>
         <object_component_ref idref="oc-23e"/>
      </symbol>
      <symbol id="sm-b70">
         <name>TimerDisable</name>
         <value>0x2000a4b7</value>
         <object_component_ref idref="oc-24a"/>
      </symbol>
      <symbol id="sm-b71">
         <name>TimerIntRegister</name>
         <value>0x20009929</value>
         <object_component_ref idref="oc-226"/>
      </symbol>
      <symbol id="sm-b72">
         <name>TimerEnable</name>
         <value>0x2000a4d5</value>
         <object_component_ref idref="oc-244"/>
      </symbol>
      <symbol id="sm-b73">
         <name>TimerIntUnregister</name>
         <value>0x20009ae1</value>
         <object_component_ref idref="oc-256"/>
      </symbol>
      <symbol id="sm-b74">
         <name>TimerIntStatus</name>
         <value>0x2000a4f3</value>
         <object_component_ref idref="oc-232"/>
      </symbol>
      <symbol id="sm-b75">
         <name>TimerIntDisable</name>
         <value>0x2000a639</value>
         <object_component_ref idref="oc-250"/>
      </symbol>
      <symbol id="sm-b76">
         <name>TimerValueGet</name>
         <value>0x2000a567</value>
         <object_component_ref idref="oc-25c"/>
      </symbol>
      <symbol id="sm-b77">
         <name>TimerPrescaleSet</name>
         <value>0x2000a291</value>
         <object_component_ref idref="oc-220"/>
      </symbol>
      <symbol id="sm-b78">
         <name>TimerIntEnable</name>
         <value>0x2000a651</value>
         <object_component_ref idref="oc-22c"/>
      </symbol>
      <symbol id="sm-b79">
         <name>TimerConfigure</name>
         <value>0x20009f3d</value>
         <object_component_ref idref="oc-21a"/>
      </symbol>
      <symbol id="sm-b7a">
         <name>TimerIntClear</name>
         <value>0x2000a7df</value>
         <object_component_ref idref="oc-238"/>
      </symbol>
      <symbol id="sm-bb6">
         <name>UARTConfigSetExpClk</name>
         <value>0x200098b3</value>
         <object_component_ref idref="oc-2f5"/>
      </symbol>
      <symbol id="sm-bb7">
         <name>UARTDisable</name>
         <value>0x2000a185</value>
         <object_component_ref idref="oc-445"/>
      </symbol>
      <symbol id="sm-bb8">
         <name>UARTCharsAvail</name>
         <value>0x2000a669</value>
         <object_component_ref idref="oc-307"/>
      </symbol>
      <symbol id="sm-bb9">
         <name>UARTCharGetNonBlocking</name>
         <value>0x2000a583</value>
         <object_component_ref idref="oc-30d"/>
      </symbol>
      <symbol id="sm-bba">
         <name>UARTCharPut</name>
         <value>0x2000a511</value>
         <object_component_ref idref="oc-2fb"/>
      </symbol>
      <symbol id="sm-bbb">
         <name>UARTEnable</name>
         <value>0x2000a309</value>
         <object_component_ref idref="oc-44b"/>
      </symbol>
      <symbol id="sm-bbf">
         <name>UtilsDelay</name>
         <value>0x2000a82d</value>
         <object_component_ref idref="oc-1b8"/>
      </symbol>
      <symbol id="sm-bc9">
         <name>CPUcpsie</name>
         <value>0x2000a731</value>
         <object_component_ref idref="oc-1dc"/>
      </symbol>
      <symbol id="sm-bcb">
         <name>__TI_static_base__</name>
         <value>0x2000b8f8</value>
      </symbol>
      <symbol id="sm-bce">
         <name>SHT$$INIT_ARRAY$$Limit</name>
         <value>0x0</value>
      </symbol>
      <symbol id="sm-bcf">
         <name>SHT$$INIT_ARRAY$$Base</name>
         <value>0x0</value>
      </symbol>
   </symbol_table>
   <title>Link successful</title>
</link_info>
