<?xml version="1.0"?>
<link_info>
   <banner>TI ARM Linker PC v15.12.3.LTS</banner>
   <copyright>Copyright (c) 1996-2015 Texas Instruments Incorporated</copyright>
   <link_time>0x6743081c</link_time>
   <link_errors>0x0</link_errors>
   <output_file>LAB_BLE-UART_2022.out</output_file>
   <entry_point>
      <name>_c_int00</name>
      <address>0x20009c6d</address>
   </entry_point>
   <input_file_list>
      <input_file id="fl-2">
         <path>.\</path>
         <kind>object</kind>
         <file>Font_lib.obj</file>
         <name>Font_lib.obj</name>
      </input_file>
      <input_file id="fl-3">
         <path>.\</path>
         <kind>object</kind>
         <file>LCD_TFT_ILI9341.obj</file>
         <name>LCD_TFT_ILI9341.obj</name>
      </input_file>
      <input_file id="fl-4">
         <path>.\</path>
         <kind>object</kind>
         <file>LCD_display.obj</file>
         <name>LCD_display.obj</name>
      </input_file>
      <input_file id="fl-5">
         <path>.\</path>
         <kind>object</kind>
         <file>SHT2X.obj</file>
         <name>SHT2X.obj</name>
      </input_file>
      <input_file id="fl-6">
         <path>.\</path>
         <kind>object</kind>
         <file>gpio_if.obj</file>
         <name>gpio_if.obj</name>
      </input_file>
      <input_file id="fl-7">
         <path>.\</path>
         <kind>object</kind>
         <file>i2c_if.obj</file>
         <name>i2c_if.obj</name>
      </input_file>
      <input_file id="fl-8">
         <path>.\</path>
         <kind>object</kind>
         <file>main.obj</file>
         <name>main.obj</name>
      </input_file>
      <input_file id="fl-9">
         <path>.\</path>
         <kind>object</kind>
         <file>pinmux.obj</file>
         <name>pinmux.obj</name>
      </input_file>
      <input_file id="fl-a">
         <path>.\</path>
         <kind>object</kind>
         <file>startup_ccs.obj</file>
         <name>startup_ccs.obj</name>
      </input_file>
      <input_file id="fl-b">
         <path>.\</path>
         <kind>object</kind>
         <file>timer_if.obj</file>
         <name>timer_if.obj</name>
      </input_file>
      <input_file id="fl-c">
         <path>.\</path>
         <kind>object</kind>
         <file>uart_if.obj</file>
         <name>uart_if.obj</name>
      </input_file>
      <input_file id="fl-d">
         <path>.\</path>
         <kind>object</kind>
         <file>utils_if.obj</file>
         <name>utils_if.obj</name>
      </input_file>
      <input_file id="fl-c8">
         <path>D:\software\WebOfThings\CCS6.2.0\ccsv6\tools\compiler\arm_15.12.3.LTS\lib\</path>
         <kind>archive</kind>
         <file>rtsv7M4_T_le_eabi.lib</file>
         <name>boot.obj</name>
      </input_file>
      <input_file id="fl-c9">
         <path>D:\software\WebOfThings\CCS6.2.0\ccsv6\tools\compiler\arm_15.12.3.LTS\lib\</path>
         <kind>archive</kind>
         <file>rtsv7M4_T_le_eabi.lib</file>
         <name>copy_decompress_none.obj</name>
      </input_file>
      <input_file id="fl-ca">
         <path>D:\software\WebOfThings\CCS6.2.0\ccsv6\tools\compiler\arm_15.12.3.LTS\lib\</path>
         <kind>archive</kind>
         <file>rtsv7M4_T_le_eabi.lib</file>
         <name>copy_decompress_rle.obj</name>
      </input_file>
      <input_file id="fl-cb">
         <path>D:\software\WebOfThings\CCS6.2.0\ccsv6\tools\compiler\arm_15.12.3.LTS\lib\</path>
         <kind>archive</kind>
         <file>rtsv7M4_T_le_eabi.lib</file>
         <name>copy_zero_init.obj</name>
      </input_file>
      <input_file id="fl-cc">
         <path>D:\software\WebOfThings\CCS6.2.0\ccsv6\tools\compiler\arm_15.12.3.LTS\lib\</path>
         <kind>archive</kind>
         <file>rtsv7M4_T_le_eabi.lib</file>
         <name>exit.obj</name>
      </input_file>
      <input_file id="fl-cd">
         <path>D:\software\WebOfThings\CCS6.2.0\ccsv6\tools\compiler\arm_15.12.3.LTS\lib\</path>
         <kind>archive</kind>
         <file>rtsv7M4_T_le_eabi.lib</file>
         <name>fd_add_t2.obj</name>
      </input_file>
      <input_file id="fl-ce">
         <path>D:\software\WebOfThings\CCS6.2.0\ccsv6\tools\compiler\arm_15.12.3.LTS\lib\</path>
         <kind>archive</kind>
         <file>rtsv7M4_T_le_eabi.lib</file>
         <name>fd_div_t2.obj</name>
      </input_file>
      <input_file id="fl-cf">
         <path>D:\software\WebOfThings\CCS6.2.0\ccsv6\tools\compiler\arm_15.12.3.LTS\lib\</path>
         <kind>archive</kind>
         <file>rtsv7M4_T_le_eabi.lib</file>
         <name>fd_mul_t2.obj</name>
      </input_file>
      <input_file id="fl-d0">
         <path>D:\software\WebOfThings\CCS6.2.0\ccsv6\tools\compiler\arm_15.12.3.LTS\lib\</path>
         <kind>archive</kind>
         <file>rtsv7M4_T_le_eabi.lib</file>
         <name>fd_tos_t2.obj</name>
      </input_file>
      <input_file id="fl-d1">
         <path>D:\software\WebOfThings\CCS6.2.0\ccsv6\tools\compiler\arm_15.12.3.LTS\lib\</path>
         <kind>archive</kind>
         <file>rtsv7M4_T_le_eabi.lib</file>
         <name>fs_div_t2.obj</name>
      </input_file>
      <input_file id="fl-d2">
         <path>D:\software\WebOfThings\CCS6.2.0\ccsv6\tools\compiler\arm_15.12.3.LTS\lib\</path>
         <kind>archive</kind>
         <file>rtsv7M4_T_le_eabi.lib</file>
         <name>fs_mul_t2.obj</name>
      </input_file>
      <input_file id="fl-d3">
         <path>D:\software\WebOfThings\CCS6.2.0\ccsv6\tools\compiler\arm_15.12.3.LTS\lib\</path>
         <kind>archive</kind>
         <file>rtsv7M4_T_le_eabi.lib</file>
         <name>fs_tod_t2.obj</name>
      </input_file>
      <input_file id="fl-d4">
         <path>D:\software\WebOfThings\CCS6.2.0\ccsv6\tools\compiler\arm_15.12.3.LTS\lib\</path>
         <kind>archive</kind>
         <file>rtsv7M4_T_le_eabi.lib</file>
         <name>fs_toi_t2.obj</name>
      </input_file>
      <input_file id="fl-d5">
         <path>D:\software\WebOfThings\CCS6.2.0\ccsv6\tools\compiler\arm_15.12.3.LTS\lib\</path>
         <kind>archive</kind>
         <file>rtsv7M4_T_le_eabi.lib</file>
         <name>i_divt2.obj</name>
      </input_file>
      <input_file id="fl-d6">
         <path>D:\software\WebOfThings\CCS6.2.0\ccsv6\tools\compiler\arm_15.12.3.LTS\lib\</path>
         <kind>archive</kind>
         <file>rtsv7M4_T_le_eabi.lib</file>
         <name>memcpy_t2.obj</name>
      </input_file>
      <input_file id="fl-d7">
         <path>D:\software\WebOfThings\CCS6.2.0\ccsv6\tools\compiler\arm_15.12.3.LTS\lib\</path>
         <kind>archive</kind>
         <file>rtsv7M4_T_le_eabi.lib</file>
         <name>memmov.obj</name>
      </input_file>
      <input_file id="fl-d8">
         <path>D:\software\WebOfThings\CCS6.2.0\ccsv6\tools\compiler\arm_15.12.3.LTS\lib\</path>
         <kind>archive</kind>
         <file>rtsv7M4_T_le_eabi.lib</file>
         <name>memory.obj</name>
      </input_file>
      <input_file id="fl-d9">
         <path>D:\software\WebOfThings\CCS6.2.0\ccsv6\tools\compiler\arm_15.12.3.LTS\lib\</path>
         <kind>archive</kind>
         <file>rtsv7M4_T_le_eabi.lib</file>
         <name>memset_t2.obj</name>
      </input_file>
      <input_file id="fl-da">
         <path>D:\software\WebOfThings\CCS6.2.0\ccsv6\tools\compiler\arm_15.12.3.LTS\lib\</path>
         <kind>archive</kind>
         <file>rtsv7M4_T_le_eabi.lib</file>
         <name>mpu_init.obj</name>
      </input_file>
      <input_file id="fl-db">
         <path>D:\software\WebOfThings\CCS6.2.0\ccsv6\tools\compiler\arm_15.12.3.LTS\lib\</path>
         <kind>archive</kind>
         <file>rtsv7M4_T_le_eabi.lib</file>
         <name>pre_init.obj</name>
      </input_file>
      <input_file id="fl-dc">
         <path>D:\software\WebOfThings\CCS6.2.0\ccsv6\tools\compiler\arm_15.12.3.LTS\lib\</path>
         <kind>archive</kind>
         <file>rtsv7M4_T_le_eabi.lib</file>
         <name>sprintf.obj</name>
      </input_file>
      <input_file id="fl-dd">
         <path>D:\software\WebOfThings\CCS6.2.0\ccsv6\tools\compiler\arm_15.12.3.LTS\lib\</path>
         <kind>archive</kind>
         <file>rtsv7M4_T_le_eabi.lib</file>
         <name>stkdepth_vars.obj</name>
      </input_file>
      <input_file id="fl-de">
         <path>D:\software\WebOfThings\CCS6.2.0\ccsv6\tools\compiler\arm_15.12.3.LTS\lib\</path>
         <kind>archive</kind>
         <file>rtsv7M4_T_le_eabi.lib</file>
         <name>strlen.obj</name>
      </input_file>
      <input_file id="fl-df">
         <path>D:\software\WebOfThings\CCS6.2.0\ccsv6\tools\compiler\arm_15.12.3.LTS\lib\</path>
         <kind>archive</kind>
         <file>rtsv7M4_T_le_eabi.lib</file>
         <name>u_tofs_t2.obj</name>
      </input_file>
      <input_file id="fl-e0">
         <path>D:\software\WebOfThings\CCS6.2.0\ccsv6\tools\compiler\arm_15.12.3.LTS\lib\</path>
         <kind>archive</kind>
         <file>rtsv7M4_T_le_eabi.lib</file>
         <name>vsnprintf.obj</name>
      </input_file>
      <input_file id="fl-e1">
         <path>D:\software\WebOfThings\CCS6.2.0\ccsv6\tools\compiler\arm_15.12.3.LTS\lib\</path>
         <kind>archive</kind>
         <file>rtsv7M4_T_le_eabi.lib</file>
         <name>_lock.obj</name>
      </input_file>
      <input_file id="fl-e2">
         <path>D:\software\WebOfThings\CCS6.2.0\ccsv6\tools\compiler\arm_15.12.3.LTS\lib\</path>
         <kind>archive</kind>
         <file>rtsv7M4_T_le_eabi.lib</file>
         <name>_printfi.obj</name>
      </input_file>
      <input_file id="fl-e3">
         <path>D:\software\WebOfThings\CCS6.2.0\ccsv6\tools\compiler\arm_15.12.3.LTS\lib\</path>
         <kind>archive</kind>
         <file>rtsv7M4_T_le_eabi.lib</file>
         <name>args_main.obj</name>
      </input_file>
      <input_file id="fl-e4">
         <path>D:\software\WebOfThings\CCS6.2.0\ccsv6\tools\compiler\arm_15.12.3.LTS\lib\</path>
         <kind>archive</kind>
         <file>rtsv7M4_T_le_eabi.lib</file>
         <name>atoi.obj</name>
      </input_file>
      <input_file id="fl-e5">
         <path>D:\software\WebOfThings\CCS6.2.0\ccsv6\tools\compiler\arm_15.12.3.LTS\lib\</path>
         <kind>archive</kind>
         <file>rtsv7M4_T_le_eabi.lib</file>
         <name>autoinit.obj</name>
      </input_file>
      <input_file id="fl-e6">
         <path>D:\software\WebOfThings\CCS6.2.0\ccsv6\tools\compiler\arm_15.12.3.LTS\lib\</path>
         <kind>archive</kind>
         <file>rtsv7M4_T_le_eabi.lib</file>
         <name>cpy_tbl.obj</name>
      </input_file>
      <input_file id="fl-e7">
         <path>D:\software\WebOfThings\CCS6.2.0\ccsv6\tools\compiler\arm_15.12.3.LTS\lib\</path>
         <kind>archive</kind>
         <file>rtsv7M4_T_le_eabi.lib</file>
         <name>ctype.obj</name>
      </input_file>
      <input_file id="fl-e8">
         <path>D:\software\WebOfThings\CCS6.2.0\ccsv6\tools\compiler\arm_15.12.3.LTS\lib\</path>
         <kind>archive</kind>
         <file>rtsv7M4_T_le_eabi.lib</file>
         <name>fd_cmp_t2.obj</name>
      </input_file>
      <input_file id="fl-e9">
         <path>D:\software\WebOfThings\CCS6.2.0\ccsv6\tools\compiler\arm_15.12.3.LTS\lib\</path>
         <kind>archive</kind>
         <file>rtsv7M4_T_le_eabi.lib</file>
         <name>fd_toi_t2.obj</name>
      </input_file>
      <input_file id="fl-ea">
         <path>D:\software\WebOfThings\CCS6.2.0\ccsv6\tools\compiler\arm_15.12.3.LTS\lib\</path>
         <kind>archive</kind>
         <file>rtsv7M4_T_le_eabi.lib</file>
         <name>i_div0.obj</name>
      </input_file>
      <input_file id="fl-eb">
         <path>D:\software\WebOfThings\CCS6.2.0\ccsv6\tools\compiler\arm_15.12.3.LTS\lib\</path>
         <kind>archive</kind>
         <file>rtsv7M4_T_le_eabi.lib</file>
         <name>i_tofd_t2.obj</name>
      </input_file>
      <input_file id="fl-ec">
         <path>D:\software\WebOfThings\CCS6.2.0\ccsv6\tools\compiler\arm_15.12.3.LTS\lib\</path>
         <kind>archive</kind>
         <file>rtsv7M4_T_le_eabi.lib</file>
         <name>ltoa.obj</name>
      </input_file>
      <input_file id="fl-ed">
         <path>D:\software\WebOfThings\CCS6.2.0\ccsv6\tools\compiler\arm_15.12.3.LTS\lib\</path>
         <kind>archive</kind>
         <file>rtsv7M4_T_le_eabi.lib</file>
         <name>memccpy.obj</name>
      </input_file>
      <input_file id="fl-ee">
         <path>D:\software\WebOfThings\CCS6.2.0\ccsv6\tools\compiler\arm_15.12.3.LTS\lib\</path>
         <kind>archive</kind>
         <file>rtsv7M4_T_le_eabi.lib</file>
         <name>s_frexp.obj</name>
      </input_file>
      <input_file id="fl-ef">
         <path>D:\software\WebOfThings\CCS6.2.0\ccsv6\tools\compiler\arm_15.12.3.LTS\lib\</path>
         <kind>archive</kind>
         <file>rtsv7M4_T_le_eabi.lib</file>
         <name>s_scalbn.obj</name>
      </input_file>
      <input_file id="fl-f0">
         <path>D:\software\WebOfThings\CCS6.2.0\ccsv6\tools\compiler\arm_15.12.3.LTS\lib\</path>
         <kind>archive</kind>
         <file>rtsv7M4_T_le_eabi.lib</file>
         <name>startup.obj</name>
      </input_file>
      <input_file id="fl-f1">
         <path>D:\software\WebOfThings\CCS6.2.0\ccsv6\tools\compiler\arm_15.12.3.LTS\lib\</path>
         <kind>archive</kind>
         <file>rtsv7M4_T_le_eabi.lib</file>
         <name>strchr.obj</name>
      </input_file>
      <input_file id="fl-f2">
         <path>D:\software\WebOfThings\CCS6.2.0\ccsv6\tools\compiler\arm_15.12.3.LTS\lib\</path>
         <kind>archive</kind>
         <file>rtsv7M4_T_le_eabi.lib</file>
         <name>ull_div_t2.obj</name>
      </input_file>
      <input_file id="fl-f3">
         <path>D:\software\WebOfThings\CCS6.2.0\ccsv6\tools\compiler\arm_15.12.3.LTS\lib\</path>
         <kind>archive</kind>
         <file>rtsv7M4_T_le_eabi.lib</file>
         <name>errno.obj</name>
      </input_file>
      <input_file id="fl-f4">
         <path>D:\software\WebOfThings\CCS6.2.0\ccsv6\tools\compiler\arm_15.12.3.LTS\lib\</path>
         <kind>archive</kind>
         <file>rtsv7M4_T_le_eabi.lib</file>
         <name>s_copysign.obj</name>
      </input_file>
      <input_file id="fl-f5">
         <path>C:\ti\CC3200SDK_1.2.0\cc3200-sdk\driverlib\ccs\Release\</path>
         <kind>archive</kind>
         <file>driverlib.a</file>
         <name>adc.obj</name>
      </input_file>
      <input_file id="fl-f6">
         <path>C:\ti\CC3200SDK_1.2.0\cc3200-sdk\driverlib\ccs\Release\</path>
         <kind>archive</kind>
         <file>driverlib.a</file>
         <name>gpio.obj</name>
      </input_file>
      <input_file id="fl-f7">
         <path>C:\ti\CC3200SDK_1.2.0\cc3200-sdk\driverlib\ccs\Release\</path>
         <kind>archive</kind>
         <file>driverlib.a</file>
         <name>hwspinlock.obj</name>
      </input_file>
      <input_file id="fl-f8">
         <path>C:\ti\CC3200SDK_1.2.0\cc3200-sdk\driverlib\ccs\Release\</path>
         <kind>archive</kind>
         <file>driverlib.a</file>
         <name>i2c.obj</name>
      </input_file>
      <input_file id="fl-f9">
         <path>C:\ti\CC3200SDK_1.2.0\cc3200-sdk\driverlib\ccs\Release\</path>
         <kind>archive</kind>
         <file>driverlib.a</file>
         <name>interrupt.obj</name>
      </input_file>
      <input_file id="fl-fa">
         <path>C:\ti\CC3200SDK_1.2.0\cc3200-sdk\driverlib\ccs\Release\</path>
         <kind>archive</kind>
         <file>driverlib.a</file>
         <name>pin.obj</name>
      </input_file>
      <input_file id="fl-fb">
         <path>C:\ti\CC3200SDK_1.2.0\cc3200-sdk\driverlib\ccs\Release\</path>
         <kind>archive</kind>
         <file>driverlib.a</file>
         <name>prcm.obj</name>
      </input_file>
      <input_file id="fl-fc">
         <path>C:\ti\CC3200SDK_1.2.0\cc3200-sdk\driverlib\ccs\Release\</path>
         <kind>archive</kind>
         <file>driverlib.a</file>
         <name>spi.obj</name>
      </input_file>
      <input_file id="fl-fd">
         <path>C:\ti\CC3200SDK_1.2.0\cc3200-sdk\driverlib\ccs\Release\</path>
         <kind>archive</kind>
         <file>driverlib.a</file>
         <name>timer.obj</name>
      </input_file>
      <input_file id="fl-fe">
         <path>C:\ti\CC3200SDK_1.2.0\cc3200-sdk\driverlib\ccs\Release\</path>
         <kind>archive</kind>
         <file>driverlib.a</file>
         <name>uart.obj</name>
      </input_file>
      <input_file id="fl-ff">
         <path>C:\ti\CC3200SDK_1.2.0\cc3200-sdk\driverlib\ccs\Release\</path>
         <kind>archive</kind>
         <file>driverlib.a</file>
         <name>utils.obj</name>
      </input_file>
      <input_file id="fl-100">
         <path>C:\ti\CC3200SDK_1.2.0\cc3200-sdk\driverlib\ccs\Release\</path>
         <kind>archive</kind>
         <file>driverlib.a</file>
         <name>cpu.obj</name>
      </input_file>
      <input_file id="fl-101">
         <path>C:\ti\CC3200SDK_1.2.0\cc3200-sdk\driverlib\ccs\Release\</path>
         <kind>archive</kind>
         <file>driverlib.a</file>
         <name>flash.obj</name>
      </input_file>
   </input_file_list>
   <object_component_list>
      <object_component id="oc-f">
         <name>.intvecs</name>
         <load_address>0x20004000</load_address>
         <run_address>0x20004000</run_address>
         <size>0x400</size>
         <input_file_ref idref="fl-a"/>
      </object_component>
      <object_component id="oc-2e2">
         <name>.text</name>
         <load_address>0x20004400</load_address>
         <run_address>0x20004400</run_address>
         <size>0x10fc</size>
         <input_file_ref idref="fl-e2"/>
      </object_component>
      <object_component id="oc-1a9">
         <name>.text</name>
         <load_address>0x200054fc</load_address>
         <run_address>0x200054fc</run_address>
         <size>0x108c</size>
         <input_file_ref idref="fl-3"/>
      </object_component>
      <object_component id="oc-18a">
         <name>.text</name>
         <load_address>0x20006588</load_address>
         <run_address>0x20006588</run_address>
         <size>0x6c4</size>
         <input_file_ref idref="fl-4"/>
      </object_component>
      <object_component id="oc-ac">
         <name>.text</name>
         <load_address>0x20006c4c</load_address>
         <run_address>0x20006c4c</run_address>
         <size>0x55c</size>
         <input_file_ref idref="fl-8"/>
      </object_component>
      <object_component id="oc-184">
         <name>.text</name>
         <load_address>0x200071a8</load_address>
         <run_address>0x200071a8</run_address>
         <size>0x4c0</size>
         <input_file_ref idref="fl-5"/>
      </object_component>
      <object_component id="oc-31f">
         <name>.text</name>
         <load_address>0x20007668</load_address>
         <run_address>0x20007668</run_address>
         <size>0x3dc</size>
         <input_file_ref idref="fl-d8"/>
      </object_component>
      <object_component id="oc-2cd">
         <name>.text</name>
         <load_address>0x20007a44</load_address>
         <run_address>0x20007a44</run_address>
         <size>0x3b8</size>
         <input_file_ref idref="fl-2"/>
      </object_component>
      <object_component id="oc-17e">
         <name>.text</name>
         <load_address>0x20007dfc</load_address>
         <run_address>0x20007dfc</run_address>
         <size>0x290</size>
         <input_file_ref idref="fl-7"/>
      </object_component>
      <object_component id="oc-196">
         <name>.text</name>
         <load_address>0x2000808c</load_address>
         <run_address>0x2000808c</run_address>
         <size>0x280</size>
         <input_file_ref idref="fl-c"/>
      </object_component>
      <object_component id="oc-3ea">
         <name>.text</name>
         <load_address>0x2000830c</load_address>
         <run_address>0x2000830c</run_address>
         <size>0x1f4</size>
         <input_file_ref idref="fl-f2"/>
      </object_component>
      <object_component id="oc-19c">
         <name>.text</name>
         <load_address>0x20008500</load_address>
         <run_address>0x20008500</run_address>
         <size>0x1b6</size>
         <input_file_ref idref="fl-cd"/>
      </object_component>
      <object_component id="oc-486">
         <name>.text:IntDefaultHandler</name>
         <load_address>0x200086b6</load_address>
         <run_address>0x200086b6</run_address>
         <size>0x2</size>
         <input_file_ref idref="fl-f9"/>
      </object_component>
      <object_component id="oc-f2">
         <name>.text</name>
         <load_address>0x200086b8</load_address>
         <run_address>0x200086b8</run_address>
         <size>0x198</size>
         <input_file_ref idref="fl-b"/>
      </object_component>
      <object_component id="oc-ec">
         <name>.text:PRCMCC3200MCUInit</name>
         <load_address>0x20008850</load_address>
         <run_address>0x20008850</run_address>
         <size>0x178</size>
         <input_file_ref idref="fl-fb"/>
      </object_component>
      <object_component id="oc-149">
         <name>.text</name>
         <load_address>0x200089c8</load_address>
         <run_address>0x200089c8</run_address>
         <size>0x136</size>
         <input_file_ref idref="fl-ce"/>
      </object_component>
      <object_component id="oc-144">
         <name>.text</name>
         <load_address>0x20008afe</load_address>
         <run_address>0x20008afe</run_address>
         <size>0xfc</size>
         <input_file_ref idref="fl-cf"/>
      </object_component>
      <object_component id="oc-3e1">
         <name>.text</name>
         <load_address>0x20008bfa</load_address>
         <run_address>0x20008bfa</run_address>
         <size>0x2</size>
         <input_file_ref idref="fl-ea"/>
      </object_component>
      <object_component id="oc-40f">
         <name>.text</name>
         <load_address>0x20008bfc</load_address>
         <run_address>0x20008bfc</run_address>
         <size>0xd0</size>
         <input_file_ref idref="fl-ef"/>
      </object_component>
      <object_component id="oc-1a3">
         <name>.text</name>
         <load_address>0x20008ccc</load_address>
         <run_address>0x20008ccc</run_address>
         <size>0xc8</size>
         <input_file_ref idref="fl-9"/>
      </object_component>
      <object_component id="oc-39f">
         <name>.text:IntDisable</name>
         <load_address>0x20008d94</load_address>
         <run_address>0x20008d94</run_address>
         <size>0xa8</size>
         <input_file_ref idref="fl-f9"/>
      </object_component>
      <object_component id="oc-e6">
         <name>.text:IntEnable</name>
         <load_address>0x20008e3c</load_address>
         <run_address>0x20008e3c</run_address>
         <size>0xa8</size>
         <input_file_ref idref="fl-f9"/>
      </object_component>
      <object_component id="oc-35b">
         <name>.text:SPIConfigSetExpClk</name>
         <load_address>0x20008ee4</load_address>
         <run_address>0x20008ee4</run_address>
         <size>0xa0</size>
         <input_file_ref idref="fl-fc"/>
      </object_component>
      <object_component id="oc-36">
         <name>.text</name>
         <load_address>0x20008f84</load_address>
         <run_address>0x20008f84</run_address>
         <size>0x9c</size>
         <input_file_ref idref="fl-d6"/>
      </object_component>
      <object_component id="oc-2ef">
         <name>.text:PRCMPeripheralClockGet</name>
         <load_address>0x20009020</load_address>
         <run_address>0x20009020</run_address>
         <size>0x94</size>
         <input_file_ref idref="fl-fb"/>
      </object_component>
      <object_component id="oc-179">
         <name>.text</name>
         <load_address>0x200090b4</load_address>
         <run_address>0x200090b4</run_address>
         <size>0x92</size>
         <input_file_ref idref="fl-d1"/>
      </object_component>
      <object_component id="oc-5b">
         <name>.text</name>
         <load_address>0x20009146</load_address>
         <run_address>0x20009146</run_address>
         <size>0x2</size>
         <input_file_ref idref="fl-da"/>
      </object_component>
      <object_component id="oc-274">
         <name>.text:PinConfigSet</name>
         <load_address>0x20009148</load_address>
         <run_address>0x20009148</run_address>
         <size>0x88</size>
         <input_file_ref idref="fl-fa"/>
      </object_component>
      <object_component id="oc-301">
         <name>.text</name>
         <load_address>0x200091d0</load_address>
         <run_address>0x200091d0</run_address>
         <size>0x88</size>
         <input_file_ref idref="fl-e0"/>
      </object_component>
      <object_component id="oc-3ef">
         <name>.text:__aeabi_cdcmple</name>
         <load_address>0x20009258</load_address>
         <run_address>0x20009258</run_address>
         <size>0x86</size>
         <input_file_ref idref="fl-e8"/>
      </object_component>
      <object_component id="oc-3f4">
         <name>.text:__aeabi_cdrcmple</name>
         <load_address>0x200092de</load_address>
         <run_address>0x200092de</run_address>
         <size>0x86</size>
         <input_file_ref idref="fl-e8"/>
      </object_component>
      <object_component id="oc-2bb">
         <name>.text:I2CMasterInitExpClk</name>
         <load_address>0x20009364</load_address>
         <run_address>0x20009364</run_address>
         <size>0x84</size>
         <input_file_ref idref="fl-f8"/>
      </object_component>
      <object_component id="oc-104">
         <name>.text:GPIOIntTypeSet</name>
         <load_address>0x200093e8</load_address>
         <run_address>0x200093e8</run_address>
         <size>0x82</size>
         <input_file_ref idref="fl-f6"/>
      </object_component>
      <object_component id="oc-174">
         <name>.text</name>
         <load_address>0x2000946a</load_address>
         <run_address>0x2000946a</run_address>
         <size>0x7a</size>
         <input_file_ref idref="fl-d2"/>
      </object_component>
      <object_component id="oc-4f">
         <name>.text</name>
         <load_address>0x200094e4</load_address>
         <run_address>0x200094e4</run_address>
         <size>0x7a</size>
         <input_file_ref idref="fl-d9"/>
      </object_component>
      <object_component id="oc-2f5">
         <name>.text:UARTConfigSetExpClk</name>
         <load_address>0x2000955e</load_address>
         <run_address>0x2000955e</run_address>
         <size>0x76</size>
         <input_file_ref idref="fl-fe"/>
      </object_component>
      <object_component id="oc-216">
         <name>.text:TimerIntRegister</name>
         <load_address>0x200095d4</load_address>
         <run_address>0x200095d4</run_address>
         <size>0x70</size>
         <input_file_ref idref="fl-fd"/>
      </object_component>
      <object_component id="oc-67">
         <name>.text</name>
         <load_address>0x20009644</load_address>
         <run_address>0x20009644</run_address>
         <size>0x70</size>
         <input_file_ref idref="fl-e5"/>
      </object_component>
      <object_component id="oc-14e">
         <name>.text</name>
         <load_address>0x200096b4</load_address>
         <run_address>0x200096b4</run_address>
         <size>0x6e</size>
         <input_file_ref idref="fl-d0"/>
      </object_component>
      <object_component id="oc-42">
         <name>.text</name>
         <load_address>0x20009722</load_address>
         <run_address>0x20009722</run_address>
         <size>0x6a</size>
         <input_file_ref idref="fl-ca"/>
      </object_component>
      <object_component id="oc-246">
         <name>.text:TimerIntUnregister</name>
         <load_address>0x2000978c</load_address>
         <run_address>0x2000978c</run_address>
         <size>0x68</size>
         <input_file_ref idref="fl-fd"/>
      </object_component>
      <object_component id="oc-190">
         <name>.text</name>
         <load_address>0x200097f4</load_address>
         <run_address>0x200097f4</run_address>
         <size>0x60</size>
         <input_file_ref idref="fl-dc"/>
      </object_component>
      <object_component id="oc-2db">
         <name>.text</name>
         <load_address>0x20009854</load_address>
         <run_address>0x20009854</run_address>
         <size>0x5e</size>
         <input_file_ref idref="fl-d5"/>
      </object_component>
      <object_component id="oc-a4">
         <name>.text</name>
         <load_address>0x200098b2</load_address>
         <run_address>0x200098b2</run_address>
         <size>0x2</size>
         <input_file_ref idref="fl-f0"/>
      </object_component>
      <object_component id="oc-409">
         <name>.text</name>
         <load_address>0x200098b4</load_address>
         <run_address>0x200098b4</run_address>
         <size>0x5c</size>
         <input_file_ref idref="fl-ee"/>
      </object_component>
      <object_component id="oc-116">
         <name>.text:IntPendClear</name>
         <load_address>0x20009910</load_address>
         <run_address>0x20009910</run_address>
         <size>0x58</size>
         <input_file_ref idref="fl-f9"/>
      </object_component>
      <object_component id="oc-1fd">
         <name>.text:PRCMPeripheralReset</name>
         <load_address>0x20009968</load_address>
         <run_address>0x20009968</run_address>
         <size>0x58</size>
         <input_file_ref idref="fl-fb"/>
      </object_component>
      <object_component id="oc-3fe">
         <name>.text</name>
         <load_address>0x200099c0</load_address>
         <run_address>0x200099c0</run_address>
         <size>0x56</size>
         <input_file_ref idref="fl-ec"/>
      </object_component>
      <object_component id="oc-10a">
         <name>.text:IntPrioritySet</name>
         <load_address>0x20009a18</load_address>
         <run_address>0x20009a18</run_address>
         <size>0x54</size>
         <input_file_ref idref="fl-f9"/>
      </object_component>
      <object_component id="oc-73">
         <name>.text</name>
         <load_address>0x20009a6c</load_address>
         <run_address>0x20009a6c</run_address>
         <size>0x54</size>
         <input_file_ref idref="fl-cc"/>
      </object_component>
      <object_component id="oc-421">
         <name>.text</name>
         <load_address>0x20009ac0</load_address>
         <run_address>0x20009ac0</run_address>
         <size>0x4c</size>
         <input_file_ref idref="fl-e4"/>
      </object_component>
      <object_component id="oc-9e">
         <name>.text</name>
         <load_address>0x20009b0c</load_address>
         <run_address>0x20009b0c</run_address>
         <size>0x4c</size>
         <input_file_ref idref="fl-e6"/>
      </object_component>
      <object_component id="oc-25b">
         <name>.text:GPIOGetIntNumber</name>
         <load_address>0x20009b58</load_address>
         <run_address>0x20009b58</run_address>
         <size>0x48</size>
         <input_file_ref idref="fl-f6"/>
      </object_component>
      <object_component id="oc-3f9">
         <name>.text</name>
         <load_address>0x20009ba0</load_address>
         <run_address>0x20009ba0</run_address>
         <size>0x48</size>
         <input_file_ref idref="fl-e9"/>
      </object_component>
      <object_component id="oc-20a">
         <name>.text:TimerConfigure</name>
         <load_address>0x20009be8</load_address>
         <run_address>0x20009be8</run_address>
         <size>0x44</size>
         <input_file_ref idref="fl-fd"/>
      </object_component>
      <object_component id="oc-45e">
         <name>.text:PinModeSet</name>
         <load_address>0x20009c2c</load_address>
         <run_address>0x20009c2c</run_address>
         <size>0x40</size>
         <input_file_ref idref="fl-fa"/>
      </object_component>
      <object_component id="oc-24">
         <name>.text</name>
         <load_address>0x20009c6c</load_address>
         <run_address>0x20009c6c</run_address>
         <size>0x40</size>
         <input_file_ref idref="fl-c8"/>
      </object_component>
      <object_component id="oc-1f7">
         <name>.text:PRCMPeripheralClkEnable</name>
         <load_address>0x20009cac</load_address>
         <run_address>0x20009cac</run_address>
         <size>0x3c</size>
         <input_file_ref idref="fl-fb"/>
      </object_component>
      <object_component id="oc-134">
         <name>.text:ADCChannelDisable</name>
         <load_address>0x20009ce8</load_address>
         <run_address>0x20009ce8</run_address>
         <size>0x38</size>
         <input_file_ref idref="fl-f5"/>
      </object_component>
      <object_component id="oc-122">
         <name>.text:ADCChannelEnable</name>
         <load_address>0x20009d20</load_address>
         <run_address>0x20009d20</run_address>
         <size>0x38</size>
         <input_file_ref idref="fl-f5"/>
      </object_component>
      <object_component id="oc-13f">
         <name>.text</name>
         <load_address>0x20009d58</load_address>
         <run_address>0x20009d58</run_address>
         <size>0x38</size>
         <input_file_ref idref="fl-d3"/>
      </object_component>
      <object_component id="oc-2d6">
         <name>.text</name>
         <load_address>0x20009d90</load_address>
         <run_address>0x20009d90</run_address>
         <size>0x38</size>
         <input_file_ref idref="fl-d4"/>
      </object_component>
      <object_component id="oc-336">
         <name>.text:GPIODirModeSet</name>
         <load_address>0x20009dc8</load_address>
         <run_address>0x20009dc8</run_address>
         <size>0x36</size>
         <input_file_ref idref="fl-f6"/>
      </object_component>
      <object_component id="oc-330">
         <name>.text:PinTypeGPIO</name>
         <load_address>0x20009dfe</load_address>
         <run_address>0x20009dfe</run_address>
         <size>0x30</size>
         <input_file_ref idref="fl-fa"/>
      </object_component>
      <object_component id="oc-43b">
         <name>.text:UARTDisable</name>
         <load_address>0x20009e30</load_address>
         <run_address>0x20009e30</run_address>
         <size>0x30</size>
         <input_file_ref idref="fl-fe"/>
      </object_component>
      <object_component id="oc-404">
         <name>.text</name>
         <load_address>0x20009e60</load_address>
         <run_address>0x20009e60</run_address>
         <size>0x2e</size>
         <input_file_ref idref="fl-eb"/>
      </object_component>
      <object_component id="oc-2a3">
         <name>.text:I2CMasterErr</name>
         <load_address>0x20009e8e</load_address>
         <run_address>0x20009e8e</run_address>
         <size>0x2c</size>
         <input_file_ref idref="fl-f8"/>
      </object_component>
      <object_component id="oc-1e5">
         <name>.text:PRCMSysResetCauseGet</name>
         <load_address>0x20009ebc</load_address>
         <run_address>0x20009ebc</run_address>
         <size>0x2c</size>
         <input_file_ref idref="fl-fb"/>
      </object_component>
      <object_component id="oc-3ce">
         <name>.text:SPIDataGetNonBlocking</name>
         <load_address>0x20009ee8</load_address>
         <run_address>0x20009ee8</run_address>
         <size>0x2a</size>
         <input_file_ref idref="fl-fc"/>
      </object_component>
      <object_component id="oc-22e">
         <name>.text:TimerLoadSet</name>
         <load_address>0x20009f12</load_address>
         <run_address>0x20009f12</run_address>
         <size>0x2a</size>
         <input_file_ref idref="fl-fd"/>
      </object_component>
      <object_component id="oc-210">
         <name>.text:TimerPrescaleSet</name>
         <load_address>0x20009f3c</load_address>
         <run_address>0x20009f3c</run_address>
         <size>0x2a</size>
         <input_file_ref idref="fl-fd"/>
      </object_component>
      <object_component id="oc-203">
         <name>.text:PRCMPeripheralClkDisable</name>
         <load_address>0x20009f68</load_address>
         <run_address>0x20009f68</run_address>
         <size>0x28</size>
         <input_file_ref idref="fl-fb"/>
      </object_component>
      <object_component id="oc-3a5">
         <name>.text:IntUnregister</name>
         <load_address>0x20009f90</load_address>
         <run_address>0x20009f90</run_address>
         <size>0x24</size>
         <input_file_ref idref="fl-f9"/>
      </object_component>
      <object_component id="oc-441">
         <name>.text:UARTEnable</name>
         <load_address>0x20009fb4</load_address>
         <run_address>0x20009fb4</run_address>
         <size>0x24</size>
         <input_file_ref idref="fl-fe"/>
      </object_component>
      <object_component id="oc-319">
         <name>.text</name>
         <load_address>0x20009fd8</load_address>
         <run_address>0x20009fd8</run_address>
         <size>0x24</size>
         <input_file_ref idref="fl-d7"/>
      </object_component>
      <object_component id="oc-13a">
         <name>.text</name>
         <load_address>0x20009ffc</load_address>
         <run_address>0x20009ffc</run_address>
         <size>0x24</size>
         <input_file_ref idref="fl-df"/>
      </object_component>
      <object_component id="oc-159">
         <name>.text:ADCTimerConfig</name>
         <load_address>0x2000a020</load_address>
         <run_address>0x2000a020</run_address>
         <size>0x22</size>
         <input_file_ref idref="fl-f5"/>
      </object_component>
      <object_component id="oc-f8">
         <name>.text:GPIOIntStatus</name>
         <load_address>0x2000a042</load_address>
         <run_address>0x2000a042</run_address>
         <size>0x22</size>
         <input_file_ref idref="fl-f6"/>
      </object_component>
      <object_component id="oc-2a9">
         <name>.text:I2CMasterSlaveAddrSet</name>
         <load_address>0x2000a064</load_address>
         <run_address>0x2000a064</run_address>
         <size>0x22</size>
         <input_file_ref idref="fl-f8"/>
      </object_component>
      <object_component id="oc-355">
         <name>.text:SPIReset</name>
         <load_address>0x2000a086</load_address>
         <run_address>0x2000a086</run_address>
         <size>0x22</size>
         <input_file_ref idref="fl-fc"/>
      </object_component>
      <object_component id="oc-34f">
         <name>.text:GPIOPinWrite</name>
         <load_address>0x2000a0a8</load_address>
         <run_address>0x2000a0a8</run_address>
         <size>0x20</size>
         <input_file_ref idref="fl-f6"/>
      </object_component>
      <object_component id="oc-261">
         <name>.text:IntRegister</name>
         <load_address>0x2000a0c8</load_address>
         <run_address>0x2000a0c8</run_address>
         <size>0x20</size>
         <input_file_ref idref="fl-f9"/>
      </object_component>
      <object_component id="oc-36d">
         <name>.text:SPIDataGet</name>
         <load_address>0x2000a0e8</load_address>
         <run_address>0x2000a0e8</run_address>
         <size>0x20</size>
         <input_file_ref idref="fl-fc"/>
      </object_component>
      <object_component id="oc-110">
         <name>.text:GPIOIntRegister</name>
         <load_address>0x2000a108</load_address>
         <run_address>0x2000a108</run_address>
         <size>0x1e</size>
         <input_file_ref idref="fl-f6"/>
      </object_component>
      <object_component id="oc-28b">
         <name>.text:I2CMasterIntStatusEx</name>
         <load_address>0x2000a126</load_address>
         <run_address>0x2000a126</run_address>
         <size>0x1e</size>
         <input_file_ref idref="fl-f8"/>
      </object_component>
      <object_component id="oc-367">
         <name>.text:SPIDataPut</name>
         <load_address>0x2000a144</load_address>
         <run_address>0x2000a144</run_address>
         <size>0x1e</size>
         <input_file_ref idref="fl-fc"/>
      </object_component>
      <object_component id="oc-23a">
         <name>.text:TimerDisable</name>
         <load_address>0x2000a162</load_address>
         <run_address>0x2000a162</run_address>
         <size>0x1e</size>
         <input_file_ref idref="fl-fd"/>
      </object_component>
      <object_component id="oc-234">
         <name>.text:TimerEnable</name>
         <load_address>0x2000a180</load_address>
         <run_address>0x2000a180</run_address>
         <size>0x1e</size>
         <input_file_ref idref="fl-fd"/>
      </object_component>
      <object_component id="oc-222">
         <name>.text:TimerIntStatus</name>
         <load_address>0x2000a19e</load_address>
         <run_address>0x2000a19e</run_address>
         <size>0x1e</size>
         <input_file_ref idref="fl-fd"/>
      </object_component>
      <object_component id="oc-2fb">
         <name>.text:UARTCharPut</name>
         <load_address>0x2000a1bc</load_address>
         <run_address>0x2000a1bc</run_address>
         <size>0x1e</size>
         <input_file_ref idref="fl-fe"/>
      </object_component>
      <object_component id="oc-128">
         <name>.text:ADCFIFOLvlGet</name>
         <load_address>0x2000a1da</load_address>
         <run_address>0x2000a1da</run_address>
         <size>0x1c</size>
         <input_file_ref idref="fl-f5"/>
      </object_component>
      <object_component id="oc-348">
         <name>.text:PinTypeI2C</name>
         <load_address>0x2000a1f6</load_address>
         <run_address>0x2000a1f6</run_address>
         <size>0x1c</size>
         <input_file_ref idref="fl-fa"/>
      </object_component>
      <object_component id="oc-24c">
         <name>.text:TimerValueGet</name>
         <load_address>0x2000a212</load_address>
         <run_address>0x2000a212</run_address>
         <size>0x1c</size>
         <input_file_ref idref="fl-fd"/>
      </object_component>
      <object_component id="oc-30d">
         <name>.text:UARTCharGetNonBlocking</name>
         <load_address>0x2000a22e</load_address>
         <run_address>0x2000a22e</run_address>
         <size>0x1c</size>
         <input_file_ref idref="fl-fe"/>
      </object_component>
      <object_component id="oc-41b">
         <name>.text</name>
         <load_address>0x2000a24a</load_address>
         <run_address>0x2000a24a</run_address>
         <size>0x1c</size>
         <input_file_ref idref="fl-ed"/>
      </object_component>
      <object_component id="oc-11c">
         <name>.text:GPIOIntEnable</name>
         <load_address>0x2000a266</load_address>
         <run_address>0x2000a266</run_address>
         <size>0x1a</size>
         <input_file_ref idref="fl-f6"/>
      </object_component>
      <object_component id="oc-342">
         <name>.text:PinTypeSPI</name>
         <load_address>0x2000a280</load_address>
         <run_address>0x2000a280</run_address>
         <size>0x1a</size>
         <input_file_ref idref="fl-fa"/>
      </object_component>
      <object_component id="oc-33c">
         <name>.text:PinTypeUART</name>
         <load_address>0x2000a29a</load_address>
         <run_address>0x2000a29a</run_address>
         <size>0x1a</size>
         <input_file_ref idref="fl-fa"/>
      </object_component>
      <object_component id="oc-12e">
         <name>.text:ADCFIFORead</name>
         <load_address>0x2000a2b4</load_address>
         <run_address>0x2000a2b4</run_address>
         <size>0x18</size>
         <input_file_ref idref="fl-f5"/>
      </object_component>
      <object_component id="oc-361">
         <name>.text:SPIEnable</name>
         <load_address>0x2000a2cc</load_address>
         <run_address>0x2000a2cc</run_address>
         <size>0x18</size>
         <input_file_ref idref="fl-fc"/>
      </object_component>
      <object_component id="oc-240">
         <name>.text:TimerIntDisable</name>
         <load_address>0x2000a2e4</load_address>
         <run_address>0x2000a2e4</run_address>
         <size>0x18</size>
         <input_file_ref idref="fl-fd"/>
      </object_component>
      <object_component id="oc-21c">
         <name>.text:TimerIntEnable</name>
         <load_address>0x2000a2fc</load_address>
         <run_address>0x2000a2fc</run_address>
         <size>0x18</size>
         <input_file_ref idref="fl-fd"/>
      </object_component>
      <object_component id="oc-307">
         <name>.text:UARTCharsAvail</name>
         <load_address>0x2000a314</load_address>
         <run_address>0x2000a314</run_address>
         <size>0x18</size>
         <input_file_ref idref="fl-fe"/>
      </object_component>
      <object_component id="oc-6d">
         <name>.text</name>
         <load_address>0x2000a32c</load_address>
         <run_address>0x2000a32c</run_address>
         <size>0x18</size>
         <input_file_ref idref="fl-e3"/>
      </object_component>
      <object_component id="oc-15f">
         <name>.text:ADCTimerEnable</name>
         <load_address>0x2000a344</load_address>
         <run_address>0x2000a344</run_address>
         <size>0x16</size>
         <input_file_ref idref="fl-f5"/>
      </object_component>
      <object_component id="oc-2af">
         <name>.text:I2CMasterDataPut</name>
         <load_address>0x2000a35a</load_address>
         <run_address>0x2000a35a</run_address>
         <size>0x16</size>
         <input_file_ref idref="fl-f8"/>
      </object_component>
      <object_component id="oc-3c1">
         <name>.text:I2CMasterEnable</name>
         <load_address>0x2000a370</load_address>
         <run_address>0x2000a370</run_address>
         <size>0x16</size>
         <input_file_ref idref="fl-f8"/>
      </object_component>
      <object_component id="oc-1eb">
         <name>.text:PRCMHIBRegRead</name>
         <load_address>0x2000a386</load_address>
         <run_address>0x2000a386</run_address>
         <size>0x16</size>
         <input_file_ref idref="fl-fb"/>
      </object_component>
      <object_component id="oc-1f1">
         <name>.text:PRCMHIBRegWrite</name>
         <load_address>0x2000a39c</load_address>
         <run_address>0x2000a39c</run_address>
         <size>0x16</size>
         <input_file_ref idref="fl-fb"/>
      </object_component>
      <object_component id="oc-415">
         <name>.text</name>
         <load_address>0x2000a3b2</load_address>
         <run_address>0x2000a3b2</run_address>
         <size>0x16</size>
         <input_file_ref idref="fl-f1"/>
      </object_component>
      <object_component id="oc-165">
         <name>.text:ADCEnable</name>
         <load_address>0x2000a3c8</load_address>
         <run_address>0x2000a3c8</run_address>
         <size>0x14</size>
         <input_file_ref idref="fl-f5"/>
      </object_component>
      <object_component id="oc-1d5">
         <name>.text:CPUcpsie</name>
         <load_address>0x2000a3dc</load_address>
         <run_address>0x2000a3dc</run_address>
         <size>0x14</size>
         <input_file_ref idref="fl-100"/>
      </object_component>
      <object_component id="oc-fe">
         <name>.text:GPIOIntClear</name>
         <load_address>0x2000a3f0</load_address>
         <run_address>0x2000a3f0</run_address>
         <size>0x14</size>
         <input_file_ref idref="fl-f6"/>
      </object_component>
      <object_component id="oc-da">
         <name>.text:IntVTableBaseSet</name>
         <load_address>0x2000a404</load_address>
         <run_address>0x2000a404</run_address>
         <size>0x14</size>
         <input_file_ref idref="fl-f9"/>
      </object_component>
      <object_component id="oc-153">
         <name>.text:PinTypeADC</name>
         <load_address>0x2000a418</load_address>
         <run_address>0x2000a418</run_address>
         <size>0x14</size>
         <input_file_ref idref="fl-fa"/>
      </object_component>
      <object_component id="oc-1c1">
         <name>.text</name>
         <load_address>0x2000a42c</load_address>
         <run_address>0x2000a42c</run_address>
         <size>0x14</size>
         <input_file_ref idref="fl-e1"/>
      </object_component>
      <object_component id="oc-313">
         <name>.text</name>
         <load_address>0x2000a440</load_address>
         <run_address>0x2000a440</run_address>
         <size>0x14</size>
         <input_file_ref idref="fl-de"/>
      </object_component>
      <object_component id="oc-29d">
         <name>.text:I2CMasterControl</name>
         <load_address>0x2000a454</load_address>
         <run_address>0x2000a454</run_address>
         <size>0x12</size>
         <input_file_ref idref="fl-f8"/>
      </object_component>
      <object_component id="oc-291">
         <name>.text:I2CMasterIntClearEx</name>
         <load_address>0x2000a466</load_address>
         <run_address>0x2000a466</run_address>
         <size>0x12</size>
         <input_file_ref idref="fl-f8"/>
      </object_component>
      <object_component id="oc-297">
         <name>.text:I2CMasterTimeoutSet</name>
         <load_address>0x2000a478</load_address>
         <run_address>0x2000a478</run_address>
         <size>0x12</size>
         <input_file_ref idref="fl-f8"/>
      </object_component>
      <object_component id="oc-228">
         <name>.text:TimerIntClear</name>
         <load_address>0x2000a48a</load_address>
         <run_address>0x2000a48a</run_address>
         <size>0x12</size>
         <input_file_ref idref="fl-fd"/>
      </object_component>
      <object_component id="oc-2b5">
         <name>.text:I2CMasterDataGet</name>
         <load_address>0x2000a49c</load_address>
         <run_address>0x2000a49c</run_address>
         <size>0xe</size>
         <input_file_ref idref="fl-f8"/>
      </object_component>
      <object_component id="oc-12">
         <name>.text:decompress:none</name>
         <load_address>0x2000a4aa</load_address>
         <run_address>0x2000a4aa</run_address>
         <size>0xe</size>
         <input_file_ref idref="fl-c9"/>
      </object_component>
      <object_component id="oc-2d">
         <name>.text</name>
         <load_address>0x2000a4b8</load_address>
         <run_address>0x2000a4b8</run_address>
         <size>0xe</size>
         <input_file_ref idref="fl-a"/>
      </object_component>
      <object_component id="oc-e0">
         <name>.text:IntMasterEnable</name>
         <load_address>0x2000a4c6</load_address>
         <run_address>0x2000a4c6</run_address>
         <size>0xa</size>
         <input_file_ref idref="fl-f9"/>
      </object_component>
      <object_component id="oc-4a5">
         <name>.text</name>
         <load_address>0x2000a4d0</load_address>
         <run_address>0x2000a4d0</run_address>
         <size>0x8</size>
         <input_file_ref idref="fl-f4"/>
      </object_component>
      <object_component id="oc-1af">
         <name>.text:UtilsDelay</name>
         <load_address>0x2000a4d8</load_address>
         <run_address>0x2000a4d8</run_address>
         <size>0x6</size>
         <input_file_ref idref="fl-ff"/>
      </object_component>
      <object_component id="oc-18">
         <name>.text:decompress:rle24</name>
         <load_address>0x2000a4de</load_address>
         <run_address>0x2000a4de</run_address>
         <size>0x6</size>
         <input_file_ref idref="fl-ca"/>
      </object_component>
      <object_component id="oc-61">
         <name>.text</name>
         <load_address>0x2000a4e4</load_address>
         <run_address>0x2000a4e4</run_address>
         <size>0x4</size>
         <input_file_ref idref="fl-db"/>
      </object_component>
      <object_component id="oc-37c">
         <name>.const:asc2_1608</name>
         <load_address>0x2000a4e8</load_address>
         <run_address>0x2000a4e8</run_address>
         <size>0x5f0</size>
         <input_file_ref idref="fl-3"/>
      </object_component>
      <object_component id="oc-379">
         <name>.const:asc2_1206</name>
         <load_address>0x2000aad8</load_address>
         <run_address>0x2000aad8</run_address>
         <size>0x474</size>
         <input_file_ref idref="fl-3"/>
      </object_component>
      <object_component id="oc-37f">
         <name>.const:tfont24</name>
         <load_address>0x2000af4c</load_address>
         <run_address>0x2000af4c</run_address>
         <size>0x258</size>
         <input_file_ref idref="fl-3"/>
      </object_component>
      <object_component id="oc-4b4">
         <name>.const:.string:_ctypes_</name>
         <load_address>0x2000b1a4</load_address>
         <run_address>0x2000b1a4</run_address>
         <size>0x101</size>
         <input_file_ref idref="fl-e7"/>
      </object_component>
      <object_component id="oc-3b5">
         <name>.const:g_ulPinToPadMap</name>
         <load_address>0x2000b2a8</load_address>
         <run_address>0x2000b2a8</run_address>
         <size>0x100</size>
         <input_file_ref idref="fl-fa"/>
      </object_component>
      <object_component id="oc-257">
         <name>.const:g_pulRegs</name>
         <load_address>0x2000b3a8</load_address>
         <run_address>0x2000b3a8</run_address>
         <size>0xd4</size>
         <input_file_ref idref="fl-f9"/>
      </object_component>
      <object_component id="oc-38d">
         <name>.const:PRCM_PeriphRegsList</name>
         <load_address>0x2000b47c</load_address>
         <run_address>0x2000b47c</run_address>
         <size>0xa8</size>
         <input_file_ref idref="fl-fb"/>
      </object_component>
      <object_component id="oc-1e1">
         <name>.const</name>
         <load_address>0x2000b524</load_address>
         <run_address>0x2000b524</run_address>
         <size>0x80</size>
         <input_file_ref idref="fl-f9"/>
      </object_component>
      <object_component id="oc-505">
         <name>.cinit..data.load</name>
         <load_address>0x2000b5a8</load_address>
         <run_address>0x2000b5a8</run_address>
         <size>0x78</size>
      </object_component>
      <object_component id="oc-506">
         <name>.cinit..bss.load</name>
         <load_address>0x2000b620</load_address>
         <run_address>0x2000b620</run_address>
         <size>0xb</size>
      </object_component>
      <object_component id="oc-503">
         <name>__TI_handler_table</name>
         <load_address>0x2000b62c</load_address>
         <run_address>0x2000b62c</run_address>
         <size>0x8</size>
      </object_component>
      <object_component id="oc-504">
         <name>__TI_cinit_table</name>
         <load_address>0x2000b634</load_address>
         <run_address>0x2000b634</run_address>
         <size>0x10</size>
      </object_component>
      <object_component id="oc-3d4">
         <name>.data:fontSize</name>
         <load_address>0x2001b828</load_address>
         <run_address>0x2001b828</run_address>
         <size>0x60</size>
         <input_file_ref idref="fl-2"/>
      </object_component>
      <object_component id="oc-2d3">
         <name>.data</name>
         <load_address>0x2001b8b6</load_address>
         <run_address>0x2001b8b6</run_address>
         <size>0x1</size>
         <input_file_ref idref="fl-4"/>
      </object_component>
      <object_component id="oc-2c8">
         <name>.data:tdata</name>
         <load_address>0x2001b8b0</load_address>
         <run_address>0x2001b8b0</run_address>
         <size>0x6</size>
         <input_file_ref idref="fl-5"/>
      </object_component>
      <object_component id="oc-171">
         <name>.data</name>
         <load_address>0x2001b8a8</load_address>
         <run_address>0x2001b8a8</run_address>
         <size>0x8</size>
         <input_file_ref idref="fl-8"/>
      </object_component>
      <object_component id="oc-b4">
         <name>.data:$O1$$</name>
         <load_address>0x2001b888</load_address>
         <run_address>0x2001b888</run_address>
         <size>0xc</size>
         <input_file_ref idref="fl-cc"/>
      </object_component>
      <object_component id="oc-456">
         <name>.data:$O1$$</name>
         <load_address>0x2001b894</load_address>
         <run_address>0x2001b894</run_address>
         <size>0xc</size>
         <input_file_ref idref="fl-d8"/>
      </object_component>
      <object_component id="oc-79">
         <name>.data</name>
         <load_address>0x2001b8bc</load_address>
         <run_address>0x2001b8bc</run_address>
         <size>0x4</size>
         <input_file_ref idref="fl-dd"/>
      </object_component>
      <object_component id="oc-b7">
         <name>.data:$O1$$</name>
         <load_address>0x2001b8a0</load_address>
         <run_address>0x2001b8a0</run_address>
         <size>0x8</size>
         <input_file_ref idref="fl-e1"/>
      </object_component>
      <object_component id="oc-4ab">
         <name>.data</name>
         <load_address>0x2001b8b8</load_address>
         <run_address>0x2001b8b8</run_address>
         <size>0x4</size>
         <input_file_ref idref="fl-f3"/>
      </object_component>
      <object_component id="oc-16b">
         <name>.bss</name>
         <uninitialized>true</uninitialized>
         <run_address>0x2001b000</run_address>
         <size>0xc</size>
         <input_file_ref idref="fl-8"/>
      </object_component>
      <object_component id="oc-1b1">
         <name>.bss:sRH$1</name>
         <uninitialized>true</uninitialized>
         <run_address>0x2001b01c</run_address>
         <size>0x2</size>
         <input_file_ref idref="fl-8"/>
      </object_component>
      <object_component id="oc-1b0">
         <name>.bss:sT$3</name>
         <uninitialized>true</uninitialized>
         <run_address>0x2001b01e</run_address>
         <size>0x2</size>
         <input_file_ref idref="fl-8"/>
      </object_component>
      <object_component id="oc-325">
         <name>.bss</name>
         <uninitialized>true</uninitialized>
         <run_address>0x2001b00c</run_address>
         <size>0x4</size>
         <input_file_ref idref="fl-c"/>
      </object_component>
      <object_component id="oc-373">
         <name>.common:char_x</name>
         <uninitialized>true</uninitialized>
         <run_address>0x2001b010</run_address>
         <size>0x4</size>
      </object_component>
      <object_component id="oc-376">
         <name>.common:char_y</name>
         <uninitialized>true</uninitialized>
         <run_address>0x2001b014</run_address>
         <size>0x4</size>
      </object_component>
      <object_component id="oc-377">
         <name>.common:_foreground</name>
         <uninitialized>true</uninitialized>
         <run_address>0x2001b022</run_address>
         <size>0x2</size>
      </object_component>
      <object_component id="oc-378">
         <name>.common:_background</name>
         <uninitialized>true</uninitialized>
         <run_address>0x2001b020</run_address>
         <size>0x2</size>
      </object_component>
      <object_component id="oc-1a1">
         <name>.common:g_uiDelay_sht20</name>
         <uninitialized>true</uninitialized>
         <run_address>0x2001b018</run_address>
         <size>0x4</size>
      </object_component>
      <object_component id="oc-16e">
         <name>.common:key4flag</name>
         <uninitialized>true</uninitialized>
         <run_address>0x2001b024</run_address>
         <size>0x1</size>
      </object_component>
      <object_component id="oc-1a2">
         <name>.common:pulAdcSamples</name>
         <uninitialized>true</uninitialized>
         <run_address>0x20017000</run_address>
         <size>0x4000</size>
      </object_component>
      <object_component id="oc-2a">
         <name>.sysmem</name>
         <uninitialized>true</uninitialized>
         <run_address>0x2001b028</run_address>
         <size>0x8</size>
         <input_file_ref idref="fl-d8"/>
      </object_component>
      <object_component id="oc-508">
         <name>.sysmem</name>
         <uninitialized>true</uninitialized>
         <run_address>0x2001b028</run_address>
         <size>0x0</size>
      </object_component>
      <object_component id="oc-29">
         <name>.stack</name>
         <uninitialized>true</uninitialized>
         <run_address>0x2002f800</run_address>
         <size>0x0</size>
         <input_file_ref idref="fl-c8"/>
      </object_component>
      <object_component id="oc-507">
         <name>.stack</name>
         <uninitialized>true</uninitialized>
         <run_address>0x2002f800</run_address>
         <size>0x0</size>
      </object_component>
      <object_component id="oc-3dd">
         <name>.debug_info</name>
         <load_address>0x0</load_address>
         <run_address>0x0</run_address>
         <size>0x209</size>
         <input_file_ref idref="fl-2"/>
      </object_component>
      <object_component id="oc-3d5">
         <name>.debug_info</name>
         <load_address>0x209</load_address>
         <run_address>0x209</run_address>
         <size>0xd8</size>
         <input_file_ref idref="fl-2"/>
      </object_component>
      <object_component id="oc-2ce">
         <name>.debug_info</name>
         <load_address>0x2e1</load_address>
         <run_address>0x2e1</run_address>
         <size>0x65a</size>
         <input_file_ref idref="fl-2"/>
      </object_component>
      <object_component id="oc-47e">
         <name>.debug_info</name>
         <load_address>0x93b</load_address>
         <run_address>0x93b</run_address>
         <size>0x62</size>
         <input_file_ref idref="fl-2"/>
      </object_component>
      <object_component id="oc-3d8">
         <name>.debug_info</name>
         <load_address>0x99d</load_address>
         <run_address>0x99d</run_address>
         <size>0xd9</size>
         <input_file_ref idref="fl-2"/>
      </object_component>
      <object_component id="oc-84">
         <name>.debug_info</name>
         <load_address>0xa76</load_address>
         <run_address>0xa76</run_address>
         <size>0x84</size>
         <input_file_ref idref="fl-2"/>
      </object_component>
      <object_component id="oc-282">
         <name>.debug_info</name>
         <load_address>0xafa</load_address>
         <run_address>0xafa</run_address>
         <size>0x18b</size>
         <input_file_ref idref="fl-2"/>
      </object_component>
      <object_component id="oc-1dc">
         <name>.debug_info</name>
         <load_address>0xc85</load_address>
         <run_address>0xc85</run_address>
         <size>0x2c</size>
         <input_file_ref idref="fl-2"/>
      </object_component>
      <object_component id="oc-94">
         <name>.debug_info</name>
         <load_address>0xcb1</load_address>
         <run_address>0xcb1</run_address>
         <size>0x2c</size>
         <input_file_ref idref="fl-2"/>
      </object_component>
      <object_component id="oc-2ea">
         <name>.debug_info</name>
         <load_address>0xcdd</load_address>
         <run_address>0xcdd</run_address>
         <size>0x4e</size>
         <input_file_ref idref="fl-2"/>
      </object_component>
      <object_component id="oc-374">
         <name>.debug_info</name>
         <load_address>0xd2b</load_address>
         <run_address>0xd2b</run_address>
         <size>0x3fa</size>
         <input_file_ref idref="fl-3"/>
      </object_component>
      <object_component id="oc-37a">
         <name>.debug_info</name>
         <load_address>0x1125</load_address>
         <run_address>0x1125</run_address>
         <size>0xe1</size>
         <input_file_ref idref="fl-3"/>
      </object_component>
      <object_component id="oc-37d">
         <name>.debug_info</name>
         <load_address>0x1206</load_address>
         <run_address>0x1206</run_address>
         <size>0xe1</size>
         <input_file_ref idref="fl-3"/>
      </object_component>
      <object_component id="oc-380">
         <name>.debug_info</name>
         <load_address>0x12e7</load_address>
         <run_address>0x12e7</run_address>
         <size>0xde</size>
         <input_file_ref idref="fl-3"/>
      </object_component>
      <object_component id="oc-1ac">
         <name>.debug_info</name>
         <load_address>0x13c5</load_address>
         <run_address>0x13c5</run_address>
         <size>0x35af</size>
         <input_file_ref idref="fl-3"/>
      </object_component>
      <object_component id="oc-2e1">
         <name>.debug_info</name>
         <load_address>0x4974</load_address>
         <run_address>0x4974</run_address>
         <size>0x39f</size>
         <input_file_ref idref="fl-4"/>
      </object_component>
      <object_component id="oc-2d4">
         <name>.debug_info</name>
         <load_address>0x4d13</load_address>
         <run_address>0x4d13</run_address>
         <size>0xe7</size>
         <input_file_ref idref="fl-4"/>
      </object_component>
      <object_component id="oc-18b">
         <name>.debug_info</name>
         <load_address>0x4dfa</load_address>
         <run_address>0x4dfa</run_address>
         <size>0xf4d</size>
         <input_file_ref idref="fl-4"/>
      </object_component>
      <object_component id="oc-2c2">
         <name>.debug_info</name>
         <load_address>0x5d47</load_address>
         <run_address>0x5d47</run_address>
         <size>0x8b</size>
         <input_file_ref idref="fl-4"/>
      </object_component>
      <object_component id="oc-2cc">
         <name>.debug_info</name>
         <load_address>0x5dd2</load_address>
         <run_address>0x5dd2</run_address>
         <size>0x206</size>
         <input_file_ref idref="fl-5"/>
      </object_component>
      <object_component id="oc-2c9">
         <name>.debug_info</name>
         <load_address>0x5fd8</load_address>
         <run_address>0x5fd8</run_address>
         <size>0xcf</size>
         <input_file_ref idref="fl-5"/>
      </object_component>
      <object_component id="oc-185">
         <name>.debug_info</name>
         <load_address>0x60a7</load_address>
         <run_address>0x60a7</run_address>
         <size>0xd52</size>
         <input_file_ref idref="fl-5"/>
      </object_component>
      <object_component id="oc-1b3">
         <name>.debug_info</name>
         <load_address>0x6df9</load_address>
         <run_address>0x6df9</run_address>
         <size>0x1fd</size>
         <input_file_ref idref="fl-5"/>
      </object_component>
      <object_component id="oc-32a">
         <name>.debug_info</name>
         <load_address>0x6ff6</load_address>
         <run_address>0x6ff6</run_address>
         <size>0x110</size>
         <input_file_ref idref="fl-5"/>
      </object_component>
      <object_component id="oc-2c7">
         <name>.debug_info</name>
         <load_address>0x7106</load_address>
         <run_address>0x7106</run_address>
         <size>0x3cd</size>
         <input_file_ref idref="fl-7"/>
      </object_component>
      <object_component id="oc-181">
         <name>.debug_info</name>
         <load_address>0x74d3</load_address>
         <run_address>0x74d3</run_address>
         <size>0x927</size>
         <input_file_ref idref="fl-7"/>
      </object_component>
      <object_component id="oc-16f">
         <name>.debug_info</name>
         <load_address>0x7dfa</load_address>
         <run_address>0x7dfa</run_address>
         <size>0xa44</size>
         <input_file_ref idref="fl-8"/>
      </object_component>
      <object_component id="oc-16c">
         <name>.debug_info</name>
         <load_address>0x883e</load_address>
         <run_address>0x883e</run_address>
         <size>0xd3</size>
         <input_file_ref idref="fl-8"/>
      </object_component>
      <object_component id="oc-172">
         <name>.debug_info</name>
         <load_address>0x8911</load_address>
         <run_address>0x8911</run_address>
         <size>0xd2</size>
         <input_file_ref idref="fl-8"/>
      </object_component>
      <object_component id="oc-ad">
         <name>.debug_info</name>
         <load_address>0x89e3</load_address>
         <run_address>0x89e3</run_address>
         <size>0xb76</size>
         <input_file_ref idref="fl-8"/>
      </object_component>
      <object_component id="oc-1a4">
         <name>.debug_info</name>
         <load_address>0x9559</load_address>
         <run_address>0x9559</run_address>
         <size>0x2d5</size>
         <input_file_ref idref="fl-9"/>
      </object_component>
      <object_component id="oc-35">
         <name>.debug_info</name>
         <load_address>0x982e</load_address>
         <run_address>0x982e</run_address>
         <size>0xf8</size>
         <input_file_ref idref="fl-a"/>
      </object_component>
      <object_component id="oc-10">
         <name>.debug_info</name>
         <load_address>0x9926</load_address>
         <run_address>0x9926</run_address>
         <size>0xe3</size>
         <input_file_ref idref="fl-a"/>
      </object_component>
      <object_component id="oc-2e">
         <name>.debug_info</name>
         <load_address>0x9a09</load_address>
         <run_address>0x9a09</run_address>
         <size>0x244</size>
         <input_file_ref idref="fl-a"/>
      </object_component>
      <object_component id="oc-253">
         <name>.debug_info</name>
         <load_address>0x9c4d</load_address>
         <run_address>0x9c4d</run_address>
         <size>0x3ea</size>
         <input_file_ref idref="fl-b"/>
      </object_component>
      <object_component id="oc-f3">
         <name>.debug_info</name>
         <load_address>0xa037</load_address>
         <run_address>0xa037</run_address>
         <size>0xa06</size>
         <input_file_ref idref="fl-b"/>
      </object_component>
      <object_component id="oc-329">
         <name>.debug_info</name>
         <load_address>0xaa3d</load_address>
         <run_address>0xaa3d</run_address>
         <size>0x35a</size>
         <input_file_ref idref="fl-c"/>
      </object_component>
      <object_component id="oc-326">
         <name>.debug_info</name>
         <load_address>0xad97</load_address>
         <run_address>0xad97</run_address>
         <size>0xda</size>
         <input_file_ref idref="fl-c"/>
      </object_component>
      <object_component id="oc-197">
         <name>.debug_info</name>
         <load_address>0xae71</load_address>
         <run_address>0xae71</run_address>
         <size>0x641</size>
         <input_file_ref idref="fl-c"/>
      </object_component>
      <object_component id="oc-25">
         <name>.debug_info</name>
         <load_address>0xb4b2</load_address>
         <run_address>0xb4b2</run_address>
         <size>0x161</size>
         <input_file_ref idref="fl-c8"/>
      </object_component>
      <object_component id="oc-41">
         <name>.debug_info</name>
         <load_address>0xb613</load_address>
         <run_address>0xb613</run_address>
         <size>0x141</size>
         <input_file_ref idref="fl-c9"/>
      </object_component>
      <object_component id="oc-16">
         <name>.debug_info</name>
         <load_address>0xb754</load_address>
         <run_address>0xb754</run_address>
         <size>0x1e0</size>
         <input_file_ref idref="fl-c9"/>
      </object_component>
      <object_component id="oc-3c">
         <name>.debug_info</name>
         <load_address>0xb934</load_address>
         <run_address>0xb934</run_address>
         <size>0x46</size>
         <input_file_ref idref="fl-c9"/>
      </object_component>
      <object_component id="oc-8a">
         <name>.debug_info</name>
         <load_address>0xb97a</load_address>
         <run_address>0xb97a</run_address>
         <size>0x2c</size>
         <input_file_ref idref="fl-c9"/>
      </object_component>
      <object_component id="oc-49">
         <name>.debug_info</name>
         <load_address>0xb9a6</load_address>
         <run_address>0xb9a6</run_address>
         <size>0x135</size>
         <input_file_ref idref="fl-ca"/>
      </object_component>
      <object_component id="oc-44">
         <name>.debug_info</name>
         <load_address>0xbadb</load_address>
         <run_address>0xbadb</run_address>
         <size>0x248</size>
         <input_file_ref idref="fl-ca"/>
      </object_component>
      <object_component id="oc-1b">
         <name>.debug_info</name>
         <load_address>0xbd23</load_address>
         <run_address>0xbd23</run_address>
         <size>0x1b2</size>
         <input_file_ref idref="fl-ca"/>
      </object_component>
      <object_component id="oc-4a">
         <name>.debug_info</name>
         <load_address>0xbed5</load_address>
         <run_address>0xbed5</run_address>
         <size>0x39</size>
         <input_file_ref idref="fl-ca"/>
      </object_component>
      <object_component id="oc-bb">
         <name>.debug_info</name>
         <load_address>0xbf0e</load_address>
         <run_address>0xbf0e</run_address>
         <size>0x235</size>
         <input_file_ref idref="fl-cc"/>
      </object_component>
      <object_component id="oc-b5">
         <name>.debug_info</name>
         <load_address>0xc143</load_address>
         <run_address>0xc143</run_address>
         <size>0x186</size>
         <input_file_ref idref="fl-cc"/>
      </object_component>
      <object_component id="oc-74">
         <name>.debug_info</name>
         <load_address>0xc2c9</load_address>
         <run_address>0xc2c9</run_address>
         <size>0x215</size>
         <input_file_ref idref="fl-cc"/>
      </object_component>
      <object_component id="oc-19d">
         <name>.debug_info</name>
         <load_address>0xc4de</load_address>
         <run_address>0xc4de</run_address>
         <size>0x145</size>
         <input_file_ref idref="fl-cd"/>
      </object_component>
      <object_component id="oc-14c">
         <name>.debug_info</name>
         <load_address>0xc623</load_address>
         <run_address>0xc623</run_address>
         <size>0x133</size>
         <input_file_ref idref="fl-ce"/>
      </object_component>
      <object_component id="oc-145">
         <name>.debug_info</name>
         <load_address>0xc756</load_address>
         <run_address>0xc756</run_address>
         <size>0x133</size>
         <input_file_ref idref="fl-cf"/>
      </object_component>
      <object_component id="oc-150">
         <name>.debug_info</name>
         <load_address>0xc889</load_address>
         <run_address>0xc889</run_address>
         <size>0x137</size>
         <input_file_ref idref="fl-d0"/>
      </object_component>
      <object_component id="oc-17a">
         <name>.debug_info</name>
         <load_address>0xc9c0</load_address>
         <run_address>0xc9c0</run_address>
         <size>0x133</size>
         <input_file_ref idref="fl-d1"/>
      </object_component>
      <object_component id="oc-175">
         <name>.debug_info</name>
         <load_address>0xcaf3</load_address>
         <run_address>0xcaf3</run_address>
         <size>0x133</size>
         <input_file_ref idref="fl-d2"/>
      </object_component>
      <object_component id="oc-141">
         <name>.debug_info</name>
         <load_address>0xcc26</load_address>
         <run_address>0xcc26</run_address>
         <size>0x125</size>
         <input_file_ref idref="fl-d3"/>
      </object_component>
      <object_component id="oc-2d7">
         <name>.debug_info</name>
         <load_address>0xcd4b</load_address>
         <run_address>0xcd4b</run_address>
         <size>0x127</size>
         <input_file_ref idref="fl-d4"/>
      </object_component>
      <object_component id="oc-2dc">
         <name>.debug_info</name>
         <load_address>0xce72</load_address>
         <run_address>0xce72</run_address>
         <size>0x139</size>
         <input_file_ref idref="fl-d5"/>
      </object_component>
      <object_component id="oc-38">
         <name>.debug_info</name>
         <load_address>0xcfab</load_address>
         <run_address>0xcfab</run_address>
         <size>0x112</size>
         <input_file_ref idref="fl-d6"/>
      </object_component>
      <object_component id="oc-455">
         <name>.debug_info</name>
         <load_address>0xd0bd</load_address>
         <run_address>0xd0bd</run_address>
         <size>0x12d</size>
         <input_file_ref idref="fl-d7"/>
      </object_component>
      <object_component id="oc-31b">
         <name>.debug_info</name>
         <load_address>0xd1ea</load_address>
         <run_address>0xd1ea</run_address>
         <size>0x1ac</size>
         <input_file_ref idref="fl-d7"/>
      </object_component>
      <object_component id="oc-7f">
         <name>.debug_info</name>
         <load_address>0xd396</load_address>
         <run_address>0xd396</run_address>
         <size>0x223</size>
         <input_file_ref idref="fl-d8"/>
      </object_component>
      <object_component id="oc-2b">
         <name>.debug_info</name>
         <load_address>0xd5b9</load_address>
         <run_address>0xd5b9</run_address>
         <size>0x102</size>
         <input_file_ref idref="fl-d8"/>
      </object_component>
      <object_component id="oc-457">
         <name>.debug_info</name>
         <load_address>0xd6bb</load_address>
         <run_address>0xd6bb</run_address>
         <size>0x14d</size>
         <input_file_ref idref="fl-d8"/>
      </object_component>
      <object_component id="oc-320">
         <name>.debug_info</name>
         <load_address>0xd808</load_address>
         <run_address>0xd808</run_address>
         <size>0x88c</size>
         <input_file_ref idref="fl-d8"/>
      </object_component>
      <object_component id="oc-c1">
         <name>.debug_info</name>
         <load_address>0xe094</load_address>
         <run_address>0xe094</run_address>
         <size>0x2c</size>
         <input_file_ref idref="fl-d8"/>
      </object_component>
      <object_component id="oc-c6">
         <name>.debug_info</name>
         <load_address>0xe0c0</load_address>
         <run_address>0xe0c0</run_address>
         <size>0x62</size>
         <input_file_ref idref="fl-d8"/>
      </object_component>
      <object_component id="oc-50">
         <name>.debug_info</name>
         <load_address>0xe122</load_address>
         <run_address>0xe122</run_address>
         <size>0x140</size>
         <input_file_ref idref="fl-d9"/>
      </object_component>
      <object_component id="oc-5e">
         <name>.debug_info</name>
         <load_address>0xe262</load_address>
         <run_address>0xe262</run_address>
         <size>0x139</size>
         <input_file_ref idref="fl-da"/>
      </object_component>
      <object_component id="oc-62">
         <name>.debug_info</name>
         <load_address>0xe39b</load_address>
         <run_address>0xe39b</run_address>
         <size>0x149</size>
         <input_file_ref idref="fl-db"/>
      </object_component>
      <object_component id="oc-2e9">
         <name>.debug_info</name>
         <load_address>0xe4e4</load_address>
         <run_address>0xe4e4</run_address>
         <size>0x1bc</size>
         <input_file_ref idref="fl-dc"/>
      </object_component>
      <object_component id="oc-192">
         <name>.debug_info</name>
         <load_address>0xe6a0</load_address>
         <run_address>0xe6a0</run_address>
         <size>0x2e5</size>
         <input_file_ref idref="fl-dc"/>
      </object_component>
      <object_component id="oc-42e">
         <name>.debug_info</name>
         <load_address>0xe985</load_address>
         <run_address>0xe985</run_address>
         <size>0x2c</size>
         <input_file_ref idref="fl-dc"/>
      </object_component>
      <object_component id="oc-7a">
         <name>.debug_info</name>
         <load_address>0xe9b1</load_address>
         <run_address>0xe9b1</run_address>
         <size>0x10a</size>
         <input_file_ref idref="fl-dd"/>
      </object_component>
      <object_component id="oc-453">
         <name>.debug_info</name>
         <load_address>0xeabb</load_address>
         <run_address>0xeabb</run_address>
         <size>0xeb</size>
         <input_file_ref idref="fl-de"/>
      </object_component>
      <object_component id="oc-314">
         <name>.debug_info</name>
         <load_address>0xeba6</load_address>
         <run_address>0xeba6</run_address>
         <size>0x22b</size>
         <input_file_ref idref="fl-de"/>
      </object_component>
      <object_component id="oc-13d">
         <name>.debug_info</name>
         <load_address>0xedd1</load_address>
         <run_address>0xedd1</run_address>
         <size>0x124</size>
         <input_file_ref idref="fl-df"/>
      </object_component>
      <object_component id="oc-44a">
         <name>.debug_info</name>
         <load_address>0xeef5</load_address>
[...]
         <object_component_ref idref="oc-31f"/>
      </symbol>
      <symbol id="sm-4fd">
         <name>calloc</name>
         <value>0x20007a11</value>
         <object_component_ref idref="oc-31f"/>
      </symbol>
      <symbol id="sm-4fe">
         <name>malloc</name>
         <value>0x200076f7</value>
         <object_component_ref idref="oc-31f"/>
      </symbol>
      <symbol id="sm-4ff">
         <name>minit</name>
         <value>0x20007669</value>
         <object_component_ref idref="oc-31f"/>
      </symbol>
      <symbol id="sm-50e">
         <name>__aeabi_memset</name>
         <value>0x200094e7</value>
         <object_component_ref idref="oc-4f"/>
      </symbol>
      <symbol id="sm-50f">
         <name>memset</name>
         <value>0x200094ed</value>
         <object_component_ref idref="oc-4f"/>
      </symbol>
      <symbol id="sm-510">
         <name>__aeabi_memset8</name>
         <value>0x200094e7</value>
         <object_component_ref idref="oc-4f"/>
      </symbol>
      <symbol id="sm-511">
         <name>__aeabi_memset4</name>
         <value>0x200094e7</value>
         <object_component_ref idref="oc-4f"/>
      </symbol>
      <symbol id="sm-512">
         <name>__aeabi_memclr8</name>
         <value>0x200094e5</value>
         <object_component_ref idref="oc-4f"/>
      </symbol>
      <symbol id="sm-513">
         <name>__aeabi_memclr4</name>
         <value>0x200094e5</value>
         <object_component_ref idref="oc-4f"/>
      </symbol>
      <symbol id="sm-514">
         <name>__aeabi_memclr</name>
         <value>0x200094e5</value>
         <object_component_ref idref="oc-4f"/>
      </symbol>
      <symbol id="sm-51e">
         <name>__mpu_init</name>
         <value>0x20009147</value>
         <object_component_ref idref="oc-5b"/>
      </symbol>
      <symbol id="sm-528">
         <name>_system_pre_init</name>
         <value>0x2000a4e5</value>
         <object_component_ref idref="oc-61"/>
      </symbol>
      <symbol id="sm-541">
         <name>sprintf</name>
         <value>0x200097f5</value>
         <object_component_ref idref="oc-190"/>
      </symbol>
      <symbol id="sm-549">
         <name>main_func_sp</name>
         <value>0x2001b8bc</value>
         <object_component_ref idref="oc-79"/>
      </symbol>
      <symbol id="sm-557">
         <name>strlen</name>
         <value>0x2000a441</value>
         <object_component_ref idref="oc-313"/>
      </symbol>
      <symbol id="sm-562">
         <name>__aeabi_ui2f</name>
         <value>0x20009ffd</value>
         <object_component_ref idref="oc-13a"/>
      </symbol>
      <symbol id="sm-57e">
         <name>vsnprintf</name>
         <value>0x200091d1</value>
         <object_component_ref idref="oc-301"/>
      </symbol>
      <symbol id="sm-597">
         <name>_nop</name>
         <value>0x2000a43b</value>
         <object_component_ref idref="oc-1c1"/>
      </symbol>
      <symbol id="sm-598">
         <name>_lock</name>
         <value>0x2001b8a0</value>
         <object_component_ref idref="oc-b7"/>
      </symbol>
      <symbol id="sm-599">
         <name>_unlock</name>
         <value>0x2001b8a4</value>
         <object_component_ref idref="oc-b7"/>
      </symbol>
      <symbol id="sm-59a">
         <name>_register_lock</name>
         <value>0x2000a433</value>
         <object_component_ref idref="oc-1c1"/>
      </symbol>
      <symbol id="sm-59b">
         <name>_register_unlock</name>
         <value>0x2000a42d</value>
         <object_component_ref idref="oc-1c1"/>
      </symbol>
      <symbol id="sm-6a2">
         <name>__TI_printfi</name>
         <value>0x200051f7</value>
         <object_component_ref idref="oc-2e2"/>
      </symbol>
      <symbol id="sm-6b6">
         <name>_args_main</name>
         <value>0x2000a32d</value>
         <object_component_ref idref="oc-6d"/>
      </symbol>
      <symbol id="sm-6cc">
         <name>atoi</name>
         <value>0x20009ac1</value>
         <object_component_ref idref="oc-421"/>
      </symbol>
      <symbol id="sm-6f1">
         <name>__TI_auto_init</name>
         <value>0x20009645</value>
         <object_component_ref idref="oc-67"/>
      </symbol>
      <symbol id="sm-70b">
         <name>copy_in</name>
         <value>0x20009b0d</value>
         <object_component_ref idref="oc-9e"/>
      </symbol>
      <symbol id="sm-716">
         <name>_ctypes_</name>
         <value>0x2000b1a4</value>
         <object_component_ref idref="oc-4b4"/>
      </symbol>
      <symbol id="sm-738">
         <name>__aeabi_cdcmpeq</name>
         <value>0x20009259</value>
         <object_component_ref idref="oc-3ef"/>
      </symbol>
      <symbol id="sm-739">
         <name>__aeabi_cdcmple</name>
         <value>0x20009259</value>
         <object_component_ref idref="oc-3ef"/>
      </symbol>
      <symbol id="sm-73a">
         <name>__aeabi_cdrcmple</name>
         <value>0x200092df</value>
         <object_component_ref idref="oc-3f4"/>
      </symbol>
      <symbol id="sm-744">
         <name>__aeabi_d2iz</name>
         <value>0x20009ba1</value>
         <object_component_ref idref="oc-3f9"/>
      </symbol>
      <symbol id="sm-74e">
         <name>__aeabi_idiv0</name>
         <value>0x20008bfb</value>
         <object_component_ref idref="oc-3e1"/>
      </symbol>
      <symbol id="sm-758">
         <name>__aeabi_i2d</name>
         <value>0x20009e61</value>
         <object_component_ref idref="oc-404"/>
      </symbol>
      <symbol id="sm-767">
         <name>ltoa</name>
         <value>0x200099c1</value>
         <object_component_ref idref="oc-3fe"/>
      </symbol>
      <symbol id="sm-777">
         <name>memccpy</name>
         <value>0x2000a24b</value>
         <object_component_ref idref="oc-41b"/>
      </symbol>
      <symbol id="sm-790">
         <name>frexpl</name>
         <value>0x200098b5</value>
         <object_component_ref idref="oc-409"/>
      </symbol>
      <symbol id="sm-791">
         <name>frexp</name>
         <value>0x200098b5</value>
         <object_component_ref idref="oc-409"/>
      </symbol>
      <symbol id="sm-7af">
         <name>scalbn</name>
         <value>0x20008bfd</value>
         <object_component_ref idref="oc-40f"/>
      </symbol>
      <symbol id="sm-7b0">
         <name>scalbnl</name>
         <value>0x20008bfd</value>
         <object_component_ref idref="oc-40f"/>
      </symbol>
      <symbol id="sm-7b1">
         <name>ldexpl</name>
         <value>0x20008bfd</value>
         <object_component_ref idref="oc-40f"/>
      </symbol>
      <symbol id="sm-7b2">
         <name>ldexp</name>
         <value>0x20008bfd</value>
         <object_component_ref idref="oc-40f"/>
      </symbol>
      <symbol id="sm-7bc">
         <name>_system_post_cinit</name>
         <value>0x200098b3</value>
         <object_component_ref idref="oc-a4"/>
      </symbol>
      <symbol id="sm-7cc">
         <name>strchr</name>
         <value>0x2000a3b3</value>
         <object_component_ref idref="oc-415"/>
      </symbol>
      <symbol id="sm-7e8">
         <name>__aeabi_uldivmod</name>
         <value>0x2000830d</value>
         <object_component_ref idref="oc-3ea"/>
      </symbol>
      <symbol id="sm-7f0">
         <name>errno</name>
         <value>0x2001b8b8</value>
         <object_component_ref idref="oc-4ab"/>
      </symbol>
      <symbol id="sm-7fa">
         <name>copysign</name>
         <value>0x2000a4d1</value>
         <object_component_ref idref="oc-4a5"/>
      </symbol>
      <symbol id="sm-7fb">
         <name>copysignl</name>
         <value>0x2000a4d1</value>
         <object_component_ref idref="oc-4a5"/>
      </symbol>
      <symbol id="sm-83d">
         <name>ADCChannelDisable</name>
         <value>0x20009ce9</value>
         <object_component_ref idref="oc-134"/>
      </symbol>
      <symbol id="sm-83e">
         <name>ADCFIFOLvlGet</name>
         <value>0x2000a1db</value>
         <object_component_ref idref="oc-128"/>
      </symbol>
      <symbol id="sm-83f">
         <name>ADCChannelEnable</name>
         <value>0x20009d21</value>
         <object_component_ref idref="oc-122"/>
      </symbol>
      <symbol id="sm-840">
         <name>ADCTimerEnable</name>
         <value>0x2000a345</value>
         <object_component_ref idref="oc-15f"/>
      </symbol>
      <symbol id="sm-841">
         <name>ADCTimerConfig</name>
         <value>0x2000a021</value>
         <object_component_ref idref="oc-159"/>
      </symbol>
      <symbol id="sm-842">
         <name>ADCEnable</name>
         <value>0x2000a3c9</value>
         <object_component_ref idref="oc-165"/>
      </symbol>
      <symbol id="sm-843">
         <name>ADCFIFORead</name>
         <value>0x2000a2b5</value>
         <object_component_ref idref="oc-12e"/>
      </symbol>
      <symbol id="sm-89b">
         <name>GPIOIntRegister</name>
         <value>0x2000a109</value>
         <object_component_ref idref="oc-110"/>
      </symbol>
      <symbol id="sm-89c">
         <name>GPIOIntEnable</name>
         <value>0x2000a267</value>
         <object_component_ref idref="oc-11c"/>
      </symbol>
      <symbol id="sm-89d">
         <name>GPIOIntTypeSet</name>
         <value>0x200093e9</value>
         <object_component_ref idref="oc-104"/>
      </symbol>
      <symbol id="sm-89e">
         <name>GPIOIntClear</name>
         <value>0x2000a3f1</value>
         <object_component_ref idref="oc-fe"/>
      </symbol>
      <symbol id="sm-89f">
         <name>GPIOIntStatus</name>
         <value>0x2000a043</value>
         <object_component_ref idref="oc-f8"/>
      </symbol>
      <symbol id="sm-8a0">
         <name>GPIODirModeSet</name>
         <value>0x20009dc9</value>
         <object_component_ref idref="oc-336"/>
      </symbol>
      <symbol id="sm-8a1">
         <name>GPIOPinWrite</name>
         <value>0x2000a0a9</value>
         <object_component_ref idref="oc-34f"/>
      </symbol>
      <symbol id="sm-901">
         <name>I2CMasterDataPut</name>
         <value>0x2000a35b</value>
         <object_component_ref idref="oc-2af"/>
      </symbol>
      <symbol id="sm-902">
         <name>I2CMasterInitExpClk</name>
         <value>0x20009365</value>
         <object_component_ref idref="oc-2bb"/>
      </symbol>
      <symbol id="sm-903">
         <name>I2CMasterIntClearEx</name>
         <value>0x2000a467</value>
         <object_component_ref idref="oc-291"/>
      </symbol>
      <symbol id="sm-904">
         <name>I2CMasterSlaveAddrSet</name>
         <value>0x2000a065</value>
         <object_component_ref idref="oc-2a9"/>
      </symbol>
      <symbol id="sm-905">
         <name>I2CMasterDataGet</name>
         <value>0x2000a49d</value>
         <object_component_ref idref="oc-2b5"/>
      </symbol>
      <symbol id="sm-906">
         <name>I2CMasterErr</name>
         <value>0x20009e8f</value>
         <object_component_ref idref="oc-2a3"/>
      </symbol>
      <symbol id="sm-907">
         <name>I2CMasterTimeoutSet</name>
         <value>0x2000a479</value>
         <object_component_ref idref="oc-297"/>
      </symbol>
      <symbol id="sm-908">
         <name>I2CMasterControl</name>
         <value>0x2000a455</value>
         <object_component_ref idref="oc-29d"/>
      </symbol>
      <symbol id="sm-909">
         <name>I2CMasterEnable</name>
         <value>0x2000a371</value>
         <object_component_ref idref="oc-3c1"/>
      </symbol>
      <symbol id="sm-90a">
         <name>I2CMasterIntStatusEx</name>
         <value>0x2000a127</value>
         <object_component_ref idref="oc-28b"/>
      </symbol>
      <symbol id="sm-990">
         <name>IntPendClear</name>
         <value>0x20009911</value>
         <object_component_ref idref="oc-116"/>
      </symbol>
      <symbol id="sm-991">
         <name>IntPrioritySet</name>
         <value>0x20009a19</value>
         <object_component_ref idref="oc-10a"/>
      </symbol>
      <symbol id="sm-992">
         <name>IntVTableBaseSet</name>
         <value>0x2000a405</value>
         <object_component_ref idref="oc-da"/>
      </symbol>
      <symbol id="sm-993">
         <name>IntEnable</name>
         <value>0x20008e3d</value>
         <object_component_ref idref="oc-e6"/>
      </symbol>
      <symbol id="sm-994">
         <name>IntDisable</name>
         <value>0x20008d95</value>
         <object_component_ref idref="oc-39f"/>
      </symbol>
      <symbol id="sm-995">
         <name>IntRegister</name>
         <value>0x2000a0c9</value>
         <object_component_ref idref="oc-261"/>
      </symbol>
      <symbol id="sm-996">
         <name>IntUnregister</name>
         <value>0x20009f91</value>
         <object_component_ref idref="oc-3a5"/>
      </symbol>
      <symbol id="sm-997">
         <name>IntMasterEnable</name>
         <value>0x2000a4c7</value>
         <object_component_ref idref="oc-e0"/>
      </symbol>
      <symbol id="sm-9e6">
         <name>PinTypeI2C</name>
         <value>0x2000a1f7</value>
         <object_component_ref idref="oc-348"/>
      </symbol>
      <symbol id="sm-9e7">
         <name>PinTypeUART</name>
         <value>0x2000a29b</value>
         <object_component_ref idref="oc-33c"/>
      </symbol>
      <symbol id="sm-9e8">
         <name>PinTypeADC</name>
         <value>0x2000a419</value>
         <object_component_ref idref="oc-153"/>
      </symbol>
      <symbol id="sm-9e9">
         <name>PinTypeGPIO</name>
         <value>0x20009dff</value>
         <object_component_ref idref="oc-330"/>
      </symbol>
      <symbol id="sm-9ea">
         <name>PinConfigSet</name>
         <value>0x20009149</value>
         <object_component_ref idref="oc-274"/>
      </symbol>
      <symbol id="sm-9eb">
         <name>PinTypeSPI</name>
         <value>0x2000a281</value>
         <object_component_ref idref="oc-342"/>
      </symbol>
      <symbol id="sm-9ec">
         <name>PinModeSet</name>
         <value>0x20009c2d</value>
         <object_component_ref idref="oc-45e"/>
      </symbol>
      <symbol id="sm-a72">
         <name>PRCMPeripheralReset</name>
         <value>0x20009969</value>
         <object_component_ref idref="oc-1fd"/>
      </symbol>
      <symbol id="sm-a73">
         <name>PRCMPeripheralClkEnable</name>
         <value>0x20009cad</value>
         <object_component_ref idref="oc-1f7"/>
      </symbol>
      <symbol id="sm-a74">
         <name>PRCMPeripheralClockGet</name>
         <value>0x20009021</value>
         <object_component_ref idref="oc-2ef"/>
      </symbol>
      <symbol id="sm-a75">
         <name>PRCMCC3200MCUInit</name>
         <value>0x20008851</value>
         <object_component_ref idref="oc-ec"/>
      </symbol>
      <symbol id="sm-a76">
         <name>PRCMHIBRegWrite</name>
         <value>0x2000a39d</value>
         <object_component_ref idref="oc-1f1"/>
      </symbol>
      <symbol id="sm-a77">
         <name>PRCMSysResetCauseGet</name>
         <value>0x20009ebd</value>
         <object_component_ref idref="oc-1e5"/>
      </symbol>
      <symbol id="sm-a78">
         <name>PRCMPeripheralClkDisable</name>
         <value>0x20009f69</value>
         <object_component_ref idref="oc-203"/>
      </symbol>
      <symbol id="sm-a79">
         <name>PRCMHIBRegRead</name>
         <value>0x2000a387</value>
         <object_component_ref idref="oc-1eb"/>
      </symbol>
      <symbol id="sm-ab8">
         <name>SPIDataGetNonBlocking</name>
         <value>0x20009ee9</value>
         <object_component_ref idref="oc-3ce"/>
      </symbol>
      <symbol id="sm-ab9">
         <name>SPIDataPut</name>
         <value>0x2000a145</value>
         <object_component_ref idref="oc-367"/>
      </symbol>
      <symbol id="sm-aba">
         <name>SPIEnable</name>
         <value>0x2000a2cd</value>
         <object_component_ref idref="oc-361"/>
      </symbol>
      <symbol id="sm-abb">
         <name>SPIDataGet</name>
         <value>0x2000a0e9</value>
         <object_component_ref idref="oc-36d"/>
      </symbol>
      <symbol id="sm-abc">
         <name>SPIConfigSetExpClk</name>
         <value>0x20008ee5</value>
         <object_component_ref idref="oc-35b"/>
      </symbol>
      <symbol id="sm-abd">
         <name>SPIReset</name>
         <value>0x2000a087</value>
         <object_component_ref idref="oc-355"/>
      </symbol>
      <symbol id="sm-b41">
         <name>TimerLoadSet</name>
         <value>0x20009f13</value>
         <object_component_ref idref="oc-22e"/>
      </symbol>
      <symbol id="sm-b42">
         <name>TimerDisable</name>
         <value>0x2000a163</value>
         <object_component_ref idref="oc-23a"/>
      </symbol>
      <symbol id="sm-b43">
         <name>TimerIntRegister</name>
         <value>0x200095d5</value>
         <object_component_ref idref="oc-216"/>
      </symbol>
      <symbol id="sm-b44">
         <name>TimerEnable</name>
         <value>0x2000a181</value>
         <object_component_ref idref="oc-234"/>
      </symbol>
      <symbol id="sm-b45">
         <name>TimerIntUnregister</name>
         <value>0x2000978d</value>
         <object_component_ref idref="oc-246"/>
      </symbol>
      <symbol id="sm-b46">
         <name>TimerIntStatus</name>
         <value>0x2000a19f</value>
         <object_component_ref idref="oc-222"/>
      </symbol>
      <symbol id="sm-b47">
         <name>TimerIntDisable</name>
         <value>0x2000a2e5</value>
         <object_component_ref idref="oc-240"/>
      </symbol>
      <symbol id="sm-b48">
         <name>TimerValueGet</name>
         <value>0x2000a213</value>
         <object_component_ref idref="oc-24c"/>
      </symbol>
      <symbol id="sm-b49">
         <name>TimerPrescaleSet</name>
         <value>0x20009f3d</value>
         <object_component_ref idref="oc-210"/>
      </symbol>
      <symbol id="sm-b4a">
         <name>TimerIntEnable</name>
         <value>0x2000a2fd</value>
         <object_component_ref idref="oc-21c"/>
      </symbol>
      <symbol id="sm-b4b">
         <name>TimerConfigure</name>
         <value>0x20009be9</value>
         <object_component_ref idref="oc-20a"/>
      </symbol>
      <symbol id="sm-b4c">
         <name>TimerIntClear</name>
         <value>0x2000a48b</value>
         <object_component_ref idref="oc-228"/>
      </symbol>
      <symbol id="sm-b88">
         <name>UARTConfigSetExpClk</name>
         <value>0x2000955f</value>
         <object_component_ref idref="oc-2f5"/>
      </symbol>
      <symbol id="sm-b89">
         <name>UARTDisable</name>
         <value>0x20009e31</value>
         <object_component_ref idref="oc-43b"/>
      </symbol>
      <symbol id="sm-b8a">
         <name>UARTCharsAvail</name>
         <value>0x2000a315</value>
         <object_component_ref idref="oc-307"/>
      </symbol>
      <symbol id="sm-b8b">
         <name>UARTCharGetNonBlocking</name>
         <value>0x2000a22f</value>
         <object_component_ref idref="oc-30d"/>
      </symbol>
      <symbol id="sm-b8c">
         <name>UARTCharPut</name>
         <value>0x2000a1bd</value>
         <object_component_ref idref="oc-2fb"/>
      </symbol>
      <symbol id="sm-b8d">
         <name>UARTEnable</name>
         <value>0x20009fb5</value>
         <object_component_ref idref="oc-441"/>
      </symbol>
      <symbol id="sm-b91">
         <name>UtilsDelay</name>
         <value>0x2000a4d9</value>
         <object_component_ref idref="oc-1af"/>
      </symbol>
      <symbol id="sm-b9b">
         <name>CPUcpsie</name>
         <value>0x2000a3dd</value>
         <object_component_ref idref="oc-1d5"/>
      </symbol>
      <symbol id="sm-b9d">
         <name>__TI_static_base__</name>
         <value>0x2000b5a8</value>
      </symbol>
      <symbol id="sm-ba0">
         <name>SHT$$INIT_ARRAY$$Limit</name>
         <value>0x0</value>
      </symbol>
      <symbol id="sm-ba1">
         <name>SHT$$INIT_ARRAY$$Base</name>
         <value>0x0</value>
      </symbol>
   </symbol_table>
   <title>Link successful</title>
</link_info>
